Archive member included to satisfy reference by file (symbol)

C:\Users\nicoc\Documents\Electronica Digital III\LPCXpresso\LPCXpresso_8.2.2_650\workspace2\CMSISv2p00_LPC17xx\Debug\libCMSISv2p00_LPC17xx.a(system_LPC17xx.o)
                              ./src/cr_startup_lpc175x_6x.o (SystemInit)
C:\Users\nicoc\Documents\Electronica Digital III\LPCXpresso\LPCXpresso_8.2.2_650\workspace2\CMSISv2p00_LPC17xx\Debug\libCMSISv2p00_LPC17xx.a(lpc17xx_adc.o)
                              ./src/Pesaje.o (ADC_Init)
C:\Users\nicoc\Documents\Electronica Digital III\LPCXpresso\LPCXpresso_8.2.2_650\workspace2\CMSISv2p00_LPC17xx\Debug\libCMSISv2p00_LPC17xx.a(lpc17xx_clkpwr.o)
                              C:\Users\nicoc\Documents\Electronica Digital III\LPCXpresso\LPCXpresso_8.2.2_650\workspace2\CMSISv2p00_LPC17xx\Debug\libCMSISv2p00_LPC17xx.a(lpc17xx_adc.o) (CLKPWR_GetPCLK)
C:\Users\nicoc\Documents\Electronica Digital III\LPCXpresso\LPCXpresso_8.2.2_650\workspace2\CMSISv2p00_LPC17xx\Debug\libCMSISv2p00_LPC17xx.a(lpc17xx_gpio.o)
                              ./src/TP_Final_0.0.1.o (GPIO_SetDir)
C:\Users\nicoc\Documents\Electronica Digital III\LPCXpresso\LPCXpresso_8.2.2_650\workspace2\CMSISv2p00_LPC17xx\Debug\libCMSISv2p00_LPC17xx.a(lpc17xx_libcfg_default.o)
                              C:\Users\nicoc\Documents\Electronica Digital III\LPCXpresso\LPCXpresso_8.2.2_650\workspace2\CMSISv2p00_LPC17xx\Debug\libCMSISv2p00_LPC17xx.a(lpc17xx_adc.o) (check_failed)
C:\Users\nicoc\Documents\Electronica Digital III\LPCXpresso\LPCXpresso_8.2.2_650\workspace2\CMSISv2p00_LPC17xx\Debug\libCMSISv2p00_LPC17xx.a(lpc17xx_pinsel.o)
                              ./src/Pesaje.o (PINSEL_ConfigPin)
C:\Users\nicoc\Documents\Electronica Digital III\LPCXpresso\LPCXpresso_8.2.2_650\workspace2\CMSISv2p00_LPC17xx\Debug\libCMSISv2p00_LPC17xx.a(lpc17xx_systick.o)
                              ./src/Multiplex.o (SYSTICK_InternalInit)
C:\Users\nicoc\Documents\Electronica Digital III\LPCXpresso\LPCXpresso_8.2.2_650\workspace2\CMSISv2p00_LPC17xx\Debug\libCMSISv2p00_LPC17xx.a(lpc17xx_timer.o)
                              ./src/Pesaje.o (TIM_ClearIntPending)
C:\Users\nicoc\Documents\Electronica Digital III\LPCXpresso\LPCXpresso_8.2.2_650\workspace2\CMSISv2p00_LPC17xx\Debug\libCMSISv2p00_LPC17xx.a(lpc17xx_uart.o)
                              ./src/TP_Final_0.0.1.o (UART_Init)
c:/nxp/lpcxpresso_8.2.2_650/lpcxpresso/tools/bin/../lib/gcc/arm-none-eabi/5.4.1/../../../../arm-none-eabi/lib/armv7-m\libcr_c.a(__weak__main.o)
                              ./src/cr_startup_lpc175x_6x.o (__main)
c:/nxp/lpcxpresso_8.2.2_650/lpcxpresso/tools/bin/../lib/gcc/arm-none-eabi/5.4.1/armv7-m\libcr_eabihelpers.a(division_64.o)
                              C:\Users\nicoc\Documents\Electronica Digital III\LPCXpresso\LPCXpresso_8.2.2_650\workspace2\CMSISv2p00_LPC17xx\Debug\libCMSISv2p00_LPC17xx.a(system_LPC17xx.o) (__aeabi_uldivmod)
c:/nxp/lpcxpresso_8.2.2_650/lpcxpresso/tools/bin/../lib/gcc/arm-none-eabi/5.4.1/armv7-m\libcr_eabihelpers.a(division_idiv0.o)
                              c:/nxp/lpcxpresso_8.2.2_650/lpcxpresso/tools/bin/../lib/gcc/arm-none-eabi/5.4.1/armv7-m\libcr_eabihelpers.a(division_64.o) (__aeabi_idiv0)
c:/nxp/lpcxpresso_8.2.2_650/lpcxpresso/tools/bin/../lib/gcc/arm-none-eabi/5.4.1/armv7-m\libcr_eabihelpers.a(float.o)
                              C:\Users\nicoc\Documents\Electronica Digital III\LPCXpresso\LPCXpresso_8.2.2_650\workspace2\CMSISv2p00_LPC17xx\Debug\libCMSISv2p00_LPC17xx.a(lpc17xx_systick.o) (__aeabi_ui2f)

Discarded input sections

 .group         0x00000000        0x8 ./src/Multiplex.o
 .group         0x00000000        0x8 ./src/Multiplex.o
 .group         0x00000000        0x8 ./src/Multiplex.o
 .group         0x00000000        0x8 ./src/Multiplex.o
 .group         0x00000000        0x8 ./src/Multiplex.o
 .group         0x00000000        0x8 ./src/Multiplex.o
 .group         0x00000000        0x8 ./src/Multiplex.o
 .group         0x00000000        0x8 ./src/Multiplex.o
 .group         0x00000000        0x8 ./src/Multiplex.o
 .group         0x00000000        0x8 ./src/Multiplex.o
 .group         0x00000000        0x8 ./src/Multiplex.o
 .group         0x00000000        0x8 ./src/Multiplex.o
 .group         0x00000000        0x8 ./src/Multiplex.o
 .group         0x00000000        0x8 ./src/Multiplex.o
 .group         0x00000000        0x8 ./src/Multiplex.o
 .group         0x00000000        0x8 ./src/Multiplex.o
 .text          0x00000000        0x0 ./src/Multiplex.o
 .data          0x00000000        0x0 ./src/Multiplex.o
 .bss           0x00000000        0x0 ./src/Multiplex.o
 .bss.displayOff
                0x00000000        0x1 ./src/Multiplex.o
 .text.convert  0x00000000       0xe0 ./src/Multiplex.o
 .text.confSYSTICK
                0x00000000       0x24 ./src/Multiplex.o
 .group         0x00000000        0x8 ./src/Pesaje.o
 .group         0x00000000        0x8 ./src/Pesaje.o
[...]
Memory Configuration

Name             Origin             Length             Attributes
MFlash512        0x00000000         0x00080000         xr
RamLoc32         0x10000000         0x00008000         xrw
RamAHB32         0x2007c000         0x00008000         xrw
*default*        0x00000000         0xffffffff

Linker script and memory map

LOAD ./src/Multiplex.o
LOAD ./src/Pesaje.o
LOAD ./src/TP_Final_0.0.1.o
LOAD ./src/cr_startup_lpc175x_6x.o
LOAD ./src/crp.o
LOAD C:\Users\nicoc\Documents\Electronica Digital III\LPCXpresso\LPCXpresso_8.2.2_650\workspace2\CMSISv2p00_LPC17xx\Debug\libCMSISv2p00_LPC17xx.a
START GROUP
LOAD c:/nxp/lpcxpresso_8.2.2_650/lpcxpresso/tools/bin/../lib/gcc/arm-none-eabi/5.4.1/../../../../arm-none-eabi/lib/armv7-m\libcr_c.a
LOAD c:/nxp/lpcxpresso_8.2.2_650/lpcxpresso/tools/bin/../lib/gcc/arm-none-eabi/5.4.1/armv7-m\libcr_eabihelpers.a
END GROUP
                0x00000000                __base_MFlash512 = 0x0
                0x00000000                __base_Flash = 0x0
                0x00080000                __top_MFlash512 = 0x80000
                0x00080000                __top_Flash = 0x80000
                0x10000000                __base_RamLoc32 = 0x10000000
                0x10000000                __base_RAM = 0x10000000
                0x10008000                __top_RamLoc32 = 0x10008000
                0x10008000                __top_RAM = 0x10008000
                0x2007c000                __base_RamAHB32 = 0x2007c000
                0x2007c000                __base_RAM2 = 0x2007c000
                0x20084000                __top_RamAHB32 = 0x20084000
                0x20084000                __top_RAM2 = 0x20084000

.text           0x00000000      0x734
 FILL mask 0xff
                0x00000000                __vectors_start__ = ABSOLUTE (.)
 *(.isr_vector)
 .isr_vector    0x00000000       0xcc ./src/cr_startup_lpc175x_6x.o
                0x00000000                g_pfnVectors
                0x000000cc                . = ALIGN (0x4)
                0x000000cc                __section_table_start = .
                0x000000cc                __data_section_table = .
                0x000000cc        0x4 LONG 0x734 LOADADDR (.data)
                0x000000d0        0x4 LONG 0x10000000 ADDR (.data)
                0x000000d4        0x4 LONG 0x2c SIZEOF (.data)
                0x000000d8        0x4 LONG 0x734 LOADADDR (.data_RAM2)
                0x000000dc        0x4 LONG 0x2007c000 ADDR (.data_RAM2)
                0x000000e0        0x4 LONG 0x0 SIZEOF (.data_RAM2)
                0x000000e4                __data_section_table_end = .
                0x000000e4                __bss_section_table = .
                0x000000e4        0x4 LONG 0x1000002c ADDR (.bss)
                0x000000e8        0x4 LONG 0x40 SIZEOF (.bss)
                0x000000ec        0x4 LONG 0x2007c000 ADDR (.bss_RAM2)
                0x000000f0        0x4 LONG 0x0 SIZEOF (.bss_RAM2)
                0x000000f4                __bss_section_table_end = .
                0x000000f4                __section_table_end = .
 *(.after_vectors*)
 .after_vectors
                0x000000f4      0x144 ./src/cr_startup_lpc175x_6x.o
                0x000000f4                data_init
                0x00000138                bss_init
                0x00000170                ResetISR
                0x000001e8                NMI_Handler
                0x000001f0                HardFault_Handler
                0x000001f8                MemManage_Handler
                0x00000200                BusFault_Handler
                0x00000208                UsageFault_Handler
                0x00000210                SVC_Handler
                0x00000218                DebugMon_Handler
                0x00000220                PendSV_Handler
                0x00000230                UART1_IRQHandler
                0x00000230                EINT3_IRQHandler
                0x00000230                CANActivity_IRQHandler
                0x00000230                TIMER3_IRQHandler
                0x00000230                USBActivity_IRQHandler
                0x00000230                EINT2_IRQHandler
                0x00000230                IntDefaultHandler
                0x00000230                PLL0_IRQHandler
                0x00000230                CAN_IRQHandler
                0x00000230                I2C0_IRQHandler
                0x00000230                SSP0_IRQHandler
                0x00000230                I2C1_IRQHandler
                0x00000230                I2C2_IRQHandler
                0x00000230                RTC_IRQHandler
                0x00000230                SPI_IRQHandler
                0x00000230                RIT_IRQHandler
                0x00000230                EINT1_IRQHandler
                0x00000230                TIMER1_IRQHandler
                0x00000230                UART2_IRQHandler
                0x00000230                ADC_IRQHandler
                0x00000230                SSP1_IRQHandler
                0x00000230                USB_IRQHandler
                0x00000230                BOD_IRQHandler
                0x00000230                PWM1_IRQHandler
                0x00000230                WDT_IRQHandler
                0x00000230                I2S_IRQHandler
                0x00000230                QEI_IRQHandler
                0x00000230                EINT0_IRQHandler
                0x00000230                PLL1_IRQHandler
                0x00000230                DMA_IRQHandler
                0x00000230                TIMER2_IRQHandler
                0x00000230                UART3_IRQHandler
                0x00000230                MCPWM_IRQHandler
                0x00000230                ENET_IRQHandler
 *(.text*)
 .text.display  0x00000238       0x8c ./src/Multiplex.o
                0x00000238                display
 .text.SysTick_Handler
                0x000002c4       0x58 ./src/Multiplex.o
                0x000002c4                SysTick_Handler
 .text.TIMER0_IRQHandler
                0x0000031c       0x64 ./src/Pesaje.o
                0x0000031c                TIMER0_IRQHandler
 .text.main     0x00000380       0x10 ./src/TP_Final_0.0.1.o
                0x00000380                main
 .text.UART0_IRQHandler
                0x00000390       0x30 ./src/TP_Final_0.0.1.o
                0x00000390                UART0_IRQHandler
 .text.UART_IntTransmit
                0x000003c0       0x5c ./src/TP_Final_0.0.1.o
                0x000003c0                UART_IntTransmit
 .text.SystemInit
                0x0000041c       0xe4 C:\Users\nicoc\Documents\Electronica Digital III\LPCXpresso\LPCXpresso_8.2.2_650\workspace2\CMSISv2p00_LPC17xx\Debug\libCMSISv2p00_LPC17xx.a(system_LPC17xx.o)
                0x0000041c                SystemInit
 .text.ADC_StartCmd
                0x00000500       0x3c C:\Users\nicoc\Documents\Electronica Digital III\LPCXpresso\LPCXpresso_8.2.2_650\workspace2\CMSISv2p00_LPC17xx\Debug\libCMSISv2p00_LPC17xx.a(lpc17xx_adc.o)
                0x00000500                ADC_StartCmd
 .text.ADC_ChannelCmd
                0x0000053c       0x3c C:\Users\nicoc\Documents\Electronica Digital III\LPCXpresso\LPCXpresso_8.2.2_650\workspace2\CMSISv2p00_LPC17xx\Debug\libCMSISv2p00_LPC17xx.a(lpc17xx_adc.o)
                0x0000053c                ADC_ChannelCmd
 .text.GPIO_SetValue
                0x00000578       0x14 C:\Users\nicoc\Documents\Electronica Digital III\LPCXpresso\LPCXpresso_8.2.2_650\workspace2\CMSISv2p00_LPC17xx\Debug\libCMSISv2p00_LPC17xx.a(lpc17xx_gpio.o)
                0x00000578                GPIO_SetValue
 .text.GPIO_ClearValue
                0x0000058c       0x14 C:\Users\nicoc\Documents\Electronica Digital III\LPCXpresso\LPCXpresso_8.2.2_650\workspace2\CMSISv2p00_LPC17xx\Debug\libCMSISv2p00_LPC17xx.a(lpc17xx_gpio.o)
                0x0000058c                GPIO_ClearValue
 .text.check_failed
                0x000005a0        0x2 C:\Users\nicoc\Documents\Electronica Digital III\LPCXpresso\LPCXpresso_8.2.2_650\workspace2\CMSISv2p00_LPC17xx\Debug\libCMSISv2p00_LPC17xx.a(lpc17xx_libcfg_default.o)
                0x000005a0                check_failed
 *fill*         0x000005a2        0x2 ff
 .text.TIM_ClearIntPending
                0x000005a4       0x4c C:\Users\nicoc\Documents\Electronica Digital III\LPCXpresso\LPCXpresso_8.2.2_650\workspace2\CMSISv2p00_LPC17xx\Debug\libCMSISv2p00_LPC17xx.a(lpc17xx_timer.o)
                0x000005a4                TIM_ClearIntPending
 .text.UART_ReceiveByte
                0x000005f0       0x3c C:\Users\nicoc\Documents\Electronica Digital III\LPCXpresso\LPCXpresso_8.2.2_650\workspace2\CMSISv2p00_LPC17xx\Debug\libCMSISv2p00_LPC17xx.a(lpc17xx_uart.o)
                0x000005f0                UART_ReceiveByte
 .text.UART_Receive
                0x0000062c       0x50 C:\Users\nicoc\Documents\Electronica Digital III\LPCXpresso\LPCXpresso_8.2.2_650\workspace2\CMSISv2p00_LPC17xx\Debug\libCMSISv2p00_LPC17xx.a(lpc17xx_uart.o)
                0x0000062c                UART_Receive
 .text.UART_GetIntId
                0x0000067c       0x40 C:\Users\nicoc\Documents\Electronica Digital III\LPCXpresso\LPCXpresso_8.2.2_650\workspace2\CMSISv2p00_LPC17xx\Debug\libCMSISv2p00_LPC17xx.a(lpc17xx_uart.o)
                0x0000067c                UART_GetIntId
 .text.__weak_main
                0x000006bc        0x4 c:/nxp/lpcxpresso_8.2.2_650/lpcxpresso/tools/bin/../lib/gcc/arm-none-eabi/5.4.1/../../../../arm-none-eabi/lib/armv7-m\libcr_c.a(__weak__main.o)
                0x000006bc                __weak_main
                0x000006bc                __main
 *(.rodata .rodata.* .constdata .constdata.*)
 .rodata.str1.1
                0x000006c0       0x1d C:\Users\nicoc\Documents\Electronica Digital III\LPCXpresso\LPCXpresso_8.2.2_650\workspace2\CMSISv2p00_LPC17xx\Debug\libCMSISv2p00_LPC17xx.a(lpc17xx_adc.o)
 *fill*         0x000006dd        0x3 ff
 .rodata.CSWTCH.9
                0x000006e0       0x14 C:\Users\nicoc\Documents\Electronica Digital III\LPCXpresso\LPCXpresso_8.2.2_650\workspace2\CMSISv2p00_LPC17xx\Debug\libCMSISv2p00_LPC17xx.a(lpc17xx_gpio.o)
 .rodata.str1.1
                0x000006f4       0x1f C:\Users\nicoc\Documents\Electronica Digital III\LPCXpresso\LPCXpresso_8.2.2_650\workspace2\CMSISv2p00_LPC17xx\Debug\libCMSISv2p00_LPC17xx.a(lpc17xx_timer.o)
 .rodata.str1.1
                0x00000713       0x1e C:\Users\nicoc\Documents\Electronica Digital III\LPCXpresso\LPCXpresso_8.2.2_650\workspace2\CMSISv2p00_LPC17xx\Debug\libCMSISv2p00_LPC17xx.a(lpc17xx_uart.o)
                0x00000734                . = ALIGN (0x4)
 *fill*         0x00000731        0x3 ff

.glue_7         0x00000734        0x0
 .glue_7        0x00000734        0x0 linker stubs

.glue_7t        0x00000734        0x0
 .glue_7t       0x00000734        0x0 linker stubs

.vfp11_veneer   0x00000734        0x0
 .vfp11_veneer  0x00000734        0x0 linker stubs

.v4_bx          0x00000734        0x0
 .v4_bx         0x00000734        0x0 linker stubs

.iplt           0x00000734        0x0
 .iplt          0x00000734        0x0 ./src/Multiplex.o

.rel.dyn        0x00000734        0x0
 .rel.iplt      0x00000734        0x0 ./src/Multiplex.o

.ARM.extab
 *(.ARM.extab* .gnu.linkonce.armextab.*)
                0x00000734                __exidx_start = .

.ARM.exidx
 *(.ARM.exidx* .gnu.linkonce.armexidx.*)
                0x00000734                __exidx_end = .
                0x00000734                _etext = .

.data_RAM2      0x2007c000        0x0 load address 0x00000734
 FILL mask 0xff
                [!provide]                PROVIDE (__start_data_RAM2, .)
 *(.ramfunc.$RAM2)
 *(.ramfunc.$RamAHB32)
 *(.data.$RAM2*)
 *(.data.$RamAHB32*)
                0x2007c000                . = ALIGN (0x4)
                [!provide]                PROVIDE (__end_data_RAM2, .)

.uninit_RESERVED
                0x10000000        0x0
 *(.bss.$RESERVED*)
                0x10000000                . = ALIGN (0x4)
                0x10000000                _end_uninit_RESERVED = .

.data           0x10000000       0x2c load address 0x00000734
 FILL mask 0xff
                0x10000000                _data = .
 *(vtable)
 *(.ramfunc*)
 *(.data*)
 .data.prender  0x10000000        0xa ./src/Multiplex.o
                0x10000000                prender
 *fill*         0x1000000a        0x2 ff
 .data.apagar   0x1000000c        0xa ./src/Multiplex.o
                0x1000000c                apagar
 *fill*         0x10000016        0x2 ff
 .data.disp.5533
                0x10000018        0x4 ./src/Multiplex.o
 .data.comando.5624
                0x1000001c       0x10 ./src/TP_Final_0.0.1.o
                0x1000002c                . = ALIGN (0x4)
                0x1000002c                _edata = .

.igot.plt       0x1000002c        0x0 load address 0x00000760
 .igot.plt      0x1000002c        0x0 ./src/Multiplex.o

.bss_RAM2       0x2007c000        0x0
                [!provide]                PROVIDE (__start_bss_RAM2, .)
 *(.bss.$RAM2*)
 *(.bss.$RamAHB32*)
                0x2007c000                . = ALIGN ((. != 0x0)?0x4:0x1)
                [!provide]                PROVIDE (__end_bss_RAM2, .)

.bss            0x1000002c       0x40
                0x1000002c                _bss = .
 *(.bss*)
 .bss.nums      0x1000002c       0x3c ./src/Multiplex.o
                0x1000002c                nums
 .bss.dig.5532  0x10000068        0x1 ./src/Multiplex.o
 .bss.channel.5612
                0x10000069        0x1 ./src/Pesaje.o
 *(COMMON)
                0x1000006c                . = ALIGN (0x4)
 *fill*         0x1000006a        0x2 
                0x1000006c                _ebss = .
                [!provide]                PROVIDE (end, .)

.noinit_RAM2    0x2007c000        0x0
 *(.noinit.$RAM2*)
 *(.noinit.$RamAHB32*)
                0x2007c000                . = ALIGN (0x4)

.noinit         0x1000006c        0x0
                0x1000006c                _noinit = .
 *(.noinit*)
                0x1000006c                . = ALIGN (0x4)
                0x1000006c                _end_noinit = .
                [!provide]                PROVIDE (_pvHeapStart, DEFINED (__user_heap_base)?__user_heap_base:.)
                0x10008000                PROVIDE (_vStackTop, DEFINED (__user_stack_top)?__user_stack_top:(__top_RamLoc32 - 0x0))
                0xefff74b2                PROVIDE (__valid_user_code_checksum, (0x0 - ((((((_vStackTop + (ResetISR + 0x1)) + (NMI_Handler + 0x1)) + (HardFault_Handler + 0x1)) + (DEFINED (MemManage_Handler)?MemManage_Handler:0x0 + 0x1)) + (DEFINED (BusFault_Handler)?BusFault_Handler:0x0 + 0x1)) + (DEFINED (UsageFault_Handler)?UsageFault_Handler:0x0 + 0x1))))
OUTPUT(TP_Final_0.0.1.axf elf32-littlearm)

.debug_info     0x00000000     0x5653
 .debug_info    0x00000000      0x281 ./src/Multiplex.o
 .debug_info    0x00000281      0x87c ./src/Pesaje.o
 .debug_info    0x00000afd      0x850 ./src/TP_Final_0.0.1.o
 .debug_info    0x0000134d      0x253 ./src/cr_startup_lpc175x_6x.o
 .debug_info    0x000015a0      0x318 C:\Users\nicoc\Documents\Electronica Digital III\LPCXpresso\LPCXpresso_8.2.2_650\workspace2\CMSISv2p00_LPC17xx\Debug\libCMSISv2p00_LPC17xx.a(system_LPC17xx.o)
 .debug_info    0x000018b8      0x83f C:\Users\nicoc\Documents\Electronica Digital III\LPCXpresso\LPCXpresso_8.2.2_650\workspace2\CMSISv2p00_LPC17xx\Debug\libCMSISv2p00_LPC17xx.a(lpc17xx_adc.o)
 .debug_info    0x000020f7      0xd6f C:\Users\nicoc\Documents\Electronica Digital III\LPCXpresso\LPCXpresso_8.2.2_650\workspace2\CMSISv2p00_LPC17xx\Debug\libCMSISv2p00_LPC17xx.a(lpc17xx_gpio.o)
 .debug_info    0x00002e66       0xc3 C:\Users\nicoc\Documents\Electronica Digital III\LPCXpresso\LPCXpresso_8.2.2_650\workspace2\CMSISv2p00_LPC17xx\Debug\libCMSISv2p00_LPC17xx.a(lpc17xx_libcfg_default.o)
 .debug_info    0x00002f29      0xb4c C:\Users\nicoc\Documents\Electronica Digital III\LPCXpresso\LPCXpresso_8.2.2_650\workspace2\CMSISv2p00_LPC17xx\Debug\libCMSISv2p00_LPC17xx.a(lpc17xx_timer.o)
 .debug_info    0x00003a75     0x1bde C:\Users\nicoc\Documents\Electronica Digital III\LPCXpresso\LPCXpresso_8.2.2_650\workspace2\CMSISv2p00_LPC17xx\Debug\libCMSISv2p00_LPC17xx.a(lpc17xx_uart.o)

.debug_abbrev   0x00000000     0x10fd
 .debug_abbrev  0x00000000      0x10f ./src/Multiplex.o
 .debug_abbrev  0x0000010f      0x1a5 ./src/Pesaje.o
 .debug_abbrev  0x000002b4      0x214 ./src/TP_Final_0.0.1.o
 .debug_abbrev  0x000004c8       0xf5 ./src/cr_startup_lpc175x_6x.o
 .debug_abbrev  0x000005bd       0xe6 C:\Users\nicoc\Documents\Electronica Digital III\LPCXpresso\LPCXpresso_8.2.2_650\workspace2\CMSISv2p00_LPC17xx\Debug\libCMSISv2p00_LPC17xx.a(system_LPC17xx.o)
 .debug_abbrev  0x000006a3      0x19d C:\Users\nicoc\Documents\Electronica Digital III\LPCXpresso\LPCXpresso_8.2.2_650\workspace2\CMSISv2p00_LPC17xx\Debug\libCMSISv2p00_LPC17xx.a(lpc17xx_adc.o)
 .debug_abbrev  0x00000840      0x234 C:\Users\nicoc\Documents\Electronica Digital III\LPCXpresso\LPCXpresso_8.2.2_650\workspace2\CMSISv2p00_LPC17xx\Debug\libCMSISv2p00_LPC17xx.a(lpc17xx_gpio.o)
 .debug_abbrev  0x00000a74       0x6f C:\Users\nicoc\Documents\Electronica Digital III\LPCXpresso\LPCXpresso_8.2.2_650\workspace2\CMSISv2p00_LPC17xx\Debug\libCMSISv2p00_LPC17xx.a(lpc17xx_libcfg_default.o)
 .debug_abbrev  0x00000ae3      0x2b0 C:\Users\nicoc\Documents\Electronica Digital III\LPCXpresso\LPCXpresso_8.2.2_650\workspace2\CMSISv2p00_LPC17xx\Debug\libCMSISv2p00_LPC17xx.a(lpc17xx_timer.o)
 .debug_abbrev  0x00000d93      0x36a C:\Users\nicoc\Documents\Electronica Digital III\LPCXpresso\LPCXpresso_8.2.2_650\workspace2\CMSISv2p00_LPC17xx\Debug\libCMSISv2p00_LPC17xx.a(lpc17xx_uart.o)

.debug_aranges  0x00000000      0x480
 .debug_aranges
                0x00000000       0x38 ./src/Multiplex.o
 .debug_aranges
                0x00000038       0x48 ./src/Pesaje.o
 .debug_aranges
                0x00000080       0x58 ./src/TP_Final_0.0.1.o
 .debug_aranges
                0x000000d8       0x80 ./src/cr_startup_lpc175x_6x.o
 .debug_aranges
                0x00000158       0x28 C:\Users\nicoc\Documents\Electronica Digital III\LPCXpresso\LPCXpresso_8.2.2_650\workspace2\CMSISv2p00_LPC17xx\Debug\libCMSISv2p00_LPC17xx.a(system_LPC17xx.o)
 .debug_aranges
                0x00000180       0x80 C:\Users\nicoc\Documents\Electronica Digital III\LPCXpresso\LPCXpresso_8.2.2_650\workspace2\CMSISv2p00_LPC17xx\Debug\libCMSISv2p00_LPC17xx.a(lpc17xx_adc.o)
 .debug_aranges
                0x00000200       0xe0 C:\Users\nicoc\Documents\Electronica Digital III\LPCXpresso\LPCXpresso_8.2.2_650\workspace2\CMSISv2p00_LPC17xx\Debug\libCMSISv2p00_LPC17xx.a(lpc17xx_gpio.o)
 .debug_aranges
                0x000002e0       0x20 C:\Users\nicoc\Documents\Electronica Digital III\LPCXpresso\LPCXpresso_8.2.2_650\workspace2\CMSISv2p00_LPC17xx\Debug\libCMSISv2p00_LPC17xx.a(lpc17xx_libcfg_default.o)
 .debug_aranges
                0x00000300       0x80 C:\Users\nicoc\Documents\Electronica Digital III\LPCXpresso\LPCXpresso_8.2.2_650\workspace2\CMSISv2p00_LPC17xx\Debug\libCMSISv2p00_LPC17xx.a(lpc17xx_timer.o)
 .debug_aranges
                0x00000380      0x100 C:\Users\nicoc\Documents\Electronica Digital III\LPCXpresso\LPCXpresso_8.2.2_650\workspace2\CMSISv2p00_LPC17xx\Debug\libCMSISv2p00_LPC17xx.a(lpc17xx_uart.o)

.debug_ranges   0x00000000      0x450
 .debug_ranges  0x00000000       0x28 ./src/Multiplex.o
 .debug_ranges  0x00000028       0x38 ./src/Pesaje.o
 .debug_ranges  0x00000060       0x60 ./src/TP_Final_0.0.1.o
 .debug_ranges  0x000000c0       0x70 ./src/cr_startup_lpc175x_6x.o
 .debug_ranges  0x00000130       0x18 C:\Users\nicoc\Documents\Electronica Digital III\LPCXpresso\LPCXpresso_8.2.2_650\workspace2\CMSISv2p00_LPC17xx\Debug\libCMSISv2p00_LPC17xx.a(system_LPC17xx.o)
 .debug_ranges  0x00000148       0x70 C:\Users\nicoc\Documents\Electronica Digital III\LPCXpresso\LPCXpresso_8.2.2_650\workspace2\CMSISv2p00_LPC17xx\Debug\libCMSISv2p00_LPC17xx.a(lpc17xx_adc.o)
 .debug_ranges  0x000001b8       0xd0 C:\Users\nicoc\Documents\Electronica Digital III\LPCXpresso\LPCXpresso_8.2.2_650\workspace2\CMSISv2p00_LPC17xx\Debug\libCMSISv2p00_LPC17xx.a(lpc17xx_gpio.o)
 .debug_ranges  0x00000288       0x10 C:\Users\nicoc\Documents\Electronica Digital III\LPCXpresso\LPCXpresso_8.2.2_650\workspace2\CMSISv2p00_LPC17xx\Debug\libCMSISv2p00_LPC17xx.a(lpc17xx_libcfg_default.o)
 .debug_ranges  0x00000298       0x70 C:\Users\nicoc\Documents\Electronica Digital III\LPCXpresso\LPCXpresso_8.2.2_650\workspace2\CMSISv2p00_LPC17xx\Debug\libCMSISv2p00_LPC17xx.a(lpc17xx_timer.o)
 .debug_ranges  0x00000308      0x148 C:\Users\nicoc\Documents\Electronica Digital III\LPCXpresso\LPCXpresso_8.2.2_650\workspace2\CMSISv2p00_LPC17xx\Debug\libCMSISv2p00_LPC17xx.a(lpc17xx_uart.o)

.debug_macro    0x00000000     0x3c82
 .debug_macro   0x00000000       0xc8 ./src/Multiplex.o
 .debug_macro   0x000000c8      0x88c ./src/Multiplex.o
 .debug_macro   0x00000954       0x1c ./src/Multiplex.o
 .debug_macro   0x00000970       0x2e ./src/Multiplex.o
 .debug_macro   0x0000099e       0x10 ./src/Multiplex.o
 .debug_macro   0x000009ae      0x12d ./src/Multiplex.o
 .debug_macro   0x00000adb      0x5b2 ./src/Multiplex.o
 .debug_macro   0x0000108d       0x18 ./src/Multiplex.o
 .debug_macro   0x000010a5      0x7af ./src/Multiplex.o
 .debug_macro   0x00001854      0x2c7 ./src/Multiplex.o
 .debug_macro   0x00001b1b       0x63 ./src/Multiplex.o
 .debug_macro   0x00001b7e      0x13f ./src/Multiplex.o
 .debug_macro   0x00001cbd       0x4c ./src/Multiplex.o
 .debug_macro   0x00001d09       0xea ./src/Multiplex.o
 .debug_macro   0x00001df3      0x33a ./src/Multiplex.o
 .debug_macro   0x0000212d       0x22 ./src/Multiplex.o
 .debug_macro   0x0000214f       0x46 ./src/Multiplex.o
 .debug_macro   0x00002195       0xdb ./src/Pesaje.o
 .debug_macro   0x00002270       0xeb ./src/Pesaje.o
 .debug_macro   0x0000235b       0xe1 ./src/TP_Final_0.0.1.o
 .debug_macro   0x0000243c       0x1d ./src/cr_startup_lpc175x_6x.o
 .debug_macro   0x00002459      0x12b C:\Users\nicoc\Documents\Electronica Digital III\LPCXpresso\LPCXpresso_8.2.2_650\workspace2\CMSISv2p00_LPC17xx\Debug\libCMSISv2p00_LPC17xx.a(system_LPC17xx.o)
 .debug_macro   0x00002584      0x886 C:\Users\nicoc\Documents\Electronica Digital III\LPCXpresso\LPCXpresso_8.2.2_650\workspace2\CMSISv2p00_LPC17xx\Debug\libCMSISv2p00_LPC17xx.a(system_LPC17xx.o)
 .debug_macro   0x00002e0a       0xa9 C:\Users\nicoc\Documents\Electronica Digital III\LPCXpresso\LPCXpresso_8.2.2_650\workspace2\CMSISv2p00_LPC17xx\Debug\libCMSISv2p00_LPC17xx.a(lpc17xx_adc.o)
 .debug_macro   0x00002eb3       0xe5 C:\Users\nicoc\Documents\Electronica Digital III\LPCXpresso\LPCXpresso_8.2.2_650\workspace2\CMSISv2p00_LPC17xx\Debug\libCMSISv2p00_LPC17xx.a(lpc17xx_adc.o)
 .debug_macro   0x00002f98      0x2f1 C:\Users\nicoc\Documents\Electronica Digital III\LPCXpresso\LPCXpresso_8.2.2_650\workspace2\CMSISv2p00_LPC17xx\Debug\libCMSISv2p00_LPC17xx.a(lpc17xx_adc.o)
 .debug_macro   0x00003289       0xdd C:\Users\nicoc\Documents\Electronica Digital III\LPCXpresso\LPCXpresso_8.2.2_650\workspace2\CMSISv2p00_LPC17xx\Debug\libCMSISv2p00_LPC17xx.a(lpc17xx_adc.o)
 .debug_macro   0x00003366       0x96 C:\Users\nicoc\Documents\Electronica Digital III\LPCXpresso\LPCXpresso_8.2.2_650\workspace2\CMSISv2p00_LPC17xx\Debug\libCMSISv2p00_LPC17xx.a(lpc17xx_gpio.o)
 .debug_macro   0x000033fc       0x40 C:\Users\nicoc\Documents\Electronica Digital III\LPCXpresso\LPCXpresso_8.2.2_650\workspace2\CMSISv2p00_LPC17xx\Debug\libCMSISv2p00_LPC17xx.a(lpc17xx_gpio.o)
 .debug_macro   0x0000343c       0x5a C:\Users\nicoc\Documents\Electronica Digital III\LPCXpresso\LPCXpresso_8.2.2_650\workspace2\CMSISv2p00_LPC17xx\Debug\libCMSISv2p00_LPC17xx.a(lpc17xx_libcfg_default.o)
 .debug_macro   0x00003496       0x5d C:\Users\nicoc\Documents\Electronica Digital III\LPCXpresso\LPCXpresso_8.2.2_650\workspace2\CMSISv2p00_LPC17xx\Debug\libCMSISv2p00_LPC17xx.a(lpc17xx_libcfg_default.o)
 .debug_macro   0x000034f3       0xd7 C:\Users\nicoc\Documents\Electronica Digital III\LPCXpresso\LPCXpresso_8.2.2_650\workspace2\CMSISv2p00_LPC17xx\Debug\libCMSISv2p00_LPC17xx.a(lpc17xx_libcfg_default.o)
 .debug_macro   0x000035ca       0xb2 C:\Users\nicoc\Documents\Electronica Digital III\LPCXpresso\LPCXpresso_8.2.2_650\workspace2\CMSISv2p00_LPC17xx\Debug\libCMSISv2p00_LPC17xx.a(lpc17xx_timer.o)
 .debug_macro   0x0000367c       0xe4 C:\Users\nicoc\Documents\Electronica Digital III\LPCXpresso\LPCXpresso_8.2.2_650\workspace2\CMSISv2p00_LPC17xx\Debug\libCMSISv2p00_LPC17xx.a(lpc17xx_timer.o)
 .debug_macro   0x00003760      0x145 C:\Users\nicoc\Documents\Electronica Digital III\LPCXpresso\LPCXpresso_8.2.2_650\workspace2\CMSISv2p00_LPC17xx\Debug\libCMSISv2p00_LPC17xx.a(lpc17xx_timer.o)
 .debug_macro   0x000038a5       0xa9 C:\Users\nicoc\Documents\Electronica Digital III\LPCXpresso\LPCXpresso_8.2.2_650\workspace2\CMSISv2p00_LPC17xx\Debug\libCMSISv2p00_LPC17xx.a(lpc17xx_uart.o)
 .debug_macro   0x0000394e      0x334 C:\Users\nicoc\Documents\Electronica Digital III\LPCXpresso\LPCXpresso_8.2.2_650\workspace2\CMSISv2p00_LPC17xx\Debug\libCMSISv2p00_LPC17xx.a(lpc17xx_uart.o)

.debug_line     0x00000000     0x2438
 .debug_line    0x00000000      0x361 ./src/Multiplex.o
 .debug_line    0x00000361      0x3a3 ./src/Pesaje.o
 .debug_line    0x00000704      0x3e6 ./src/TP_Final_0.0.1.o
 .debug_line    0x00000aea       0xd5 ./src/cr_startup_lpc175x_6x.o
 .debug_line    0x00000bbf      0x1d3 C:\Users\nicoc\Documents\Electronica Digital III\LPCXpresso\LPCXpresso_8.2.2_650\workspace2\CMSISv2p00_LPC17xx\Debug\libCMSISv2p00_LPC17xx.a(system_LPC17xx.o)
 .debug_line    0x00000d92      0x3ee C:\Users\nicoc\Documents\Electronica Digital III\LPCXpresso\LPCXpresso_8.2.2_650\workspace2\CMSISv2p00_LPC17xx\Debug\libCMSISv2p00_LPC17xx.a(lpc17xx_adc.o)
 .debug_line    0x00001180      0x429 C:\Users\nicoc\Documents\Electronica Digital III\LPCXpresso\LPCXpresso_8.2.2_650\workspace2\CMSISv2p00_LPC17xx\Debug\libCMSISv2p00_LPC17xx.a(lpc17xx_gpio.o)
 .debug_line    0x000015a9      0x1bb C:\Users\nicoc\Documents\Electronica Digital III\LPCXpresso\LPCXpresso_8.2.2_650\workspace2\CMSISv2p00_LPC17xx\Debug\libCMSISv2p00_LPC17xx.a(lpc17xx_libcfg_default.o)
 .debug_line    0x00001764      0x4d7 C:\Users\nicoc\Documents\Electronica Digital III\LPCXpresso\LPCXpresso_8.2.2_650\workspace2\CMSISv2p00_LPC17xx\Debug\libCMSISv2p00_LPC17xx.a(lpc17xx_timer.o)
 .debug_line    0x00001c3b      0x7fd C:\Users\nicoc\Documents\Electronica Digital III\LPCXpresso\LPCXpresso_8.2.2_650\workspace2\CMSISv2p00_LPC17xx\Debug\libCMSISv2p00_LPC17xx.a(lpc17xx_uart.o)

.debug_str      0x00000000     0xe33e
 .debug_str     0x00000000     0xa72e ./src/Multiplex.o
                               0xa7b4 (size before relaxing)
 .debug_str     0x0000a72e      0xdad ./src/Pesaje.o
                               0xb4f4 (size before relaxing)
 .debug_str     0x0000b4db      0x345 ./src/TP_Final_0.0.1.o
                               0xb461 (size before relaxing)
 .debug_str     0x0000b820      0x200 ./src/cr_startup_lpc175x_6x.o
                               0x26c3 (size before relaxing)
 .debug_str     0x0000ba20      0x53d C:\Users\nicoc\Documents\Electronica Digital III\LPCXpresso\LPCXpresso_8.2.2_650\workspace2\CMSISv2p00_LPC17xx\Debug\libCMSISv2p00_LPC17xx.a(system_LPC17xx.o)
                               0x816f (size before relaxing)
 .debug_str     0x0000bf5d     0x1594 C:\Users\nicoc\Documents\Electronica Digital III\LPCXpresso\LPCXpresso_8.2.2_650\workspace2\CMSISv2p00_LPC17xx\Debug\libCMSISv2p00_LPC17xx.a(lpc17xx_adc.o)
                               0x9d67 (size before relaxing)
 .debug_str     0x0000d4f1      0x42c C:\Users\nicoc\Documents\Electronica Digital III\LPCXpresso\LPCXpresso_8.2.2_650\workspace2\CMSISv2p00_LPC17xx\Debug\libCMSISv2p00_LPC17xx.a(lpc17xx_gpio.o)
                               0x86d9 (size before relaxing)
 .debug_str     0x0000d91d       0x2d C:\Users\nicoc\Documents\Electronica Digital III\LPCXpresso\LPCXpresso_8.2.2_650\workspace2\CMSISv2p00_LPC17xx\Debug\libCMSISv2p00_LPC17xx.a(lpc17xx_libcfg_default.o)
                               0x3f89 (size before relaxing)
 .debug_str     0x0000d94a      0x2a6 C:\Users\nicoc\Documents\Electronica Digital III\LPCXpresso\LPCXpresso_8.2.2_650\workspace2\CMSISv2p00_LPC17xx\Debug\libCMSISv2p00_LPC17xx.a(lpc17xx_timer.o)
                               0xa38e (size before relaxing)
 .debug_str     0x0000dbf0      0x74e C:\Users\nicoc\Documents\Electronica Digital III\LPCXpresso\LPCXpresso_8.2.2_650\workspace2\CMSISv2p00_LPC17xx\Debug\libCMSISv2p00_LPC17xx.a(lpc17xx_uart.o)
                               0xb42f (size before relaxing)

.comment        0x00000000       0xdc
 .comment       0x00000000       0x6e ./src/Multiplex.o
                                 0x6f (size before relaxing)
 .comment       0x0000006e       0x6f ./src/Pesaje.o
 .comment       0x0000006e       0x6f ./src/TP_Final_0.0.1.o
 .comment       0x0000006e       0x6f ./src/cr_startup_lpc175x_6x.o
 .comment       0x0000006e       0x6f C:\Users\nicoc\Documents\Electronica Digital III\LPCXpresso\LPCXpresso_8.2.2_650\workspace2\CMSISv2p00_LPC17xx\Debug\libCMSISv2p00_LPC17xx.a(system_LPC17xx.o)
 .comment       0x0000006e       0x6f C:\Users\nicoc\Documents\Electronica Digital III\LPCXpresso\LPCXpresso_8.2.2_650\workspace2\CMSISv2p00_LPC17xx\Debug\libCMSISv2p00_LPC17xx.a(lpc17xx_adc.o)
 .comment       0x0000006e       0x6f C:\Users\nicoc\Documents\Electronica Digital III\LPCXpresso\LPCXpresso_8.2.2_650\workspace2\CMSISv2p00_LPC17xx\Debug\libCMSISv2p00_LPC17xx.a(lpc17xx_gpio.o)
 .comment       0x0000006e       0x6f C:\Users\nicoc\Documents\Electronica Digital III\LPCXpresso\LPCXpresso_8.2.2_650\workspace2\CMSISv2p00_LPC17xx\Debug\libCMSISv2p00_LPC17xx.a(lpc17xx_libcfg_default.o)
 .comment       0x0000006e       0x6f C:\Users\nicoc\Documents\Electronica Digital III\LPCXpresso\LPCXpresso_8.2.2_650\workspace2\CMSISv2p00_LPC17xx\Debug\libCMSISv2p00_LPC17xx.a(lpc17xx_timer.o)
 .comment       0x0000006e       0x6f C:\Users\nicoc\Documents\Electronica Digital III\LPCXpresso\LPCXpresso_8.2.2_650\workspace2\CMSISv2p00_LPC17xx\Debug\libCMSISv2p00_LPC17xx.a(lpc17xx_uart.o)
 .comment       0x0000006e       0x6e c:/nxp/lpcxpresso_8.2.2_650/lpcxpresso/tools/bin/../lib/gcc/arm-none-eabi/5.4.1/../../../../arm-none-eabi/lib/armv7-m\libcr_c.a(__weak__main.o)
                                 0x6f (size before relaxing)

.ARM.attributes
                0x00000000       0x31
 .ARM.attributes
                0x00000000       0x33 ./src/Multiplex.o
 .ARM.attributes
                0x00000033       0x33 ./src/Pesaje.o
 .ARM.attributes
                0x00000066       0x33 ./src/TP_Final_0.0.1.o
 .ARM.attributes
                0x00000099       0x33 ./src/cr_startup_lpc175x_6x.o
 .ARM.attributes
                0x000000cc       0x33 C:\Users\nicoc\Documents\Electronica Digital III\LPCXpresso\LPCXpresso_8.2.2_650\workspace2\CMSISv2p00_LPC17xx\Debug\libCMSISv2p00_LPC17xx.a(system_LPC17xx.o)
 .ARM.attributes
                0x000000ff       0x33 C:\Users\nicoc\Documents\Electronica Digital III\LPCXpresso\LPCXpresso_8.2.2_650\workspace2\CMSISv2p00_LPC17xx\Debug\libCMSISv2p00_LPC17xx.a(lpc17xx_adc.o)
 .ARM.attributes
                0x00000132       0x33 C:\Users\nicoc\Documents\Electronica Digital III\LPCXpresso\LPCXpresso_8.2.2_650\workspace2\CMSISv2p00_LPC17xx\Debug\libCMSISv2p00_LPC17xx.a(lpc17xx_gpio.o)
 .ARM.attributes
                0x00000165       0x33 C:\Users\nicoc\Documents\Electronica Digital III\LPCXpresso\LPCXpresso_8.2.2_650\workspace2\CMSISv2p00_LPC17xx\Debug\libCMSISv2p00_LPC17xx.a(lpc17xx_libcfg_default.o)
 .ARM.attributes
                0x00000198       0x33 C:\Users\nicoc\Documents\Electronica Digital III\LPCXpresso\LPCXpresso_8.2.2_650\workspace2\CMSISv2p00_LPC17xx\Debug\libCMSISv2p00_LPC17xx.a(lpc17xx_timer.o)
 .ARM.attributes
                0x000001cb       0x33 C:\Users\nicoc\Documents\Electronica Digital III\LPCXpresso\LPCXpresso_8.2.2_650\workspace2\CMSISv2p00_LPC17xx\Debug\libCMSISv2p00_LPC17xx.a(lpc17xx_uart.o)
 .ARM.attributes
                0x000001fe       0x33 c:/nxp/lpcxpresso_8.2.2_650/lpcxpresso/tools/bin/../lib/gcc/arm-none-eabi/5.4.1/../../../../arm-none-eabi/lib/armv7-m\libcr_c.a(__weak__main.o)

.debug_frame    0x00000000      0xc34
 .debug_frame   0x00000000       0x9c ./src/Multiplex.o
 .debug_frame   0x0000009c       0xdc ./src/Pesaje.o
 .debug_frame   0x00000178      0x128 ./src/TP_Final_0.0.1.o
 .debug_frame   0x000002a0      0x170 ./src/cr_startup_lpc175x_6x.o
 .debug_frame   0x00000410       0x3c C:\Users\nicoc\Documents\Electronica Digital III\LPCXpresso\LPCXpresso_8.2.2_650\workspace2\CMSISv2p00_LPC17xx\Debug\libCMSISv2p00_LPC17xx.a(system_LPC17xx.o)
 .debug_frame   0x0000044c      0x16c C:\Users\nicoc\Documents\Electronica Digital III\LPCXpresso\LPCXpresso_8.2.2_650\workspace2\CMSISv2p00_LPC17xx\Debug\libCMSISv2p00_LPC17xx.a(lpc17xx_adc.o)
 .debug_frame   0x000005b8      0x1c0 C:\Users\nicoc\Documents\Electronica Digital III\LPCXpresso\LPCXpresso_8.2.2_650\workspace2\CMSISv2p00_LPC17xx\Debug\libCMSISv2p00_LPC17xx.a(lpc17xx_gpio.o)
 .debug_frame   0x00000778       0x20 C:\Users\nicoc\Documents\Electronica Digital III\LPCXpresso\LPCXpresso_8.2.2_650\workspace2\CMSISv2p00_LPC17xx\Debug\libCMSISv2p00_LPC17xx.a(lpc17xx_libcfg_default.o)
 .debug_frame   0x00000798      0x170 C:\Users\nicoc\Documents\Electronica Digital III\LPCXpresso\LPCXpresso_8.2.2_650\workspace2\CMSISv2p00_LPC17xx\Debug\libCMSISv2p00_LPC17xx.a(lpc17xx_timer.o)
 .debug_frame   0x00000908      0x32c C:\Users\nicoc\Documents\Electronica Digital III\LPCXpresso\LPCXpresso_8.2.2_650\workspace2\CMSISv2p00_LPC17xx\Debug\libCMSISv2p00_LPC17xx.a(lpc17xx_uart.o)

.debug_loc      0x00000000     0x2599
 .debug_loc     0x00000000      0x4f7 C:\Users\nicoc\Documents\Electronica Digital III\LPCXpresso\LPCXpresso_8.2.2_650\workspace2\CMSISv2p00_LPC17xx\Debug\libCMSISv2p00_LPC17xx.a(lpc17xx_adc.o)
 .debug_loc     0x000004f7      0x76a C:\Users\nicoc\Documents\Electronica Digital III\LPCXpresso\LPCXpresso_8.2.2_650\workspace2\CMSISv2p00_LPC17xx\Debug\libCMSISv2p00_LPC17xx.a(lpc17xx_gpio.o)
 .debug_loc     0x00000c61      0x698 C:\Users\nicoc\Documents\Electronica Digital III\LPCXpresso\LPCXpresso_8.2.2_650\workspace2\CMSISv2p00_LPC17xx\Debug\libCMSISv2p00_LPC17xx.a(lpc17xx_timer.o)
 .debug_loc     0x000012f9     0x12a0 C:\Users\nicoc\Documents\Electronica Digital III\LPCXpresso\LPCXpresso_8.2.2_650\workspace2\CMSISv2p00_LPC17xx\Debug\libCMSISv2p00_LPC17xx.a(lpc17xx_uart.o)
