Archive member included to satisfy reference by file (symbol)

C:\Users\nicoc\Documents\Electronica Digital III\LPCXpresso\LPCXpresso_8.2.2_650\workspace2\CMSISv2p00_LPC17xx\Debug\libCMSISv2p00_LPC17xx.a(system_LPC17xx.o)
                              ./src/cr_startup_lpc175x_6x.o (SystemInit)
C:\Users\nicoc\Documents\Electronica Digital III\LPCXpresso\LPCXpresso_8.2.2_650\workspace2\CMSISv2p00_LPC17xx\Debug\libCMSISv2p00_LPC17xx.a(lpc17xx_adc.o)
                              ./src/TP_Final_0.0.1.o (ADC_Init)
C:\Users\nicoc\Documents\Electronica Digital III\LPCXpresso\LPCXpresso_8.2.2_650\workspace2\CMSISv2p00_LPC17xx\Debug\libCMSISv2p00_LPC17xx.a(lpc17xx_clkpwr.o)
                              C:\Users\nicoc\Documents\Electronica Digital III\LPCXpresso\LPCXpresso_8.2.2_650\workspace2\CMSISv2p00_LPC17xx\Debug\libCMSISv2p00_LPC17xx.a(lpc17xx_adc.o) (CLKPWR_GetPCLK)
C:\Users\nicoc\Documents\Electronica Digital III\LPCXpresso\LPCXpresso_8.2.2_650\workspace2\CMSISv2p00_LPC17xx\Debug\libCMSISv2p00_LPC17xx.a(lpc17xx_gpio.o)
                              ./src/TP_Final_0.0.1.o (GPIO_SetDir)
C:\Users\nicoc\Documents\Electronica Digital III\LPCXpresso\LPCXpresso_8.2.2_650\workspace2\CMSISv2p00_LPC17xx\Debug\libCMSISv2p00_LPC17xx.a(lpc17xx_libcfg_default.o)
                              C:\Users\nicoc\Documents\Electronica Digital III\LPCXpresso\LPCXpresso_8.2.2_650\workspace2\CMSISv2p00_LPC17xx\Debug\libCMSISv2p00_LPC17xx.a(lpc17xx_adc.o) (check_failed)
C:\Users\nicoc\Documents\Electronica Digital III\LPCXpresso\LPCXpresso_8.2.2_650\workspace2\CMSISv2p00_LPC17xx\Debug\libCMSISv2p00_LPC17xx.a(lpc17xx_pinsel.o)
                              ./src/TP_Final_0.0.1.o (PINSEL_ConfigPin)
C:\Users\nicoc\Documents\Electronica Digital III\LPCXpresso\LPCXpresso_8.2.2_650\workspace2\CMSISv2p00_LPC17xx\Debug\libCMSISv2p00_LPC17xx.a(lpc17xx_systick.o)
                              ./src/Multiplex.o (SYSTICK_InternalInit)
C:\Users\nicoc\Documents\Electronica Digital III\LPCXpresso\LPCXpresso_8.2.2_650\workspace2\CMSISv2p00_LPC17xx\Debug\libCMSISv2p00_LPC17xx.a(lpc17xx_timer.o)
                              ./src/TP_Final_0.0.1.o (TIM_ClearIntPending)
c:/nxp/lpcxpresso_8.2.2_650/lpcxpresso/tools/bin/../lib/gcc/arm-none-eabi/5.4.1/../../../../arm-none-eabi/lib/armv7-m\libcr_c.a(__weak__main.o)
                              ./src/cr_startup_lpc175x_6x.o (__main)
c:/nxp/lpcxpresso_8.2.2_650/lpcxpresso/tools/bin/../lib/gcc/arm-none-eabi/5.4.1/armv7-m\libcr_eabihelpers.a(division_64.o)
                              C:\Users\nicoc\Documents\Electronica Digital III\LPCXpresso\LPCXpresso_8.2.2_650\workspace2\CMSISv2p00_LPC17xx\Debug\libCMSISv2p00_LPC17xx.a(system_LPC17xx.o) (__aeabi_uldivmod)
c:/nxp/lpcxpresso_8.2.2_650/lpcxpresso/tools/bin/../lib/gcc/arm-none-eabi/5.4.1/armv7-m\libcr_eabihelpers.a(division_idiv0.o)
                              c:/nxp/lpcxpresso_8.2.2_650/lpcxpresso/tools/bin/../lib/gcc/arm-none-eabi/5.4.1/armv7-m\libcr_eabihelpers.a(division_64.o) (__aeabi_idiv0)
c:/nxp/lpcxpresso_8.2.2_650/lpcxpresso/tools/bin/../lib/gcc/arm-none-eabi/5.4.1/armv7-m\libcr_eabihelpers.a(float.o)
                              C:\Users\nicoc\Documents\Electronica Digital III\LPCXpresso\LPCXpresso_8.2.2_650\workspace2\CMSISv2p00_LPC17xx\Debug\libCMSISv2p00_LPC17xx.a(lpc17xx_systick.o) (__aeabi_ui2f)

Discarded input sections

 .group         0x00000000        0x8 ./src/Multiplex.o
 .group         0x00000000        0x8 ./src/Multiplex.o
 .group         0x00000000        0x8 ./src/Multiplex.o
 .group         0x00000000        0x8 ./src/Multiplex.o
 .group         0x00000000        0x8 ./src/Multiplex.o
 .group         0x00000000        0x8 ./src/Multiplex.o
 .group         0x00000000        0x8 ./src/Multiplex.o
 .group         0x00000000        0x8 ./src/Multiplex.o
 .group         0x00000000        0x8 ./src/Multiplex.o
 .group         0x00000000        0x8 ./src/Multiplex.o
 .group         0x00000000        0x8 ./src/Multiplex.o
 .group         0x00000000        0x8 ./src/Multiplex.o
 .group         0x00000000        0x8 ./src/Multiplex.o
 .group         0x00000000        0x8 ./src/Multiplex.o
 .group         0x00000000        0x8 ./src/Multiplex.o
 .group         0x00000000        0x8 ./src/Multiplex.o
 .text          0x00000000        0x0 ./src/Multiplex.o
 .data          0x00000000        0x0 ./src/Multiplex.o
 .bss           0x00000000        0x0 ./src/Multiplex.o
 .data.prender  0x00000000        0xa ./src/Multiplex.o
 .data.apagar   0x00000000        0xa ./src/Multiplex.o
 .bss.nums      0x00000000       0x3c ./src/Multiplex.o
 .text.convert  0x00000000       0xb4 ./src/Multiplex.o
 .text.display  0x00000000       0x9c ./src/Multiplex.o
 .text.confSYSTICK
                0x00000000       0x24 ./src/Multiplex.o
 .debug_info    0x00000000      0x254 ./src/Multiplex.o
 .debug_abbrev  0x00000000      0x10f ./src/Multiplex.o
 .debug_aranges
[...]
Memory Configuration

Name             Origin             Length             Attributes
MFlash512        0x00000000         0x00080000         xr
RamLoc32         0x10000000         0x00008000         xrw
RamAHB32         0x2007c000         0x00008000         xrw
*default*        0x00000000         0xffffffff

Linker script and memory map

LOAD ./src/Multiplex.o
LOAD ./src/TP_Final_0.0.1.o
LOAD ./src/cr_startup_lpc175x_6x.o
LOAD ./src/crp.o
LOAD C:\Users\nicoc\Documents\Electronica Digital III\LPCXpresso\LPCXpresso_8.2.2_650\workspace2\CMSISv2p00_LPC17xx\Debug\libCMSISv2p00_LPC17xx.a
START GROUP
LOAD c:/nxp/lpcxpresso_8.2.2_650/lpcxpresso/tools/bin/../lib/gcc/arm-none-eabi/5.4.1/../../../../arm-none-eabi/lib/armv7-m\libcr_c.a
LOAD c:/nxp/lpcxpresso_8.2.2_650/lpcxpresso/tools/bin/../lib/gcc/arm-none-eabi/5.4.1/armv7-m\libcr_eabihelpers.a
END GROUP
                0x00000000                __base_MFlash512 = 0x0
                0x00000000                __base_Flash = 0x0
                0x00080000                __top_MFlash512 = 0x80000
                0x00080000                __top_Flash = 0x80000
                0x10000000                __base_RamLoc32 = 0x10000000
                0x10000000                __base_RAM = 0x10000000
                0x10008000                __top_RamLoc32 = 0x10008000
                0x10008000                __top_RAM = 0x10008000
                0x2007c000                __base_RamAHB32 = 0x2007c000
                0x2007c000                __base_RAM2 = 0x2007c000
                0x20084000                __top_RamAHB32 = 0x20084000
                0x20084000                __top_RAM2 = 0x20084000

.text           0x00000000      0x418
 FILL mask 0xff
                0x00000000                __vectors_start__ = ABSOLUTE (.)
 *(.isr_vector)
 .isr_vector    0x00000000       0xcc ./src/cr_startup_lpc175x_6x.o
                0x00000000                g_pfnVectors
                0x000000cc                . = ALIGN (0x4)
                0x000000cc                __section_table_start = .
                0x000000cc                __data_section_table = .
                0x000000cc        0x4 LONG 0x418 LOADADDR (.data)
                0x000000d0        0x4 LONG 0x10000000 ADDR (.data)
                0x000000d4        0x4 LONG 0x0 SIZEOF (.data)
                0x000000d8        0x4 LONG 0x418 LOADADDR (.data_RAM2)
                0x000000dc        0x4 LONG 0x2007c000 ADDR (.data_RAM2)
                0x000000e0        0x4 LONG 0x0 SIZEOF (.data_RAM2)
                0x000000e4                __data_section_table_end = .
                0x000000e4                __bss_section_table = .
                0x000000e4        0x4 LONG 0x10000000 ADDR (.bss)
                0x000000e8        0x4 LONG 0x0 SIZEOF (.bss)
                0x000000ec        0x4 LONG 0x2007c000 ADDR (.bss_RAM2)
                0x000000f0        0x4 LONG 0x0 SIZEOF (.bss_RAM2)
                0x000000f4                __bss_section_table_end = .
                0x000000f4                __section_table_end = .
 *(.after_vectors*)
 .after_vectors
                0x000000f4      0x144 ./src/cr_startup_lpc175x_6x.o
                0x000000f4                data_init
                0x00000138                bss_init
                0x00000170                ResetISR
                0x000001e8                NMI_Handler
                0x000001f0                HardFault_Handler
                0x000001f8                MemManage_Handler
                0x00000200                BusFault_Handler
                0x00000208                UsageFault_Handler
                0x00000210                SVC_Handler
                0x00000218                DebugMon_Handler
                0x00000220                PendSV_Handler
                0x00000228                SysTick_Handler
                0x00000230                EINT3_IRQHandler
                0x00000230                CANActivity_IRQHandler
                0x00000230                TIMER3_IRQHandler
                0x00000230                UART0_IRQHandler
                0x00000230                UART1_IRQHandler
                0x00000230                EINT2_IRQHandler
                0x00000230                USBActivity_IRQHandler
                0x00000230                IntDefaultHandler
                0x00000230                PLL0_IRQHandler
                0x00000230                I2C0_IRQHandler
                0x00000230                I2C1_IRQHandler
                0x00000230                SSP0_IRQHandler
                0x00000230                I2S_IRQHandler
                0x00000230                I2C2_IRQHandler
                0x00000230                RTC_IRQHandler
                0x00000230                SPI_IRQHandler
                0x00000230                RIT_IRQHandler
                0x00000230                EINT1_IRQHandler
                0x00000230                TIMER1_IRQHandler
                0x00000230                UART2_IRQHandler
                0x00000230                ADC_IRQHandler
                0x00000230                SSP1_IRQHandler
                0x00000230                USB_IRQHandler
                0x00000230                BOD_IRQHandler
                0x00000230                PLL1_IRQHandler
                0x00000230                WDT_IRQHandler
                0x00000230                PWM1_IRQHandler
                0x00000230                QEI_IRQHandler
                0x00000230                EINT0_IRQHandler
                0x00000230                CAN_IRQHandler
                0x00000230                DMA_IRQHandler
                0x00000230                TIMER2_IRQHandler
                0x00000230                UART3_IRQHandler
                0x00000230                MCPWM_IRQHandler
                0x00000230                ENET_IRQHandler
 *(.text*)
 .text.main     0x00000238       0x10 ./src/TP_Final_0.0.1.o
                0x00000238                main
 .text.TIMER0_IRQHandler
                0x00000248       0x20 ./src/TP_Final_0.0.1.o
                0x00000248                TIMER0_IRQHandler
 .text.SystemInit
                0x00000268       0xe4 C:\Users\nicoc\Documents\Electronica Digital III\LPCXpresso\LPCXpresso_8.2.2_650\workspace2\CMSISv2p00_LPC17xx\Debug\libCMSISv2p00_LPC17xx.a(system_LPC17xx.o)
                0x00000268                SystemInit
 .text.ADC_StartCmd
                0x0000034c       0x3c C:\Users\nicoc\Documents\Electronica Digital III\LPCXpresso\LPCXpresso_8.2.2_650\workspace2\CMSISv2p00_LPC17xx\Debug\libCMSISv2p00_LPC17xx.a(lpc17xx_adc.o)
                0x0000034c                ADC_StartCmd
 .text.check_failed
                0x00000388        0x2 C:\Users\nicoc\Documents\Electronica Digital III\LPCXpresso\LPCXpresso_8.2.2_650\workspace2\CMSISv2p00_LPC17xx\Debug\libCMSISv2p00_LPC17xx.a(lpc17xx_libcfg_default.o)
                0x00000388                check_failed
 *fill*         0x0000038a        0x2 ff
 .text.TIM_ClearIntPending
                0x0000038c       0x4c C:\Users\nicoc\Documents\Electronica Digital III\LPCXpresso\LPCXpresso_8.2.2_650\workspace2\CMSISv2p00_LPC17xx\Debug\libCMSISv2p00_LPC17xx.a(lpc17xx_timer.o)
                0x0000038c                TIM_ClearIntPending
 .text.__weak_main
                0x000003d8        0x4 c:/nxp/lpcxpresso_8.2.2_650/lpcxpresso/tools/bin/../lib/gcc/arm-none-eabi/5.4.1/../../../../arm-none-eabi/lib/armv7-m\libcr_c.a(__weak__main.o)
                0x000003d8                __weak_main
                0x000003d8                __main
 *(.rodata .rodata.* .constdata .constdata.*)
 .rodata.str1.1
                0x000003dc       0x1d C:\Users\nicoc\Documents\Electronica Digital III\LPCXpresso\LPCXpresso_8.2.2_650\workspace2\CMSISv2p00_LPC17xx\Debug\libCMSISv2p00_LPC17xx.a(lpc17xx_adc.o)
 .rodata.str1.1
                0x000003f9       0x1f C:\Users\nicoc\Documents\Electronica Digital III\LPCXpresso\LPCXpresso_8.2.2_650\workspace2\CMSISv2p00_LPC17xx\Debug\libCMSISv2p00_LPC17xx.a(lpc17xx_timer.o)
                0x00000418                . = ALIGN (0x4)

.glue_7         0x00000418        0x0
 .glue_7        0x00000418        0x0 linker stubs

.glue_7t        0x00000418        0x0
 .glue_7t       0x00000418        0x0 linker stubs

.vfp11_veneer   0x00000418        0x0
 .vfp11_veneer  0x00000418        0x0 linker stubs

.v4_bx          0x00000418        0x0
 .v4_bx         0x00000418        0x0 linker stubs

.iplt           0x00000418        0x0
 .iplt          0x00000418        0x0 ./src/Multiplex.o

.rel.dyn        0x00000418        0x0
 .rel.iplt      0x00000418        0x0 ./src/Multiplex.o

.ARM.extab
 *(.ARM.extab* .gnu.linkonce.armextab.*)
                0x00000418                __exidx_start = .

.ARM.exidx
 *(.ARM.exidx* .gnu.linkonce.armexidx.*)
                0x00000418                __exidx_end = .
                0x00000418                _etext = .

.data_RAM2      0x2007c000        0x0 load address 0x00000418
 FILL mask 0xff
                [!provide]                PROVIDE (__start_data_RAM2, .)
 *(.ramfunc.$RAM2)
 *(.ramfunc.$RamAHB32)
 *(.data.$RAM2*)
 *(.data.$RamAHB32*)
                0x2007c000                . = ALIGN (0x4)
                [!provide]                PROVIDE (__end_data_RAM2, .)

.uninit_RESERVED
                0x10000000        0x0
 *(.bss.$RESERVED*)
                0x10000000                . = ALIGN (0x4)
                0x10000000                _end_uninit_RESERVED = .

.data           0x10000000        0x0 load address 0x00000418
 FILL mask 0xff
                0x10000000                _data = .
 *(vtable)
 *(.ramfunc*)
 *(.data*)
                0x10000000                . = ALIGN (0x4)
                0x10000000                _edata = .

.igot.plt       0x10000000        0x0 load address 0x00000418
 .igot.plt      0x10000000        0x0 ./src/Multiplex.o

.bss_RAM2       0x2007c000        0x0
                [!provide]                PROVIDE (__start_bss_RAM2, .)
 *(.bss.$RAM2*)
 *(.bss.$RamAHB32*)
                0x2007c000                . = ALIGN ((. != 0x0)?0x4:0x1)
                [!provide]                PROVIDE (__end_bss_RAM2, .)

.bss            0x10000000        0x0
                0x10000000                _bss = .
 *(.bss*)
 *(COMMON)
                0x10000000                . = ALIGN (0x4)
                0x10000000                _ebss = .
                [!provide]                PROVIDE (end, .)

.noinit_RAM2    0x2007c000        0x0
 *(.noinit.$RAM2*)
 *(.noinit.$RamAHB32*)
                0x2007c000                . = ALIGN (0x4)

.noinit         0x10000000        0x0
                0x10000000                _noinit = .
 *(.noinit*)
                0x10000000                . = ALIGN (0x4)
                0x10000000                _end_noinit = .
                [!provide]                PROVIDE (_pvHeapStart, DEFINED (__user_heap_base)?__user_heap_base:.)
                0x10008000                PROVIDE (_vStackTop, DEFINED (__user_stack_top)?__user_stack_top:(__top_RamLoc32 - 0x0))
                0xefff74b2                PROVIDE (__valid_user_code_checksum, (0x0 - ((((((_vStackTop + (ResetISR + 0x1)) + (NMI_Handler + 0x1)) + (HardFault_Handler + 0x1)) + (DEFINED (MemManage_Handler)?MemManage_Handler:0x0 + 0x1)) + (DEFINED (BusFault_Handler)?BusFault_Handler:0x0 + 0x1)) + (DEFINED (UsageFault_Handler)?UsageFault_Handler:0x0 + 0x1))))
OUTPUT(TP_Final_0.0.1.axf elf32-littlearm)

.debug_info     0x00000000     0x20e0
 .debug_info    0x00000000      0x727 ./src/TP_Final_0.0.1.o
 .debug_info    0x00000727      0x253 ./src/cr_startup_lpc175x_6x.o
 .debug_info    0x0000097a      0x318 C:\Users\nicoc\Documents\Electronica Digital III\LPCXpresso\LPCXpresso_8.2.2_650\workspace2\CMSISv2p00_LPC17xx\Debug\libCMSISv2p00_LPC17xx.a(system_LPC17xx.o)
 .debug_info    0x00000c92      0x83f C:\Users\nicoc\Documents\Electronica Digital III\LPCXpresso\LPCXpresso_8.2.2_650\workspace2\CMSISv2p00_LPC17xx\Debug\libCMSISv2p00_LPC17xx.a(lpc17xx_adc.o)
 .debug_info    0x000014d1       0xc3 C:\Users\nicoc\Documents\Electronica Digital III\LPCXpresso\LPCXpresso_8.2.2_650\workspace2\CMSISv2p00_LPC17xx\Debug\libCMSISv2p00_LPC17xx.a(lpc17xx_libcfg_default.o)
 .debug_info    0x00001594      0xb4c C:\Users\nicoc\Documents\Electronica Digital III\LPCXpresso\LPCXpresso_8.2.2_650\workspace2\CMSISv2p00_LPC17xx\Debug\libCMSISv2p00_LPC17xx.a(lpc17xx_timer.o)

.debug_abbrev   0x00000000      0x7ff
 .debug_abbrev  0x00000000      0x168 ./src/TP_Final_0.0.1.o
 .debug_abbrev  0x00000168       0xf5 ./src/cr_startup_lpc175x_6x.o
 .debug_abbrev  0x0000025d       0xe6 C:\Users\nicoc\Documents\Electronica Digital III\LPCXpresso\LPCXpresso_8.2.2_650\workspace2\CMSISv2p00_LPC17xx\Debug\libCMSISv2p00_LPC17xx.a(system_LPC17xx.o)
 .debug_abbrev  0x00000343      0x19d C:\Users\nicoc\Documents\Electronica Digital III\LPCXpresso\LPCXpresso_8.2.2_650\workspace2\CMSISv2p00_LPC17xx\Debug\libCMSISv2p00_LPC17xx.a(lpc17xx_adc.o)
 .debug_abbrev  0x000004e0       0x6f C:\Users\nicoc\Documents\Electronica Digital III\LPCXpresso\LPCXpresso_8.2.2_650\workspace2\CMSISv2p00_LPC17xx\Debug\libCMSISv2p00_LPC17xx.a(lpc17xx_libcfg_default.o)
 .debug_abbrev  0x0000054f      0x2b0 C:\Users\nicoc\Documents\Electronica Digital III\LPCXpresso\LPCXpresso_8.2.2_650\workspace2\CMSISv2p00_LPC17xx\Debug\libCMSISv2p00_LPC17xx.a(lpc17xx_timer.o)

.debug_aranges  0x00000000      0x230
 .debug_aranges
                0x00000000       0x68 ./src/TP_Final_0.0.1.o
 .debug_aranges
                0x00000068       0x80 ./src/cr_startup_lpc175x_6x.o
 .debug_aranges
                0x000000e8       0x28 C:\Users\nicoc\Documents\Electronica Digital III\LPCXpresso\LPCXpresso_8.2.2_650\workspace2\CMSISv2p00_LPC17xx\Debug\libCMSISv2p00_LPC17xx.a(system_LPC17xx.o)
 .debug_aranges
                0x00000110       0x80 C:\Users\nicoc\Documents\Electronica Digital III\LPCXpresso\LPCXpresso_8.2.2_650\workspace2\CMSISv2p00_LPC17xx\Debug\libCMSISv2p00_LPC17xx.a(lpc17xx_adc.o)
 .debug_aranges
                0x00000190       0x20 C:\Users\nicoc\Documents\Electronica Digital III\LPCXpresso\LPCXpresso_8.2.2_650\workspace2\CMSISv2p00_LPC17xx\Debug\libCMSISv2p00_LPC17xx.a(lpc17xx_libcfg_default.o)
 .debug_aranges
                0x000001b0       0x80 C:\Users\nicoc\Documents\Electronica Digital III\LPCXpresso\LPCXpresso_8.2.2_650\workspace2\CMSISv2p00_LPC17xx\Debug\libCMSISv2p00_LPC17xx.a(lpc17xx_timer.o)

.debug_ranges   0x00000000      0x1d0
 .debug_ranges  0x00000000       0x58 ./src/TP_Final_0.0.1.o
 .debug_ranges  0x00000058       0x70 ./src/cr_startup_lpc175x_6x.o
 .debug_ranges  0x000000c8       0x18 C:\Users\nicoc\Documents\Electronica Digital III\LPCXpresso\LPCXpresso_8.2.2_650\workspace2\CMSISv2p00_LPC17xx\Debug\libCMSISv2p00_LPC17xx.a(system_LPC17xx.o)
 .debug_ranges  0x000000e0       0x70 C:\Users\nicoc\Documents\Electronica Digital III\LPCXpresso\LPCXpresso_8.2.2_650\workspace2\CMSISv2p00_LPC17xx\Debug\libCMSISv2p00_LPC17xx.a(lpc17xx_adc.o)
 .debug_ranges  0x00000150       0x10 C:\Users\nicoc\Documents\Electronica Digital III\LPCXpresso\LPCXpresso_8.2.2_650\workspace2\CMSISv2p00_LPC17xx\Debug\libCMSISv2p00_LPC17xx.a(lpc17xx_libcfg_default.o)
 .debug_ranges  0x00000160       0x70 C:\Users\nicoc\Documents\Electronica Digital III\LPCXpresso\LPCXpresso_8.2.2_650\workspace2\CMSISv2p00_LPC17xx\Debug\libCMSISv2p00_LPC17xx.a(lpc17xx_timer.o)

.debug_macro    0x00000000     0x154c
 .debug_macro   0x00000000       0xce ./src/TP_Final_0.0.1.o
 .debug_macro   0x000000ce       0xeb ./src/TP_Final_0.0.1.o
 .debug_macro   0x000001b9       0x1d ./src/cr_startup_lpc175x_6x.o
 .debug_macro   0x000001d6      0x12b C:\Users\nicoc\Documents\Electronica Digital III\LPCXpresso\LPCXpresso_8.2.2_650\workspace2\CMSISv2p00_LPC17xx\Debug\libCMSISv2p00_LPC17xx.a(system_LPC17xx.o)
 .debug_macro   0x00000301      0x886 C:\Users\nicoc\Documents\Electronica Digital III\LPCXpresso\LPCXpresso_8.2.2_650\workspace2\CMSISv2p00_LPC17xx\Debug\libCMSISv2p00_LPC17xx.a(system_LPC17xx.o)
 .debug_macro   0x00000b87       0xa9 C:\Users\nicoc\Documents\Electronica Digital III\LPCXpresso\LPCXpresso_8.2.2_650\workspace2\CMSISv2p00_LPC17xx\Debug\libCMSISv2p00_LPC17xx.a(lpc17xx_adc.o)
 .debug_macro   0x00000c30       0xe5 C:\Users\nicoc\Documents\Electronica Digital III\LPCXpresso\LPCXpresso_8.2.2_650\workspace2\CMSISv2p00_LPC17xx\Debug\libCMSISv2p00_LPC17xx.a(lpc17xx_adc.o)
 .debug_macro   0x00000d15      0x2f1 C:\Users\nicoc\Documents\Electronica Digital III\LPCXpresso\LPCXpresso_8.2.2_650\workspace2\CMSISv2p00_LPC17xx\Debug\libCMSISv2p00_LPC17xx.a(lpc17xx_adc.o)
 .debug_macro   0x00001006       0xdd C:\Users\nicoc\Documents\Electronica Digital III\LPCXpresso\LPCXpresso_8.2.2_650\workspace2\CMSISv2p00_LPC17xx\Debug\libCMSISv2p00_LPC17xx.a(lpc17xx_adc.o)
 .debug_macro   0x000010e3       0x5a C:\Users\nicoc\Documents\Electronica Digital III\LPCXpresso\LPCXpresso_8.2.2_650\workspace2\CMSISv2p00_LPC17xx\Debug\libCMSISv2p00_LPC17xx.a(lpc17xx_libcfg_default.o)
 .debug_macro   0x0000113d       0x5d C:\Users\nicoc\Documents\Electronica Digital III\LPCXpresso\LPCXpresso_8.2.2_650\workspace2\CMSISv2p00_LPC17xx\Debug\libCMSISv2p00_LPC17xx.a(lpc17xx_libcfg_default.o)
 .debug_macro   0x0000119a       0xd7 C:\Users\nicoc\Documents\Electronica Digital III\LPCXpresso\LPCXpresso_8.2.2_650\workspace2\CMSISv2p00_LPC17xx\Debug\libCMSISv2p00_LPC17xx.a(lpc17xx_libcfg_default.o)
 .debug_macro   0x00001271       0xb2 C:\Users\nicoc\Documents\Electronica Digital III\LPCXpresso\LPCXpresso_8.2.2_650\workspace2\CMSISv2p00_LPC17xx\Debug\libCMSISv2p00_LPC17xx.a(lpc17xx_timer.o)
 .debug_macro   0x00001323       0xe4 C:\Users\nicoc\Documents\Electronica Digital III\LPCXpresso\LPCXpresso_8.2.2_650\workspace2\CMSISv2p00_LPC17xx\Debug\libCMSISv2p00_LPC17xx.a(lpc17xx_timer.o)
 .debug_macro   0x00001407      0x145 C:\Users\nicoc\Documents\Electronica Digital III\LPCXpresso\LPCXpresso_8.2.2_650\workspace2\CMSISv2p00_LPC17xx\Debug\libCMSISv2p00_LPC17xx.a(lpc17xx_timer.o)

.debug_line     0x00000000     0x1157
 .debug_line    0x00000000      0x42f ./src/TP_Final_0.0.1.o
 .debug_line    0x0000042f       0xd5 ./src/cr_startup_lpc175x_6x.o
 .debug_line    0x00000504      0x1d3 C:\Users\nicoc\Documents\Electronica Digital III\LPCXpresso\LPCXpresso_8.2.2_650\workspace2\CMSISv2p00_LPC17xx\Debug\libCMSISv2p00_LPC17xx.a(system_LPC17xx.o)
 .debug_line    0x000006d7      0x3ee C:\Users\nicoc\Documents\Electronica Digital III\LPCXpresso\LPCXpresso_8.2.2_650\workspace2\CMSISv2p00_LPC17xx\Debug\libCMSISv2p00_LPC17xx.a(lpc17xx_adc.o)
 .debug_line    0x00000ac5      0x1bb C:\Users\nicoc\Documents\Electronica Digital III\LPCXpresso\LPCXpresso_8.2.2_650\workspace2\CMSISv2p00_LPC17xx\Debug\libCMSISv2p00_LPC17xx.a(lpc17xx_libcfg_default.o)
 .debug_line    0x00000c80      0x4d7 C:\Users\nicoc\Documents\Electronica Digital III\LPCXpresso\LPCXpresso_8.2.2_650\workspace2\CMSISv2p00_LPC17xx\Debug\libCMSISv2p00_LPC17xx.a(lpc17xx_timer.o)

.debug_str      0x00000000     0xd09f
 .debug_str     0x00000000     0xb094 ./src/TP_Final_0.0.1.o
                               0xb125 (size before relaxing)
 .debug_str     0x0000b094      0x210 ./src/cr_startup_lpc175x_6x.o
                               0x26c3 (size before relaxing)
 .debug_str     0x0000b2a4      0x56f C:\Users\nicoc\Documents\Electronica Digital III\LPCXpresso\LPCXpresso_8.2.2_650\workspace2\CMSISv2p00_LPC17xx\Debug\libCMSISv2p00_LPC17xx.a(system_LPC17xx.o)
                               0x816f (size before relaxing)
 .debug_str     0x0000b813     0x15b9 C:\Users\nicoc\Documents\Electronica Digital III\LPCXpresso\LPCXpresso_8.2.2_650\workspace2\CMSISv2p00_LPC17xx\Debug\libCMSISv2p00_LPC17xx.a(lpc17xx_adc.o)
                               0x9d67 (size before relaxing)
 .debug_str     0x0000cdcc       0x2d C:\Users\nicoc\Documents\Electronica Digital III\LPCXpresso\LPCXpresso_8.2.2_650\workspace2\CMSISv2p00_LPC17xx\Debug\libCMSISv2p00_LPC17xx.a(lpc17xx_libcfg_default.o)
                               0x3f89 (size before relaxing)
 .debug_str     0x0000cdf9      0x2a6 C:\Users\nicoc\Documents\Electronica Digital III\LPCXpresso\LPCXpresso_8.2.2_650\workspace2\CMSISv2p00_LPC17xx\Debug\libCMSISv2p00_LPC17xx.a(lpc17xx_timer.o)
                               0xa38e (size before relaxing)

.comment        0x00000000       0xdc
 .comment       0x00000000       0x6e ./src/TP_Final_0.0.1.o
                                 0x6f (size before relaxing)
 .comment       0x0000006e       0x6f ./src/cr_startup_lpc175x_6x.o
 .comment       0x0000006e       0x6f C:\Users\nicoc\Documents\Electronica Digital III\LPCXpresso\LPCXpresso_8.2.2_650\workspace2\CMSISv2p00_LPC17xx\Debug\libCMSISv2p00_LPC17xx.a(system_LPC17xx.o)
 .comment       0x0000006e       0x6f C:\Users\nicoc\Documents\Electronica Digital III\LPCXpresso\LPCXpresso_8.2.2_650\workspace2\CMSISv2p00_LPC17xx\Debug\libCMSISv2p00_LPC17xx.a(lpc17xx_adc.o)
 .comment       0x0000006e       0x6f C:\Users\nicoc\Documents\Electronica Digital III\LPCXpresso\LPCXpresso_8.2.2_650\workspace2\CMSISv2p00_LPC17xx\Debug\libCMSISv2p00_LPC17xx.a(lpc17xx_libcfg_default.o)
 .comment       0x0000006e       0x6f C:\Users\nicoc\Documents\Electronica Digital III\LPCXpresso\LPCXpresso_8.2.2_650\workspace2\CMSISv2p00_LPC17xx\Debug\libCMSISv2p00_LPC17xx.a(lpc17xx_timer.o)
 .comment       0x0000006e       0x6e c:/nxp/lpcxpresso_8.2.2_650/lpcxpresso/tools/bin/../lib/gcc/arm-none-eabi/5.4.1/../../../../arm-none-eabi/lib/armv7-m\libcr_c.a(__weak__main.o)
                                 0x6f (size before relaxing)

.ARM.attributes
                0x00000000       0x31
 .ARM.attributes
                0x00000000       0x33 ./src/TP_Final_0.0.1.o
 .ARM.attributes
                0x00000033       0x33 ./src/cr_startup_lpc175x_6x.o
 .ARM.attributes
                0x00000066       0x33 C:\Users\nicoc\Documents\Electronica Digital III\LPCXpresso\LPCXpresso_8.2.2_650\workspace2\CMSISv2p00_LPC17xx\Debug\libCMSISv2p00_LPC17xx.a(system_LPC17xx.o)
 .ARM.attributes
                0x00000099       0x33 C:\Users\nicoc\Documents\Electronica Digital III\LPCXpresso\LPCXpresso_8.2.2_650\workspace2\CMSISv2p00_LPC17xx\Debug\libCMSISv2p00_LPC17xx.a(lpc17xx_adc.o)
 .ARM.attributes
                0x000000cc       0x33 C:\Users\nicoc\Documents\Electronica Digital III\LPCXpresso\LPCXpresso_8.2.2_650\workspace2\CMSISv2p00_LPC17xx\Debug\libCMSISv2p00_LPC17xx.a(lpc17xx_libcfg_default.o)
 .ARM.attributes
                0x000000ff       0x33 C:\Users\nicoc\Documents\Electronica Digital III\LPCXpresso\LPCXpresso_8.2.2_650\workspace2\CMSISv2p00_LPC17xx\Debug\libCMSISv2p00_LPC17xx.a(lpc17xx_timer.o)
 .ARM.attributes
                0x00000132       0x33 c:/nxp/lpcxpresso_8.2.2_650/lpcxpresso/tools/bin/../lib/gcc/arm-none-eabi/5.4.1/../../../../arm-none-eabi/lib/armv7-m\libcr_c.a(__weak__main.o)

.debug_frame    0x00000000      0x608
 .debug_frame   0x00000000      0x160 ./src/TP_Final_0.0.1.o
 .debug_frame   0x00000160      0x170 ./src/cr_startup_lpc175x_6x.o
 .debug_frame   0x000002d0       0x3c C:\Users\nicoc\Documents\Electronica Digital III\LPCXpresso\LPCXpresso_8.2.2_650\workspace2\CMSISv2p00_LPC17xx\Debug\libCMSISv2p00_LPC17xx.a(system_LPC17xx.o)
 .debug_frame   0x0000030c      0x16c C:\Users\nicoc\Documents\Electronica Digital III\LPCXpresso\LPCXpresso_8.2.2_650\workspace2\CMSISv2p00_LPC17xx\Debug\libCMSISv2p00_LPC17xx.a(lpc17xx_adc.o)
 .debug_frame   0x00000478       0x20 C:\Users\nicoc\Documents\Electronica Digital III\LPCXpresso\LPCXpresso_8.2.2_650\workspace2\CMSISv2p00_LPC17xx\Debug\libCMSISv2p00_LPC17xx.a(lpc17xx_libcfg_default.o)
 .debug_frame   0x00000498      0x170 C:\Users\nicoc\Documents\Electronica Digital III\LPCXpresso\LPCXpresso_8.2.2_650\workspace2\CMSISv2p00_LPC17xx\Debug\libCMSISv2p00_LPC17xx.a(lpc17xx_timer.o)

.debug_loc      0x00000000      0xb8f
 .debug_loc     0x00000000      0x4f7 C:\Users\nicoc\Documents\Electronica Digital III\LPCXpresso\LPCXpresso_8.2.2_650\workspace2\CMSISv2p00_LPC17xx\Debug\libCMSISv2p00_LPC17xx.a(lpc17xx_adc.o)
 .debug_loc     0x000004f7      0x698 C:\Users\nicoc\Documents\Electronica Digital III\LPCXpresso\LPCXpresso_8.2.2_650\workspace2\CMSISv2p00_LPC17xx\Debug\libCMSISv2p00_LPC17xx.a(lpc17xx_timer.o)
