Archive member included to satisfy reference by file (symbol)

C:\Users\nicoc\Documents\Electronica Digital III\LPCXpresso\LPCXpresso_8.2.2_650\workspace2\CMSISv2p00_LPC17xx\Debug\libCMSISv2p00_LPC17xx.a(system_LPC17xx.o)
                              ./src/cr_startup_lpc175x_6x.o (SystemInit)
C:\Users\nicoc\Documents\Electronica Digital III\LPCXpresso\LPCXpresso_8.2.2_650\workspace2\CMSISv2p00_LPC17xx\Debug\libCMSISv2p00_LPC17xx.a(lpc17xx_adc.o)
                              ./src/Pesaje.o (ADC_ChannelGetData)
C:\Users\nicoc\Documents\Electronica Digital III\LPCXpresso\LPCXpresso_8.2.2_650\workspace2\CMSISv2p00_LPC17xx\Debug\libCMSISv2p00_LPC17xx.a(lpc17xx_clkpwr.o)
                              C:\Users\nicoc\Documents\Electronica Digital III\LPCXpresso\LPCXpresso_8.2.2_650\workspace2\CMSISv2p00_LPC17xx\Debug\libCMSISv2p00_LPC17xx.a(lpc17xx_adc.o) (CLKPWR_GetPCLK)
C:\Users\nicoc\Documents\Electronica Digital III\LPCXpresso\LPCXpresso_8.2.2_650\workspace2\CMSISv2p00_LPC17xx\Debug\libCMSISv2p00_LPC17xx.a(lpc17xx_exti.o)
                              ./src/teclado.o (EXTI_ClearEXTIFlag)
C:\Users\nicoc\Documents\Electronica Digital III\LPCXpresso\LPCXpresso_8.2.2_650\workspace2\CMSISv2p00_LPC17xx\Debug\libCMSISv2p00_LPC17xx.a(lpc17xx_gpio.o)
                              ./src/GPIO.o (GPIO_SetDir)
C:\Users\nicoc\Documents\Electronica Digital III\LPCXpresso\LPCXpresso_8.2.2_650\workspace2\CMSISv2p00_LPC17xx\Debug\libCMSISv2p00_LPC17xx.a(lpc17xx_libcfg_default.o)
                              C:\Users\nicoc\Documents\Electronica Digital III\LPCXpresso\LPCXpresso_8.2.2_650\workspace2\CMSISv2p00_LPC17xx\Debug\libCMSISv2p00_LPC17xx.a(lpc17xx_adc.o) (check_failed)
C:\Users\nicoc\Documents\Electronica Digital III\LPCXpresso\LPCXpresso_8.2.2_650\workspace2\CMSISv2p00_LPC17xx\Debug\libCMSISv2p00_LPC17xx.a(lpc17xx_pinsel.o)
                              ./src/Pesaje.o (PINSEL_ConfigPin)
C:\Users\nicoc\Documents\Electronica Digital III\LPCXpresso\LPCXpresso_8.2.2_650\workspace2\CMSISv2p00_LPC17xx\Debug\libCMSISv2p00_LPC17xx.a(lpc17xx_systick.o)
                              ./src/Multiplex.o (SYSTICK_InternalInit)
C:\Users\nicoc\Documents\Electronica Digital III\LPCXpresso\LPCXpresso_8.2.2_650\workspace2\CMSISv2p00_LPC17xx\Debug\libCMSISv2p00_LPC17xx.a(lpc17xx_timer.o)
                              ./src/Pesaje.o (TIM_ClearIntPending)
C:\Users\nicoc\Documents\Electronica Digital III\LPCXpresso\LPCXpresso_8.2.2_650\workspace2\CMSISv2p00_LPC17xx\Debug\libCMSISv2p00_LPC17xx.a(lpc17xx_uart.o)
                              ./src/Transmision.o (UART_Init)
c:/nxp/lpcxpresso_8.2.2_650/lpcxpresso/tools/bin/../lib/gcc/arm-none-eabi/5.4.1/../../../../arm-none-eabi/lib/armv7-m\libcr_c.a(memset.o)
                              ./src/Transmision.o (memset)
c:/nxp/lpcxpresso_8.2.2_650/lpcxpresso/tools/bin/../lib/gcc/arm-none-eabi/5.4.1/../../../../arm-none-eabi/lib/armv7-m\libcr_c.a(__weak__main.o)
                              ./src/cr_startup_lpc175x_6x.o (__main)
c:/nxp/lpcxpresso_8.2.2_650/lpcxpresso/tools/bin/../lib/gcc/arm-none-eabi/5.4.1/armv7-m\libcr_eabihelpers.a(division_64.o)
                              C:\Users\nicoc\Documents\Electronica Digital III\LPCXpresso\LPCXpresso_8.2.2_650\workspace2\CMSISv2p00_LPC17xx\Debug\libCMSISv2p00_LPC17xx.a(system_LPC17xx.o) (__aeabi_uldivmod)
c:/nxp/lpcxpresso_8.2.2_650/lpcxpresso/tools/bin/../lib/gcc/arm-none-eabi/5.4.1/armv7-m\libcr_eabihelpers.a(division_idiv0.o)
                              c:/nxp/lpcxpresso_8.2.2_650/lpcxpresso/tools/bin/../lib/gcc/arm-none-eabi/5.4.1/armv7-m\libcr_eabihelpers.a(division_64.o) (__aeabi_idiv0)
c:/nxp/lpcxpresso_8.2.2_650/lpcxpresso/tools/bin/../lib/gcc/arm-none-eabi/5.4.1/armv7-m\libcr_eabihelpers.a(float.o)
                              C:\Users\nicoc\Documents\Electronica Digital III\LPCXpresso\LPCXpresso_8.2.2_650\workspace2\CMSISv2p00_LPC17xx\Debug\libCMSISv2p00_LPC17xx.a(lpc17xx_systick.o) (__aeabi_ui2f)
c:/nxp/lpcxpresso_8.2.2_650/lpcxpresso/tools/bin/../lib/gcc/arm-none-eabi/5.4.1/armv7-m\libcr_eabihelpers.a(memcpy.o)
                              c:/nxp/lpcxpresso_8.2.2_650/lpcxpresso/tools/bin/../lib/gcc/arm-none-eabi/5.4.1/../../../../arm-none-eabi/lib/armv7-m\libcr_c.a(memset.o) (__aeabi_lowlevel_memset)

Discarded input sections

 .group         0x00000000        0x8 ./src/GPIO.o
 .group         0x00000000        0x8 ./src/GPIO.o
 .group         0x00000000        0x8 ./src/GPIO.o
 .group         0x00000000        0x8 ./src/GPIO.o
 .group         0x00000000        0x8 ./src/GPIO.o
 .group         0x00000000        0x8 ./src/GPIO.o
 .group         0x00000000        0x8 ./src/GPIO.o
 .group         0x00000000        0x8 ./src/GPIO.o
 .group         0x00000000        0x8 ./src/GPIO.o
 .group         0x00000000        0x8 ./src/GPIO.o
 .group         0x00000000        0x8 ./src/GPIO.o
 .text          0x00000000        0x0 ./src/GPIO.o
 .data          0x00000000        0x0 ./src/GPIO.o
[...]
Memory Configuration

Name             Origin             Length             Attributes
MFlash512        0x00000000         0x00080000         xr
RamLoc32         0x10000000         0x00008000         xrw
RamAHB32         0x2007c000         0x00008000         xrw
*default*        0x00000000         0xffffffff

Linker script and memory map

LOAD ./src/GPIO.o
LOAD ./src/Multiplex.o
LOAD ./src/Pesaje.o
LOAD ./src/TP_Final_0.0.1.o
LOAD ./src/Transmision.o
LOAD ./src/cr_startup_lpc175x_6x.o
LOAD ./src/crp.o
LOAD ./src/logica.o
LOAD ./src/teclado.o
LOAD C:\Users\nicoc\Documents\Electronica Digital III\LPCXpresso\LPCXpresso_8.2.2_650\workspace2\CMSISv2p00_LPC17xx\Debug\libCMSISv2p00_LPC17xx.a
START GROUP
LOAD c:/nxp/lpcxpresso_8.2.2_650/lpcxpresso/tools/bin/../lib/gcc/arm-none-eabi/5.4.1/../../../../arm-none-eabi/lib/armv7-m\libcr_c.a
LOAD c:/nxp/lpcxpresso_8.2.2_650/lpcxpresso/tools/bin/../lib/gcc/arm-none-eabi/5.4.1/armv7-m\libcr_eabihelpers.a
END GROUP
                0x00000000                __base_MFlash512 = 0x0
                0x00000000                __base_Flash = 0x0
                0x00080000                __top_MFlash512 = 0x80000
                0x00080000                __top_Flash = 0x80000
                0x10000000                __base_RamLoc32 = 0x10000000
                0x10000000                __base_RAM = 0x10000000
                0x10008000                __top_RamLoc32 = 0x10008000
                0x10008000                __top_RAM = 0x10008000
                0x2007c000                __base_RamAHB32 = 0x2007c000
                0x2007c000                __base_RAM2 = 0x2007c000
                0x20084000                __top_RamAHB32 = 0x20084000
                0x20084000                __top_RAM2 = 0x20084000

.text           0x00000000     0x285c
 FILL mask 0xff
                0x00000000                __vectors_start__ = ABSOLUTE (.)
 *(.isr_vector)
 .isr_vector    0x00000000       0xcc ./src/cr_startup_lpc175x_6x.o
                0x00000000                g_pfnVectors
                0x000000cc                . = ALIGN (0x4)
                0x000000cc                __section_table_start = .
                0x000000cc                __data_section_table = .
                0x000000cc        0x4 LONG 0x285c LOADADDR (.data)
                0x000000d0        0x4 LONG 0x10000000 ADDR (.data)
                0x000000d4        0x4 LONG 0x48 SIZEOF (.data)
                0x000000d8        0x4 LONG 0x285c LOADADDR (.data_RAM2)
                0x000000dc        0x4 LONG 0x2007c000 ADDR (.data_RAM2)
                0x000000e0        0x4 LONG 0x0 SIZEOF (.data_RAM2)
                0x000000e4                __data_section_table_end = .
                0x000000e4                __bss_section_table = .
                0x000000e4        0x4 LONG 0x10000048 ADDR (.bss)
                0x000000e8        0x4 LONG 0x5bc SIZEOF (.bss)
                0x000000ec        0x4 LONG 0x2007c000 ADDR (.bss_RAM2)
                0x000000f0        0x4 LONG 0x0 SIZEOF (.bss_RAM2)
                0x000000f4                __bss_section_table_end = .
                0x000000f4                __section_table_end = .
 *(.after_vectors*)
 .after_vectors
                0x000000f4      0x144 ./src/cr_startup_lpc175x_6x.o
                0x000000f4                data_init
                0x00000138                bss_init
                0x00000170                ResetISR
                0x000001e8                NMI_Handler
                0x000001f0                HardFault_Handler
                0x000001f8                MemManage_Handler
                0x00000200                BusFault_Handler
                0x00000208                UsageFault_Handler
                0x00000210                SVC_Handler
                0x00000218                DebugMon_Handler
                0x00000220                PendSV_Handler
                0x00000230                UART1_IRQHandler
                0x00000230                CANActivity_IRQHandler
                0x00000230                TIMER3_IRQHandler
                0x00000230                USBActivity_IRQHandler
                0x00000230                EINT2_IRQHandler
                0x00000230                IntDefaultHandler
                0x00000230                PLL0_IRQHandler
                0x00000230                I2C0_IRQHandler
                0x00000230                PLL1_IRQHandler
                0x00000230                I2C1_IRQHandler
                0x00000230                I2S_IRQHandler
                0x00000230                I2C2_IRQHandler
                0x00000230                RTC_IRQHandler
                0x00000230                SPI_IRQHandler
                0x00000230                RIT_IRQHandler
                0x00000230                EINT1_IRQHandler
                0x00000230                UART2_IRQHandler
                0x00000230                SSP1_IRQHandler
                0x00000230                USB_IRQHandler
                0x00000230                BOD_IRQHandler
                0x00000230                PWM1_IRQHandler
                0x00000230                WDT_IRQHandler
                0x00000230                SSP0_IRQHandler
                0x00000230                QEI_IRQHandler
                0x00000230                EINT0_IRQHandler
                0x00000230                CAN_IRQHandler
                0x00000230                DMA_IRQHandler
                0x00000230                TIMER2_IRQHandler
                0x00000230                UART3_IRQHandler
                0x00000230                MCPWM_IRQHandler
                0x00000230                ENET_IRQHandler
 *(.text*)
 .text.confPinSoC
                0x00000238       0x8c ./src/GPIO.o
                0x00000238                confPinSoC
 .text.convert  0x000002c4       0xe0 ./src/Multiplex.o
                0x000002c4                convert
 .text.display  0x000003a4       0x84 ./src/Multiplex.o
                0x000003a4                display
 .text.SysTick_Handler
                0x00000428       0x58 ./src/Multiplex.o
                0x00000428                SysTick_Handler
 .text.sendPrueba
                0x00000480       0x5c ./src/Multiplex.o
                0x00000480                sendPrueba
 .text.NVIC_EnableIRQ
                0x000004dc       0x30 ./src/Pesaje.o
 .text.confTIM  0x0000050c       0x58 ./src/Pesaje.o
                0x0000050c                confTIM
 .text.confADCPin_0a3
                0x00000564       0x3c ./src/Pesaje.o
                0x00000564                confADCPin_0a3
 .text.confADC  0x000005a0       0x94 ./src/Pesaje.o
                0x000005a0                confADC
 .text.getPeso  0x00000634       0x14 ./src/Pesaje.o
                0x00000634                getPeso
 .text.tarar    0x00000648       0x1c ./src/Pesaje.o
                0x00000648                tarar
 .text.ADC_IRQHandler
                0x00000664      0x17c ./src/Pesaje.o
                0x00000664                ADC_IRQHandler
 .text.TIMER0_IRQHandler
                0x000007e0       0x60 ./src/Pesaje.o
                0x000007e0                TIMER0_IRQHandler
 .text.main     0x00000840       0x18 ./src/TP_Final_0.0.1.o
                0x00000840                main
 .text.NVIC_EnableIRQ
                0x00000858       0x30 ./src/Transmision.o
 .text.confUARTPin
                0x00000888       0x38 ./src/Transmision.o
                0x00000888                confUARTPin
 .text.confUART
                0x000008c0       0x58 ./src/Transmision.o
                0x000008c0                confUART
 .text.UART0_IRQHandler
                0x00000918       0x30 ./src/Transmision.o
                0x00000918                UART0_IRQHandler
 .text.UART_IntTransmit
                0x00000948      0x290 ./src/Transmision.o
                0x00000948                UART_IntTransmit
 .text.initTabla
                0x00000bd8       0x74 ./src/logica.o
                0x00000bd8                initTabla
 .text.getPrecio
                0x00000c4c       0x14 ./src/logica.o
                0x00000c4c                getPrecio
 .text.accion   0x00000c60       0x6c ./src/logica.o
                0x00000c60                accion
 .text.modoPesando
                0x00000ccc       0x78 ./src/logica.o
                0x00000ccc                modoPesando
 .text.agregarCompra
                0x00000d44       0xcc ./src/logica.o
                0x00000d44                agregarCompra
 .text.estaPesando
                0x00000e10       0x20 ./src/logica.o
                0x00000e10                estaPesando
 .text.modoSumaParcial
                0x00000e30       0x90 ./src/logica.o
                0x00000e30                modoSumaParcial
 .text.modoManual
                0x00000ec0       0x80 ./src/logica.o
                0x00000ec0                modoManual
 .text.agregarNumManual
                0x00000f40       0x74 ./src/logica.o
                0x00000f40                agregarNumManual
 .text.modoPreConfigurado
                0x00000fb4       0x5c ./src/logica.o
                0x00000fb4                modoPreConfigurado
 .text.agregarNumPC
                0x00001010       0x5c ./src/logica.o
                0x00001010                agregarNumPC
 .text.cargarPreConf
                0x0000106c       0x64 ./src/logica.o
                0x0000106c                cargarPreConf
 .text.finalizarCompra
                0x000010d0       0xe4 ./src/logica.o
                0x000010d0                finalizarCompra
 .text.reiniciarCompra
                0x000011b4       0x38 ./src/logica.o
                0x000011b4                reiniciarCompra
 .text.reempezarCompra
                0x000011ec       0x48 ./src/logica.o
                0x000011ec                reempezarCompra
 .text.modoModificarDatos
                0x00001234       0x78 ./src/logica.o
                0x00001234                modoModificarDatos
 .text.modificarDatos
                0x000012ac      0x19c ./src/logica.o
                0x000012ac                modificarDatos
 .text.reiniciarCuenta
                0x00001448       0x34 ./src/logica.o
                0x00001448                reiniciarCuenta
 .text.getStockEnAscii
                0x0000147c       0xb8 ./src/logica.o
                0x0000147c                getStockEnAscii
 .text.agregarDaC
                0x00001534       0x88 ./src/logica.o
                0x00001534                agregarDaC
 .text.pasarAAscii
                0x000015bc       0x74 ./src/logica.o
                0x000015bc                pasarAAscii
 .text.pruebaDemo
                0x00001630       0xb0 ./src/logica.o
                0x00001630                pruebaDemo
 .text.NVIC_EnableIRQ
                0x000016e0       0x30 ./src/teclado.o
 .text.NVIC_DisableIRQ
                0x00001710       0x34 ./src/teclado.o
 .text.EINT3_IRQHandler
                0x00001744       0x40 ./src/teclado.o
                0x00001744                EINT3_IRQHandler
 .text.lecturaYAccion
                0x00001784       0x2c ./src/teclado.o
                0x00001784                lecturaYAccion
 .text.lectura  0x000017b0       0xbc ./src/teclado.o
                0x000017b0                lectura
 .text.chequeaFila
                0x0000186c       0xe0 ./src/teclado.o
                0x0000186c                chequeaFila
 .text.TIMER1_IRQHandler
                0x0000194c        0xc ./src/teclado.o
                0x0000194c                TIMER1_IRQHandler
 .text.SystemInit
                0x00001958       0xe4 C:\Users\nicoc\Documents\Electronica Digital III\LPCXpresso\LPCXpresso_8.2.2_650\workspace2\CMSISv2p00_LPC17xx\Debug\libCMSISv2p00_LPC17xx.a(system_LPC17xx.o)
                0x00001958                SystemInit
 .text.ADC_ChannelGetData
                0x00001a3c       0x28 C:\Users\nicoc\Documents\Electronica Digital III\LPCXpresso\LPCXpresso_8.2.2_650\workspace2\CMSISv2p00_LPC17xx\Debug\libCMSISv2p00_LPC17xx.a(lpc17xx_adc.o)
                0x00001a3c                ADC_ChannelGetData
 .text.ADC_ChannelGetStatus
                0x00001a64       0x48 C:\Users\nicoc\Documents\Electronica Digital III\LPCXpresso\LPCXpresso_8.2.2_650\workspace2\CMSISv2p00_LPC17xx\Debug\libCMSISv2p00_LPC17xx.a(lpc17xx_adc.o)
                0x00001a64                ADC_ChannelGetStatus
 .text.CLKPWR_SetPCLKDiv
                0x00001aac       0x50 C:\Users\nicoc\Documents\Electronica Digital III\LPCXpresso\LPCXpresso_8.2.2_650\workspace2\CMSISv2p00_LPC17xx\Debug\libCMSISv2p00_LPC17xx.a(lpc17xx_clkpwr.o)
                0x00001aac                CLKPWR_SetPCLKDiv
 .text.CLKPWR_GetPCLKSEL
                0x00001afc       0x20 C:\Users\nicoc\Documents\Electronica Digital III\LPCXpresso\LPCXpresso_8.2.2_650\workspace2\CMSISv2p00_LPC17xx\Debug\libCMSISv2p00_LPC17xx.a(lpc17xx_clkpwr.o)
                0x00001afc                CLKPWR_GetPCLKSEL
 .text.CLKPWR_GetPCLK
                0x00001b1c       0x28 C:\Users\nicoc\Documents\Electronica Digital III\LPCXpresso\LPCXpresso_8.2.2_650\workspace2\CMSISv2p00_LPC17xx\Debug\libCMSISv2p00_LPC17xx.a(lpc17xx_clkpwr.o)
                0x00001b1c                CLKPWR_GetPCLK
 .text.CLKPWR_ConfigPPWR
                0x00001b44       0x38 C:\Users\nicoc\Documents\Electronica Digital III\LPCXpresso\LPCXpresso_8.2.2_650\workspace2\CMSISv2p00_LPC17xx\Debug\libCMSISv2p00_LPC17xx.a(lpc17xx_clkpwr.o)
                0x00001b44                CLKPWR_ConfigPPWR
 .text.EXTI_ClearEXTIFlag
                0x00001b7c       0x18 C:\Users\nicoc\Documents\Electronica Digital III\LPCXpresso\LPCXpresso_8.2.2_650\workspace2\CMSISv2p00_LPC17xx\Debug\libCMSISv2p00_LPC17xx.a(lpc17xx_exti.o)
                0x00001b7c                EXTI_ClearEXTIFlag
 .text.GPIO_SetValue
                0x00001b94       0x14 C:\Users\nicoc\Documents\Electronica Digital III\LPCXpresso\LPCXpresso_8.2.2_650\workspace2\CMSISv2p00_LPC17xx\Debug\libCMSISv2p00_LPC17xx.a(lpc17xx_gpio.o)
                0x00001b94                GPIO_SetValue
 .text.GPIO_ClearValue
                0x00001ba8       0x14 C:\Users\nicoc\Documents\Electronica Digital III\LPCXpresso\LPCXpresso_8.2.2_650\workspace2\CMSISv2p00_LPC17xx\Debug\libCMSISv2p00_LPC17xx.a(lpc17xx_gpio.o)
                0x00001ba8                GPIO_ClearValue
 .text.GPIO_GetIntStatus
                0x00001bbc       0x38 C:\Users\nicoc\Documents\Electronica Digital III\LPCXpresso\LPCXpresso_8.2.2_650\workspace2\CMSISv2p00_LPC17xx\Debug\libCMSISv2p00_LPC17xx.a(lpc17xx_gpio.o)
                0x00001bbc                GPIO_GetIntStatus
 .text.GPIO_ClearInt
                0x00001bf4       0x18 C:\Users\nicoc\Documents\Electronica Digital III\LPCXpresso\LPCXpresso_8.2.2_650\workspace2\CMSISv2p00_LPC17xx\Debug\libCMSISv2p00_LPC17xx.a(lpc17xx_gpio.o)
                0x00001bf4                GPIO_ClearInt
 .text.check_failed
                0x00001c0c        0x2 C:\Users\nicoc\Documents\Electronica Digital III\LPCXpresso\LPCXpresso_8.2.2_650\workspace2\CMSISv2p00_LPC17xx\Debug\libCMSISv2p00_LPC17xx.a(lpc17xx_libcfg_default.o)
                0x00001c0c                check_failed
 *fill*         0x00001c0e        0x2 ff
 .text.PINSEL_ConfigPin
                0x00001c10       0xa0 C:\Users\nicoc\Documents\Electronica Digital III\LPCXpresso\LPCXpresso_8.2.2_650\workspace2\CMSISv2p00_LPC17xx\Debug\libCMSISv2p00_LPC17xx.a(lpc17xx_pinsel.o)
                0x00001c10                PINSEL_ConfigPin
 .text.TIM_ClearIntPending
                0x00001cb0       0x4c C:\Users\nicoc\Documents\Electronica Digital III\LPCXpresso\LPCXpresso_8.2.2_650\workspace2\CMSISv2p00_LPC17xx\Debug\libCMSISv2p00_LPC17xx.a(lpc17xx_timer.o)
                0x00001cb0                TIM_ClearIntPending
 .text.TIM_Init
                0x00001cfc      0x17c C:\Users\nicoc\Documents\Electronica Digital III\LPCXpresso\LPCXpresso_8.2.2_650\workspace2\CMSISv2p00_LPC17xx\Debug\libCMSISv2p00_LPC17xx.a(lpc17xx_timer.o)
                0x00001cfc                TIM_Init
 .text.TIM_Cmd  0x00001e78       0x48 C:\Users\nicoc\Documents\Electronica Digital III\LPCXpresso\LPCXpresso_8.2.2_650\workspace2\CMSISv2p00_LPC17xx\Debug\libCMSISv2p00_LPC17xx.a(lpc17xx_timer.o)
                0x00001e78                TIM_Cmd
 .text.TIM_ResetCounter
                0x00001ec0       0x48 C:\Users\nicoc\Documents\Electronica Digital III\LPCXpresso\LPCXpresso_8.2.2_650\workspace2\CMSISv2p00_LPC17xx\Debug\libCMSISv2p00_LPC17xx.a(lpc17xx_timer.o)
                0x00001ec0                TIM_ResetCounter
 .text.TIM_ConfigMatch
                0x00001f08       0xf4 C:\Users\nicoc\Documents\Electronica Digital III\LPCXpresso\LPCXpresso_8.2.2_650\workspace2\CMSISv2p00_LPC17xx\Debug\libCMSISv2p00_LPC17xx.a(lpc17xx_timer.o)
                0x00001f08                TIM_ConfigMatch
 .text.UART_Init
                0x00001ffc      0x28c C:\Users\nicoc\Documents\Electronica Digital III\LPCXpresso\LPCXpresso_8.2.2_650\workspace2\CMSISv2p00_LPC17xx\Debug\libCMSISv2p00_LPC17xx.a(lpc17xx_uart.o)
                0x00001ffc                UART_Init
 .text.UART_ConfigStructInit
                0x00002288       0x12 C:\Users\nicoc\Documents\Electronica Digital III\LPCXpresso\LPCXpresso_8.2.2_650\workspace2\CMSISv2p00_LPC17xx\Debug\libCMSISv2p00_LPC17xx.a(lpc17xx_uart.o)
                0x00002288                UART_ConfigStructInit
 *fill*         0x0000229a        0x2 ff
 .text.UART_SendByte
                0x0000229c       0x3c C:\Users\nicoc\Documents\Electronica Digital III\LPCXpresso\LPCXpresso_8.2.2_650\workspace2\CMSISv2p00_LPC17xx\Debug\libCMSISv2p00_LPC17xx.a(lpc17xx_uart.o)
                0x0000229c                UART_SendByte
 .text.UART_Send.part.0
                0x000022d8       0x4a C:\Users\nicoc\Documents\Electronica Digital III\LPCXpresso\LPCXpresso_8.2.2_650\workspace2\CMSISv2p00_LPC17xx\Debug\libCMSISv2p00_LPC17xx.a(lpc17xx_uart.o)
 *fill*         0x00002322        0x2 ff
 .text.UART_ReceiveByte
                0x00002324       0x3c C:\Users\nicoc\Documents\Electronica Digital III\LPCXpresso\LPCXpresso_8.2.2_650\workspace2\CMSISv2p00_LPC17xx\Debug\libCMSISv2p00_LPC17xx.a(lpc17xx_uart.o)
                0x00002324                UART_ReceiveByte
 .text.UART_Send
                0x00002360       0x52 C:\Users\nicoc\Documents\Electronica Digital III\LPCXpresso\LPCXpresso_8.2.2_650\workspace2\CMSISv2p00_LPC17xx\Debug\libCMSISv2p00_LPC17xx.a(lpc17xx_uart.o)
                0x00002360                UART_Send
 .text.UART_Receive
                0x000023b2       0x50 C:\Users\nicoc\Documents\Electronica Digital III\LPCXpresso\LPCXpresso_8.2.2_650\workspace2\CMSISv2p00_LPC17xx\Debug\libCMSISv2p00_LPC17xx.a(lpc17xx_uart.o)
                0x000023b2                UART_Receive
 *fill*         0x00002402        0x2 ff
 .text.UART_IntConfig
                0x00002404       0xc0 C:\Users\nicoc\Documents\Electronica Digital III\LPCXpresso\LPCXpresso_8.2.2_650\workspace2\CMSISv2p00_LPC17xx\Debug\libCMSISv2p00_LPC17xx.a(lpc17xx_uart.o)
                0x00002404                UART_IntConfig
 .text.UART_GetIntId
                0x000024c4       0x40 C:\Users\nicoc\Documents\Electronica Digital III\LPCXpresso\LPCXpresso_8.2.2_650\workspace2\CMSISv2p00_LPC17xx\Debug\libCMSISv2p00_LPC17xx.a(lpc17xx_uart.o)
                0x000024c4                UART_GetIntId
 .text.UART_FIFOConfig
                0x00002504       0xb0 C:\Users\nicoc\Documents\Electronica Digital III\LPCXpresso\LPCXpresso_8.2.2_650\workspace2\CMSISv2p00_LPC17xx\Debug\libCMSISv2p00_LPC17xx.a(lpc17xx_uart.o)
                0x00002504                UART_FIFOConfig
 .text.UART_FIFOConfigStructInit
                0x000025b4        0xe C:\Users\nicoc\Documents\Electronica Digital III\LPCXpresso\LPCXpresso_8.2.2_650\workspace2\CMSISv2p00_LPC17xx\Debug\libCMSISv2p00_LPC17xx.a(lpc17xx_uart.o)
                0x000025b4                UART_FIFOConfigStructInit
 *fill*         0x000025c2        0x2 ff
 .text.UART_TxCmd
                0x000025c4       0x64 C:\Users\nicoc\Documents\Electronica Digital III\LPCXpresso\LPCXpresso_8.2.2_650\workspace2\CMSISv2p00_LPC17xx\Debug\libCMSISv2p00_LPC17xx.a(lpc17xx_uart.o)
                0x000025c4                UART_TxCmd
 .text.memset   0x00002628        0x4 c:/nxp/lpcxpresso_8.2.2_650/lpcxpresso/tools/bin/../lib/gcc/arm-none-eabi/5.4.1/../../../../arm-none-eabi/lib/armv7-m\libcr_c.a(memset.o)
                0x00002628                memset
 .text.__weak_main
                0x0000262c        0x4 c:/nxp/lpcxpresso_8.2.2_650/lpcxpresso/tools/bin/../lib/gcc/arm-none-eabi/5.4.1/../../../../arm-none-eabi/lib/armv7-m\libcr_c.a(__weak__main.o)
                0x0000262c                __weak_main
                0x0000262c                __main
 .text.__aeabi_division_uldivmod
                0x00002630      0x174 c:/nxp/lpcxpresso_8.2.2_650/lpcxpresso/tools/bin/../lib/gcc/arm-none-eabi/5.4.1/armv7-m\libcr_eabihelpers.a(division_64.o)
                0x00002630                __aeabi_uldivmod
                0x00002634                __bhs_ldivmod1
 .text.__aeabi_division_idiv0
                0x000027a4        0x2 c:/nxp/lpcxpresso_8.2.2_650/lpcxpresso/tools/bin/../lib/gcc/arm-none-eabi/5.4.1/armv7-m\libcr_eabihelpers.a(division_idiv0.o)
                0x000027a4                __aeabi_idiv0
 .text.__aeabi_memset_lowlevel
                0x000027a6       0x32 c:/nxp/lpcxpresso_8.2.2_650/lpcxpresso/tools/bin/../lib/gcc/arm-none-eabi/5.4.1/armv7-m\libcr_eabihelpers.a(memcpy.o)
                0x000027a6                __aeabi_lowlevel_memset
 *(.rodata .rodata.* .constdata .constdata.*)
 .rodata        0x000027d8        0x3 ./src/Transmision.o
 .rodata.str1.1
                0x000027db       0x1d C:\Users\nicoc\Documents\Electronica Digital III\LPCXpresso\LPCXpresso_8.2.2_650\workspace2\CMSISv2p00_LPC17xx\Debug\libCMSISv2p00_LPC17xx.a(lpc17xx_adc.o)
 .rodata.CSWTCH.9
                0x000027f8       0x14 C:\Users\nicoc\Documents\Electronica Digital III\LPCXpresso\LPCXpresso_8.2.2_650\workspace2\CMSISv2p00_LPC17xx\Debug\libCMSISv2p00_LPC17xx.a(lpc17xx_gpio.o)
 .rodata.str1.1
                0x0000280c       0x1f C:\Users\nicoc\Documents\Electronica Digital III\LPCXpresso\LPCXpresso_8.2.2_650\workspace2\CMSISv2p00_LPC17xx\Debug\libCMSISv2p00_LPC17xx.a(lpc17xx_timer.o)
 .rodata.CSWTCH.34
                0x0000282b        0x3 C:\Users\nicoc\Documents\Electronica Digital III\LPCXpresso\LPCXpresso_8.2.2_650\workspace2\CMSISv2p00_LPC17xx\Debug\libCMSISv2p00_LPC17xx.a(lpc17xx_uart.o)
 .rodata.str1.1
                0x0000282e       0x1e C:\Users\nicoc\Documents\Electronica Digital III\LPCXpresso\LPCXpresso_8.2.2_650\workspace2\CMSISv2p00_LPC17xx\Debug\libCMSISv2p00_LPC17xx.a(lpc17xx_uart.o)
 .rodata.CSWTCH.29
                0x0000284c        0xe C:\Users\nicoc\Documents\Electronica Digital III\LPCXpresso\LPCXpresso_8.2.2_650\workspace2\CMSISv2p00_LPC17xx\Debug\libCMSISv2p00_LPC17xx.a(lpc17xx_uart.o)
                0x0000285c                . = ALIGN (0x4)
 *fill*         0x0000285a        0x2 ff

.glue_7         0x0000285c        0x0
 .glue_7        0x0000285c        0x0 linker stubs

.glue_7t        0x0000285c        0x0
 .glue_7t       0x0000285c        0x0 linker stubs

.vfp11_veneer   0x0000285c        0x0
 .vfp11_veneer  0x0000285c        0x0 linker stubs

.v4_bx          0x0000285c        0x0
 .v4_bx         0x0000285c        0x0 linker stubs

.iplt           0x0000285c        0x0
 .iplt          0x0000285c        0x0 ./src/GPIO.o

.rel.dyn        0x0000285c        0x0
 .rel.iplt      0x0000285c        0x0 ./src/GPIO.o

.ARM.extab
 *(.ARM.extab* .gnu.linkonce.armextab.*)
                0x0000285c                __exidx_start = .

.ARM.exidx
 *(.ARM.exidx* .gnu.linkonce.armexidx.*)
                0x0000285c                __exidx_end = .
                0x0000285c                _etext = .

.data_RAM2      0x2007c000        0x0 load address 0x0000285c
 FILL mask 0xff
                [!provide]                PROVIDE (__start_data_RAM2, .)
 *(.ramfunc.$RAM2)
 *(.ramfunc.$RamAHB32)
 *(.data.$RAM2*)
 *(.data.$RamAHB32*)
                0x2007c000                . = ALIGN (0x4)
                [!provide]                PROVIDE (__end_data_RAM2, .)

.uninit_RESERVED
                0x10000000        0x0
 *(.bss.$RESERVED*)
                0x10000000                . = ALIGN (0x4)
                0x10000000                _end_uninit_RESERVED = .

.data           0x10000000       0x48 load address 0x0000285c
 FILL mask 0xff
                0x10000000                _data = .
 *(vtable)
 *(.ramfunc*)
 *(.data*)
 .data.prender  0x10000000        0xa ./src/Multiplex.o
                0x10000000                prender
 *fill*         0x1000000a        0x2 ff
 .data.apagar   0x1000000c        0xa ./src/Multiplex.o
                0x1000000c                apagar
 *fill*         0x10000016        0x2 ff
 .data.prueba   0x10000018       0x13 ./src/Multiplex.o
                0x10000018                prueba
 *fill*         0x1000002b        0x1 ff
 .data.disp.5388
                0x1000002c        0x4 ./src/Multiplex.o
 .data.mascara  0x10000030        0x2 ./src/Pesaje.o
                0x10000030                mascara
 .data.resolucion
                0x10000032        0x2 ./src/Pesaje.o
                0x10000032                resolucion
 .data.teclado  0x10000034       0x10 ./src/teclado.o
 .data.SystemCoreClock
                0x10000044        0x4 C:\Users\nicoc\Documents\Electronica Digital III\LPCXpresso\LPCXpresso_8.2.2_650\workspace2\CMSISv2p00_LPC17xx\Debug\libCMSISv2p00_LPC17xx.a(system_LPC17xx.o)
                0x10000044                SystemCoreClock
                0x10000048                . = ALIGN (0x4)
                0x10000048                _edata = .

.igot.plt       0x10000048        0x0 load address 0x000028a4
 .igot.plt      0x10000048        0x0 ./src/GPIO.o

.bss_RAM2       0x2007c000        0x0
                [!provide]                PROVIDE (__start_bss_RAM2, .)
 *(.bss.$RAM2*)
 *(.bss.$RamAHB32*)
                0x2007c000                . = ALIGN ((. != 0x0)?0x4:0x1)
                [!provide]                PROVIDE (__end_bss_RAM2, .)

.bss            0x10000048      0x5bc
                0x10000048                _bss = .
 *(.bss*)
 .bss.nums      0x10000048       0x1e ./src/Multiplex.o
                0x10000048                nums
 .bss.dig.5387  0x10000066        0x1 ./src/Multiplex.o
 *fill*         0x10000067        0x1 
 .bss.peso      0x10000068        0x2 ./src/Pesaje.o
                0x10000068                peso
 .bss.tara      0x1000006a        0x2 ./src/Pesaje.o
 .bss.valADC1.5285
                0x1000006c        0x2 ./src/Pesaje.o
 .bss.valADC2.5286
                0x1000006e        0x2 ./src/Pesaje.o
 .bss.valADC3.5287
                0x10000070        0x2 ./src/Pesaje.o
 .bss.valADC4.5288
                0x10000072        0x2 ./src/Pesaje.o
 .bss.channel.5294
                0x10000074        0x1 ./src/Pesaje.o
 *fill*         0x10000075        0x3 
 .bss.datos     0x10000078      0x258 ./src/logica.o
 .bss.compra    0x100002d0      0x320 ./src/logica.o
 .bss.modo      0x100005f0        0x1 ./src/logica.o
 .bss.contaDig  0x100005f1        0x1 ./src/logica.o
 .bss.precio    0x100005f2        0x2 ./src/logica.o
 .bss.codigo    0x100005f4        0x1 ./src/logica.o
 .bss.sumaParcial
                0x100005f5        0x1 ./src/logica.o
 .bss.cantCompras
                0x100005f6        0x1 ./src/logica.o
 .bss.tipoCompra
                0x100005f7        0x1 ./src/logica.o
 .bss.vendido   0x100005f8        0x1 ./src/logica.o
 .bss.estado    0x100005f9        0x1 ./src/logica.o
 .bss.codigoAMod
                0x100005fa        0x1 ./src/logica.o
 .bss.precioAMod
                0x100005fb        0x1 ./src/logica.o
 .bss.cantidadAMod
                0x100005fc        0x1 ./src/logica.o
 .bss.contaModDatos
                0x100005fd        0x1 ./src/logica.o
 .bss.tecla     0x100005fe        0x1 ./src/teclado.o
 .bss.teclaPulsada
                0x100005ff        0x1 ./src/teclado.o
 .bss.fila      0x10000600        0x1 ./src/teclado.o
 .bss.columna   0x10000601        0x1 ./src/teclado.o
 *(COMMON)
                0x10000604                . = ALIGN (0x4)
 *fill*         0x10000602        0x2 
                0x10000604                _ebss = .
                [!provide]                PROVIDE (end, .)

.noinit_RAM2    0x2007c000        0x0
 *(.noinit.$RAM2*)
 *(.noinit.$RamAHB32*)
                0x2007c000                . = ALIGN (0x4)

.noinit         0x10000604        0x0
                0x10000604                _noinit = .
 *(.noinit*)
                0x10000604                . = ALIGN (0x4)
                0x10000604                _end_noinit = .
                [!provide]                PROVIDE (_pvHeapStart, DEFINED (__user_heap_base)?__user_heap_base:.)
                0x10008000                PROVIDE (_vStackTop, DEFINED (__user_stack_top)?__user_stack_top:(__top_RamLoc32 - 0x0))
                0xefff74b2                PROVIDE (__valid_user_code_checksum, (0x0 - ((((((_vStackTop + (ResetISR + 0x1)) + (NMI_Handler + 0x1)) + (HardFault_Handler + 0x1)) + (DEFINED (MemManage_Handler)?MemManage_Handler:0x0 + 0x1)) + (DEFINED (BusFault_Handler)?BusFault_Handler:0x0 + 0x1)) + (DEFINED (UsageFault_Handler)?UsageFault_Handler:0x0 + 0x1))))
OUTPUT(TP_Final_0.0.1.axf elf32-littlearm)

.debug_info     0x00000000     0x7eb8
 .debug_info    0x00000000      0x197 ./src/GPIO.o
 .debug_info    0x00000197      0x4a5 ./src/Multiplex.o
 .debug_info    0x0000063c      0xc12 ./src/Pesaje.o
 .debug_info    0x0000124e       0xaf ./src/TP_Final_0.0.1.o
 .debug_info    0x000012fd      0x7e0 ./src/Transmision.o
 .debug_info    0x00001add      0x253 ./src/cr_startup_lpc175x_6x.o
 .debug_info    0x00001d30      0x64f ./src/logica.o
 .debug_info    0x0000237f      0xa6f ./src/teclado.o
 .debug_info    0x00002dee      0x318 C:\Users\nicoc\Documents\Electronica Digital III\LPCXpresso\LPCXpresso_8.2.2_650\workspace2\CMSISv2p00_LPC17xx\Debug\libCMSISv2p00_LPC17xx.a(system_LPC17xx.o)
 .debug_info    0x00003106      0x83f C:\Users\nicoc\Documents\Electronica Digital III\LPCXpresso\LPCXpresso_8.2.2_650\workspace2\CMSISv2p00_LPC17xx\Debug\libCMSISv2p00_LPC17xx.a(lpc17xx_adc.o)
 .debug_info    0x00003945      0x650 C:\Users\nicoc\Documents\Electronica Digital III\LPCXpresso\LPCXpresso_8.2.2_650\workspace2\CMSISv2p00_LPC17xx\Debug\libCMSISv2p00_LPC17xx.a(lpc17xx_clkpwr.o)
 .debug_info    0x00003f95      0x4e3 C:\Users\nicoc\Documents\Electronica Digital III\LPCXpresso\LPCXpresso_8.2.2_650\workspace2\CMSISv2p00_LPC17xx\Debug\libCMSISv2p00_LPC17xx.a(lpc17xx_exti.o)
 .debug_info    0x00004478      0xd6f C:\Users\nicoc\Documents\Electronica Digital III\LPCXpresso\LPCXpresso_8.2.2_650\workspace2\CMSISv2p00_LPC17xx\Debug\libCMSISv2p00_LPC17xx.a(lpc17xx_gpio.o)
 .debug_info    0x000051e7       0xc3 C:\Users\nicoc\Documents\Electronica Digital III\LPCXpresso\LPCXpresso_8.2.2_650\workspace2\CMSISv2p00_LPC17xx\Debug\libCMSISv2p00_LPC17xx.a(lpc17xx_libcfg_default.o)
 .debug_info    0x000052aa      0x4e4 C:\Users\nicoc\Documents\Electronica Digital III\LPCXpresso\LPCXpresso_8.2.2_650\workspace2\CMSISv2p00_LPC17xx\Debug\libCMSISv2p00_LPC17xx.a(lpc17xx_pinsel.o)
 .debug_info    0x0000578e      0xb4c C:\Users\nicoc\Documents\Electronica Digital III\LPCXpresso\LPCXpresso_8.2.2_650\workspace2\CMSISv2p00_LPC17xx\Debug\libCMSISv2p00_LPC17xx.a(lpc17xx_timer.o)
 .debug_info    0x000062da     0x1bde C:\Users\nicoc\Documents\Electronica Digital III\LPCXpresso\LPCXpresso_8.2.2_650\workspace2\CMSISv2p00_LPC17xx\Debug\libCMSISv2p00_LPC17xx.a(lpc17xx_uart.o)

.debug_abbrev   0x00000000     0x1b8f
 .debug_abbrev  0x00000000       0xab ./src/GPIO.o
 .debug_abbrev  0x000000ab      0x17e ./src/Multiplex.o
 .debug_abbrev  0x00000229      0x1e8 ./src/Pesaje.o
 .debug_abbrev  0x00000411       0x6c ./src/TP_Final_0.0.1.o
 .debug_abbrev  0x0000047d      0x1cc ./src/Transmision.o
 .debug_abbrev  0x00000649       0xf5 ./src/cr_startup_lpc175x_6x.o
 .debug_abbrev  0x0000073e      0x1eb ./src/logica.o
 .debug_abbrev  0x00000929      0x240 ./src/teclado.o
 .debug_abbrev  0x00000b69       0xe6 C:\Users\nicoc\Documents\Electronica Digital III\LPCXpresso\LPCXpresso_8.2.2_650\workspace2\CMSISv2p00_LPC17xx\Debug\libCMSISv2p00_LPC17xx.a(system_LPC17xx.o)
 .debug_abbrev  0x00000c4f      0x19d C:\Users\nicoc\Documents\Electronica Digital III\LPCXpresso\LPCXpresso_8.2.2_650\workspace2\CMSISv2p00_LPC17xx\Debug\libCMSISv2p00_LPC17xx.a(lpc17xx_adc.o)
 .debug_abbrev  0x00000dec      0x1e5 C:\Users\nicoc\Documents\Electronica Digital III\LPCXpresso\LPCXpresso_8.2.2_650\workspace2\CMSISv2p00_LPC17xx\Debug\libCMSISv2p00_LPC17xx.a(lpc17xx_clkpwr.o)
 .debug_abbrev  0x00000fd1      0x17a C:\Users\nicoc\Documents\Electronica Digital III\LPCXpresso\LPCXpresso_8.2.2_650\workspace2\CMSISv2p00_LPC17xx\Debug\libCMSISv2p00_LPC17xx.a(lpc17xx_exti.o)
 .debug_abbrev  0x0000114b      0x234 C:\Users\nicoc\Documents\Electronica Digital III\LPCXpresso\LPCXpresso_8.2.2_650\workspace2\CMSISv2p00_LPC17xx\Debug\libCMSISv2p00_LPC17xx.a(lpc17xx_gpio.o)
 .debug_abbrev  0x0000137f       0x6f C:\Users\nicoc\Documents\Electronica Digital III\LPCXpresso\LPCXpresso_8.2.2_650\workspace2\CMSISv2p00_LPC17xx\Debug\libCMSISv2p00_LPC17xx.a(lpc17xx_libcfg_default.o)
 .debug_abbrev  0x000013ee      0x187 C:\Users\nicoc\Documents\Electronica Digital III\LPCXpresso\LPCXpresso_8.2.2_650\workspace2\CMSISv2p00_LPC17xx\Debug\libCMSISv2p00_LPC17xx.a(lpc17xx_pinsel.o)
 .debug_abbrev  0x00001575      0x2b0 C:\Users\nicoc\Documents\Electronica Digital III\LPCXpresso\LPCXpresso_8.2.2_650\workspace2\CMSISv2p00_LPC17xx\Debug\libCMSISv2p00_LPC17xx.a(lpc17xx_timer.o)
 .debug_abbrev  0x00001825      0x36a C:\Users\nicoc\Documents\Electronica Digital III\LPCXpresso\LPCXpresso_8.2.2_650\workspace2\CMSISv2p00_LPC17xx\Debug\libCMSISv2p00_LPC17xx.a(lpc17xx_uart.o)

.debug_aranges  0x00000000      0x6f0
 .debug_aranges
                0x00000000       0x30 ./src/GPIO.o
 .debug_aranges
                0x00000030       0x40 ./src/Multiplex.o
 .debug_aranges
                0x00000070       0x58 ./src/Pesaje.o
 .debug_aranges
                0x000000c8       0x20 ./src/TP_Final_0.0.1.o
 .debug_aranges
                0x000000e8       0x40 ./src/Transmision.o
 .debug_aranges
                0x00000128       0x80 ./src/cr_startup_lpc175x_6x.o
 .debug_aranges
                0x000001a8       0xd8 ./src/logica.o
 .debug_aranges
                0x00000280       0x78 ./src/teclado.o
 .debug_aranges
                0x000002f8       0x28 C:\Users\nicoc\Documents\Electronica Digital III\LPCXpresso\LPCXpresso_8.2.2_650\workspace2\CMSISv2p00_LPC17xx\Debug\libCMSISv2p00_LPC17xx.a(system_LPC17xx.o)
 .debug_aranges
                0x00000320       0x80 C:\Users\nicoc\Documents\Electronica Digital III\LPCXpresso\LPCXpresso_8.2.2_650\workspace2\CMSISv2p00_LPC17xx\Debug\libCMSISv2p00_LPC17xx.a(lpc17xx_adc.o)
 .debug_aranges
                0x000003a0       0x58 C:\Users\nicoc\Documents\Electronica Digital III\LPCXpresso\LPCXpresso_8.2.2_650\workspace2\CMSISv2p00_LPC17xx\Debug\libCMSISv2p00_LPC17xx.a(lpc17xx_clkpwr.o)
 .debug_aranges
                0x000003f8       0x48 C:\Users\nicoc\Documents\Electronica Digital III\LPCXpresso\LPCXpresso_8.2.2_650\workspace2\CMSISv2p00_LPC17xx\Debug\libCMSISv2p00_LPC17xx.a(lpc17xx_exti.o)
 .debug_aranges
                0x00000440       0xe0 C:\Users\nicoc\Documents\Electronica Digital III\LPCXpresso\LPCXpresso_8.2.2_650\workspace2\CMSISv2p00_LPC17xx\Debug\libCMSISv2p00_LPC17xx.a(lpc17xx_gpio.o)
 .debug_aranges
                0x00000520       0x20 C:\Users\nicoc\Documents\Electronica Digital III\LPCXpresso\LPCXpresso_8.2.2_650\workspace2\CMSISv2p00_LPC17xx\Debug\libCMSISv2p00_LPC17xx.a(lpc17xx_libcfg_default.o)
 .debug_aranges
                0x00000540       0x30 C:\Users\nicoc\Documents\Electronica Digital III\LPCXpresso\LPCXpresso_8.2.2_650\workspace2\CMSISv2p00_LPC17xx\Debug\libCMSISv2p00_LPC17xx.a(lpc17xx_pinsel.o)
 .debug_aranges
                0x00000570       0x80 C:\Users\nicoc\Documents\Electronica Digital III\LPCXpresso\LPCXpresso_8.2.2_650\workspace2\CMSISv2p00_LPC17xx\Debug\libCMSISv2p00_LPC17xx.a(lpc17xx_timer.o)
 .debug_aranges
                0x000005f0      0x100 C:\Users\nicoc\Documents\Electronica Digital III\LPCXpresso\LPCXpresso_8.2.2_650\workspace2\CMSISv2p00_LPC17xx\Debug\libCMSISv2p00_LPC17xx.a(lpc17xx_uart.o)

.debug_ranges   0x00000000      0x688
 .debug_ranges  0x00000000       0x20 ./src/GPIO.o
 .debug_ranges  0x00000020       0x30 ./src/Multiplex.o
 .debug_ranges  0x00000050       0x48 ./src/Pesaje.o
 .debug_ranges  0x00000098       0x10 ./src/TP_Final_0.0.1.o
 .debug_ranges  0x000000a8       0x30 ./src/Transmision.o
 .debug_ranges  0x000000d8       0x70 ./src/cr_startup_lpc175x_6x.o
 .debug_ranges  0x00000148       0xc8 ./src/logica.o
 .debug_ranges  0x00000210       0x68 ./src/teclado.o
 .debug_ranges  0x00000278       0x18 C:\Users\nicoc\Documents\Electronica Digital III\LPCXpresso\LPCXpresso_8.2.2_650\workspace2\CMSISv2p00_LPC17xx\Debug\libCMSISv2p00_LPC17xx.a(system_LPC17xx.o)
 .debug_ranges  0x00000290       0x70 C:\Users\nicoc\Documents\Electronica Digital III\LPCXpresso\LPCXpresso_8.2.2_650\workspace2\CMSISv2p00_LPC17xx\Debug\libCMSISv2p00_LPC17xx.a(lpc17xx_adc.o)
 .debug_ranges  0x00000300       0x48 C:\Users\nicoc\Documents\Electronica Digital III\LPCXpresso\LPCXpresso_8.2.2_650\workspace2\CMSISv2p00_LPC17xx\Debug\libCMSISv2p00_LPC17xx.a(lpc17xx_clkpwr.o)
 .debug_ranges  0x00000348       0x38 C:\Users\nicoc\Documents\Electronica Digital III\LPCXpresso\LPCXpresso_8.2.2_650\workspace2\CMSISv2p00_LPC17xx\Debug\libCMSISv2p00_LPC17xx.a(lpc17xx_exti.o)
 .debug_ranges  0x00000380       0xd0 C:\Users\nicoc\Documents\Electronica Digital III\LPCXpresso\LPCXpresso_8.2.2_650\workspace2\CMSISv2p00_LPC17xx\Debug\libCMSISv2p00_LPC17xx.a(lpc17xx_gpio.o)
 .debug_ranges  0x00000450       0x10 C:\Users\nicoc\Documents\Electronica Digital III\LPCXpresso\LPCXpresso_8.2.2_650\workspace2\CMSISv2p00_LPC17xx\Debug\libCMSISv2p00_LPC17xx.a(lpc17xx_libcfg_default.o)
 .debug_ranges  0x00000460       0x70 C:\Users\nicoc\Documents\Electronica Digital III\LPCXpresso\LPCXpresso_8.2.2_650\workspace2\CMSISv2p00_LPC17xx\Debug\libCMSISv2p00_LPC17xx.a(lpc17xx_pinsel.o)
 .debug_ranges  0x000004d0       0x70 C:\Users\nicoc\Documents\Electronica Digital III\LPCXpresso\LPCXpresso_8.2.2_650\workspace2\CMSISv2p00_LPC17xx\Debug\libCMSISv2p00_LPC17xx.a(lpc17xx_timer.o)
 .debug_ranges  0x00000540      0x148 C:\Users\nicoc\Documents\Electronica Digital III\LPCXpresso\LPCXpresso_8.2.2_650\workspace2\CMSISv2p00_LPC17xx\Debug\libCMSISv2p00_LPC17xx.a(lpc17xx_uart.o)

.debug_macro    0x00000000     0x43f7
 .debug_macro   0x00000000       0x9d ./src/GPIO.o
 .debug_macro   0x0000009d      0x88c ./src/GPIO.o
 .debug_macro   0x00000929       0x1c ./src/GPIO.o
 .debug_macro   0x00000945       0x2e ./src/GPIO.o
 .debug_macro   0x00000973       0x10 ./src/GPIO.o
 .debug_macro   0x00000983      0x12d ./src/GPIO.o
 .debug_macro   0x00000ab0      0x5b2 ./src/GPIO.o
 .debug_macro   0x00001062       0x18 ./src/GPIO.o
 .debug_macro   0x0000107a      0x7af ./src/GPIO.o
 .debug_macro   0x00001829      0x2c7 ./src/GPIO.o
 .debug_macro   0x00001af0       0x63 ./src/GPIO.o
 .debug_macro   0x00001b53       0x40 ./src/GPIO.o
 .debug_macro   0x00001b93       0xa9 ./src/Multiplex.o
 .debug_macro   0x00001c3c       0x46 ./src/Multiplex.o
 .debug_macro   0x00001c82       0x46 ./src/Multiplex.o
 .debug_macro   0x00001cc8      0x33a ./src/Multiplex.o
 .debug_macro   0x00002002       0xcb ./src/Pesaje.o
 .debug_macro   0x000020cd      0x13f ./src/Pesaje.o
 .debug_macro   0x0000220c       0xeb ./src/Pesaje.o
 .debug_macro   0x000022f7       0xea ./src/Pesaje.o
 .debug_macro   0x000023e1       0xdf ./src/TP_Final_0.0.1.o
 .debug_macro   0x000024c0       0xc2 ./src/Transmision.o
 .debug_macro   0x00002582       0x1d ./src/cr_startup_lpc175x_6x.o
 .debug_macro   0x0000259f       0xca ./src/logica.o
 .debug_macro   0x00002669       0x22 ./src/logica.o
 .debug_macro   0x0000268b       0xd4 ./src/teclado.o
 .debug_macro   0x0000275f      0x12b C:\Users\nicoc\Documents\Electronica Digital III\LPCXpresso\LPCXpresso_8.2.2_650\workspace2\CMSISv2p00_LPC17xx\Debug\libCMSISv2p00_LPC17xx.a(system_LPC17xx.o)
 .debug_macro   0x0000288a      0x886 C:\Users\nicoc\Documents\Electronica Digital III\LPCXpresso\LPCXpresso_8.2.2_650\workspace2\CMSISv2p00_LPC17xx\Debug\libCMSISv2p00_LPC17xx.a(system_LPC17xx.o)
 .debug_macro   0x00003110       0xa9 C:\Users\nicoc\Documents\Electronica Digital III\LPCXpresso\LPCXpresso_8.2.2_650\workspace2\CMSISv2p00_LPC17xx\Debug\libCMSISv2p00_LPC17xx.a(lpc17xx_adc.o)
 .debug_macro   0x000031b9       0xe5 C:\Users\nicoc\Documents\Electronica Digital III\LPCXpresso\LPCXpresso_8.2.2_650\workspace2\CMSISv2p00_LPC17xx\Debug\libCMSISv2p00_LPC17xx.a(lpc17xx_adc.o)
 .debug_macro   0x0000329e      0x2f1 C:\Users\nicoc\Documents\Electronica Digital III\LPCXpresso\LPCXpresso_8.2.2_650\workspace2\CMSISv2p00_LPC17xx\Debug\libCMSISv2p00_LPC17xx.a(lpc17xx_adc.o)
 .debug_macro   0x0000358f       0xdd C:\Users\nicoc\Documents\Electronica Digital III\LPCXpresso\LPCXpresso_8.2.2_650\workspace2\CMSISv2p00_LPC17xx\Debug\libCMSISv2p00_LPC17xx.a(lpc17xx_adc.o)
 .debug_macro   0x0000366c       0x8d C:\Users\nicoc\Documents\Electronica Digital III\LPCXpresso\LPCXpresso_8.2.2_650\workspace2\CMSISv2p00_LPC17xx\Debug\libCMSISv2p00_LPC17xx.a(lpc17xx_clkpwr.o)
 .debug_macro   0x000036f9       0x1c C:\Users\nicoc\Documents\Electronica Digital III\LPCXpresso\LPCXpresso_8.2.2_650\workspace2\CMSISv2p00_LPC17xx\Debug\libCMSISv2p00_LPC17xx.a(lpc17xx_clkpwr.o)
 .debug_macro   0x00003715      0x2c7 C:\Users\nicoc\Documents\Electronica Digital III\LPCXpresso\LPCXpresso_8.2.2_650\workspace2\CMSISv2p00_LPC17xx\Debug\libCMSISv2p00_LPC17xx.a(lpc17xx_clkpwr.o)
 .debug_macro   0x000039dc       0x96 C:\Users\nicoc\Documents\Electronica Digital III\LPCXpresso\LPCXpresso_8.2.2_650\workspace2\CMSISv2p00_LPC17xx\Debug\libCMSISv2p00_LPC17xx.a(lpc17xx_exti.o)
 .debug_macro   0x00003a72       0x1c C:\Users\nicoc\Documents\Electronica Digital III\LPCXpresso\LPCXpresso_8.2.2_650\workspace2\CMSISv2p00_LPC17xx\Debug\libCMSISv2p00_LPC17xx.a(lpc17xx_exti.o)
 .debug_macro   0x00003a8e       0x96 C:\Users\nicoc\Documents\Electronica Digital III\LPCXpresso\LPCXpresso_8.2.2_650\workspace2\CMSISv2p00_LPC17xx\Debug\libCMSISv2p00_LPC17xx.a(lpc17xx_gpio.o)
 .debug_macro   0x00003b24       0x5a C:\Users\nicoc\Documents\Electronica Digital III\LPCXpresso\LPCXpresso_8.2.2_650\workspace2\CMSISv2p00_LPC17xx\Debug\libCMSISv2p00_LPC17xx.a(lpc17xx_libcfg_default.o)
 .debug_macro   0x00003b7e       0x5d C:\Users\nicoc\Documents\Electronica Digital III\LPCXpresso\LPCXpresso_8.2.2_650\workspace2\CMSISv2p00_LPC17xx\Debug\libCMSISv2p00_LPC17xx.a(lpc17xx_libcfg_default.o)
 .debug_macro   0x00003bdb       0xd7 C:\Users\nicoc\Documents\Electronica Digital III\LPCXpresso\LPCXpresso_8.2.2_650\workspace2\CMSISv2p00_LPC17xx\Debug\libCMSISv2p00_LPC17xx.a(lpc17xx_libcfg_default.o)
 .debug_macro   0x00003cb2       0x8d C:\Users\nicoc\Documents\Electronica Digital III\LPCXpresso\LPCXpresso_8.2.2_650\workspace2\CMSISv2p00_LPC17xx\Debug\libCMSISv2p00_LPC17xx.a(lpc17xx_pinsel.o)
 .debug_macro   0x00003d3f       0xb2 C:\Users\nicoc\Documents\Electronica Digital III\LPCXpresso\LPCXpresso_8.2.2_650\workspace2\CMSISv2p00_LPC17xx\Debug\libCMSISv2p00_LPC17xx.a(lpc17xx_timer.o)
 .debug_macro   0x00003df1       0xe4 C:\Users\nicoc\Documents\Electronica Digital III\LPCXpresso\LPCXpresso_8.2.2_650\workspace2\CMSISv2p00_LPC17xx\Debug\libCMSISv2p00_LPC17xx.a(lpc17xx_timer.o)
 .debug_macro   0x00003ed5      0x145 C:\Users\nicoc\Documents\Electronica Digital III\LPCXpresso\LPCXpresso_8.2.2_650\workspace2\CMSISv2p00_LPC17xx\Debug\libCMSISv2p00_LPC17xx.a(lpc17xx_timer.o)
 .debug_macro   0x0000401a       0xa9 C:\Users\nicoc\Documents\Electronica Digital III\LPCXpresso\LPCXpresso_8.2.2_650\workspace2\CMSISv2p00_LPC17xx\Debug\libCMSISv2p00_LPC17xx.a(lpc17xx_uart.o)
 .debug_macro   0x000040c3      0x334 C:\Users\nicoc\Documents\Electronica Digital III\LPCXpresso\LPCXpresso_8.2.2_650\workspace2\CMSISv2p00_LPC17xx\Debug\libCMSISv2p00_LPC17xx.a(lpc17xx_uart.o)

.debug_line     0x00000000     0x3d19
 .debug_line    0x00000000      0x327 ./src/GPIO.o
 .debug_line    0x00000327      0x373 ./src/Multiplex.o
 .debug_line    0x0000069a      0x3df ./src/Pesaje.o
 .debug_line    0x00000a79      0x326 ./src/TP_Final_0.0.1.o
 .debug_line    0x00000d9f      0x39d ./src/Transmision.o
 .debug_line    0x0000113c       0xd5 ./src/cr_startup_lpc175x_6x.o
 .debug_line    0x00001211      0x67a ./src/logica.o
 .debug_line    0x0000188b      0x457 ./src/teclado.o
 .debug_line    0x00001ce2      0x1d3 C:\Users\nicoc\Documents\Electronica Digital III\LPCXpresso\LPCXpresso_8.2.2_650\workspace2\CMSISv2p00_LPC17xx\Debug\libCMSISv2p00_LPC17xx.a(system_LPC17xx.o)
 .debug_line    0x00001eb5      0x3ee C:\Users\nicoc\Documents\Electronica Digital III\LPCXpresso\LPCXpresso_8.2.2_650\workspace2\CMSISv2p00_LPC17xx\Debug\libCMSISv2p00_LPC17xx.a(lpc17xx_adc.o)
 .debug_line    0x000022a3      0x2d3 C:\Users\nicoc\Documents\Electronica Digital III\LPCXpresso\LPCXpresso_8.2.2_650\workspace2\CMSISv2p00_LPC17xx\Debug\libCMSISv2p00_LPC17xx.a(lpc17xx_clkpwr.o)
 .debug_line    0x00002576      0x280 C:\Users\nicoc\Documents\Electronica Digital III\LPCXpresso\LPCXpresso_8.2.2_650\workspace2\CMSISv2p00_LPC17xx\Debug\libCMSISv2p00_LPC17xx.a(lpc17xx_exti.o)
 .debug_line    0x000027f6      0x429 C:\Users\nicoc\Documents\Electronica Digital III\LPCXpresso\LPCXpresso_8.2.2_650\workspace2\CMSISv2p00_LPC17xx\Debug\libCMSISv2p00_LPC17xx.a(lpc17xx_gpio.o)
 .debug_line    0x00002c1f      0x1bb C:\Users\nicoc\Documents\Electronica Digital III\LPCXpresso\LPCXpresso_8.2.2_650\workspace2\CMSISv2p00_LPC17xx\Debug\libCMSISv2p00_LPC17xx.a(lpc17xx_libcfg_default.o)
 .debug_line    0x00002dda      0x26b C:\Users\nicoc\Documents\Electronica Digital III\LPCXpresso\LPCXpresso_8.2.2_650\workspace2\CMSISv2p00_LPC17xx\Debug\libCMSISv2p00_LPC17xx.a(lpc17xx_pinsel.o)
 .debug_line    0x00003045      0x4d7 C:\Users\nicoc\Documents\Electronica Digital III\LPCXpresso\LPCXpresso_8.2.2_650\workspace2\CMSISv2p00_LPC17xx\Debug\libCMSISv2p00_LPC17xx.a(lpc17xx_timer.o)
 .debug_line    0x0000351c      0x7fd C:\Users\nicoc\Documents\Electronica Digital III\LPCXpresso\LPCXpresso_8.2.2_650\workspace2\CMSISv2p00_LPC17xx\Debug\libCMSISv2p00_LPC17xx.a(lpc17xx_uart.o)

.debug_str      0x00000000     0xebab
 .debug_str     0x00000000     0x80d4 ./src/GPIO.o
                               0x8163 (size before relaxing)
 .debug_str     0x000080d4     0x1a5f ./src/Multiplex.o
                               0x9b61 (size before relaxing)
 .debug_str     0x00009b33     0x1b2c ./src/Pesaje.o
                               0x9a92 (size before relaxing)
 .debug_str     0x0000b65f       0x39 ./src/TP_Final_0.0.1.o
                               0x9d4d (size before relaxing)
 .debug_str     0x0000b698      0x2d5 ./src/Transmision.o
                               0xa0df (size before relaxing)
 .debug_str     0x0000b96d      0x1b2 ./src/cr_startup_lpc175x_6x.o
                               0x26ac (size before relaxing)
 .debug_str     0x0000bb1f      0x318 ./src/logica.o
                               0x90c7 (size before relaxing)
 .debug_str     0x0000be37      0x224 ./src/teclado.o
                               0x9491 (size before relaxing)
 .debug_str     0x0000c05b      0x439 C:\Users\nicoc\Documents\Electronica Digital III\LPCXpresso\LPCXpresso_8.2.2_650\workspace2\CMSISv2p00_LPC17xx\Debug\libCMSISv2p00_LPC17xx.a(system_LPC17xx.o)
                               0x816f (size before relaxing)
 .debug_str     0x0000c494     0x169e C:\Users\nicoc\Documents\Electronica Digital III\LPCXpresso\LPCXpresso_8.2.2_650\workspace2\CMSISv2p00_LPC17xx\Debug\libCMSISv2p00_LPC17xx.a(lpc17xx_adc.o)
                               0x9d67 (size before relaxing)
 .debug_str     0x0000db32      0x100 C:\Users\nicoc\Documents\Electronica Digital III\LPCXpresso\LPCXpresso_8.2.2_650\workspace2\CMSISv2p00_LPC17xx\Debug\libCMSISv2p00_LPC17xx.a(lpc17xx_clkpwr.o)
                               0x937a (size before relaxing)
 .debug_str     0x0000dc32      0x16b C:\Users\nicoc\Documents\Electronica Digital III\LPCXpresso\LPCXpresso_8.2.2_650\workspace2\CMSISv2p00_LPC17xx\Debug\libCMSISv2p00_LPC17xx.a(lpc17xx_exti.o)
                               0x8396 (size before relaxing)
 .debug_str     0x0000dd9d      0x301 C:\Users\nicoc\Documents\Electronica Digital III\LPCXpresso\LPCXpresso_8.2.2_650\workspace2\CMSISv2p00_LPC17xx\Debug\libCMSISv2p00_LPC17xx.a(lpc17xx_gpio.o)
                               0x86d9 (size before relaxing)
 .debug_str     0x0000e09e       0x2d C:\Users\nicoc\Documents\Electronica Digital III\LPCXpresso\LPCXpresso_8.2.2_650\workspace2\CMSISv2p00_LPC17xx\Debug\libCMSISv2p00_LPC17xx.a(lpc17xx_libcfg_default.o)
                               0x3f89 (size before relaxing)
 .debug_str     0x0000e0cb       0xfe C:\Users\nicoc\Documents\Electronica Digital III\LPCXpresso\LPCXpresso_8.2.2_650\workspace2\CMSISv2p00_LPC17xx\Debug\libCMSISv2p00_LPC17xx.a(lpc17xx_pinsel.o)
                               0x85f2 (size before relaxing)
 .debug_str     0x0000e1c9      0x294 C:\Users\nicoc\Documents\Electronica Digital III\LPCXpresso\LPCXpresso_8.2.2_650\workspace2\CMSISv2p00_LPC17xx\Debug\libCMSISv2p00_LPC17xx.a(lpc17xx_timer.o)
                               0xa38e (size before relaxing)
 .debug_str     0x0000e45d      0x74e C:\Users\nicoc\Documents\Electronica Digital III\LPCXpresso\LPCXpresso_8.2.2_650\workspace2\CMSISv2p00_LPC17xx\Debug\libCMSISv2p00_LPC17xx.a(lpc17xx_uart.o)
                               0xb42f (size before relaxing)

.comment        0x00000000       0xdc
 .comment       0x00000000       0x6e ./src/GPIO.o
                                 0x6f (size before relaxing)
 .comment       0x0000006e       0x6f ./src/Multiplex.o
 .comment       0x0000006e       0x6f ./src/Pesaje.o
 .comment       0x0000006e       0x6f ./src/TP_Final_0.0.1.o
 .comment       0x0000006e       0x6f ./src/Transmision.o
 .comment       0x0000006e       0x6f ./src/cr_startup_lpc175x_6x.o
 .comment       0x0000006e       0x6f ./src/logica.o
 .comment       0x0000006e       0x6f ./src/teclado.o
 .comment       0x0000006e       0x6f C:\Users\nicoc\Documents\Electronica Digital III\LPCXpresso\LPCXpresso_8.2.2_650\workspace2\CMSISv2p00_LPC17xx\Debug\libCMSISv2p00_LPC17xx.a(system_LPC17xx.o)
 .comment       0x0000006e       0x6f C:\Users\nicoc\Documents\Electronica Digital III\LPCXpresso\LPCXpresso_8.2.2_650\workspace2\CMSISv2p00_LPC17xx\Debug\libCMSISv2p00_LPC17xx.a(lpc17xx_adc.o)
 .comment       0x0000006e       0x6f C:\Users\nicoc\Documents\Electronica Digital III\LPCXpresso\LPCXpresso_8.2.2_650\workspace2\CMSISv2p00_LPC17xx\Debug\libCMSISv2p00_LPC17xx.a(lpc17xx_clkpwr.o)
 .comment       0x0000006e       0x6f C:\Users\nicoc\Documents\Electronica Digital III\LPCXpresso\LPCXpresso_8.2.2_650\workspace2\CMSISv2p00_LPC17xx\Debug\libCMSISv2p00_LPC17xx.a(lpc17xx_exti.o)
 .comment       0x0000006e       0x6f C:\Users\nicoc\Documents\Electronica Digital III\LPCXpresso\LPCXpresso_8.2.2_650\workspace2\CMSISv2p00_LPC17xx\Debug\libCMSISv2p00_LPC17xx.a(lpc17xx_gpio.o)
 .comment       0x0000006e       0x6f C:\Users\nicoc\Documents\Electronica Digital III\LPCXpresso\LPCXpresso_8.2.2_650\workspace2\CMSISv2p00_LPC17xx\Debug\libCMSISv2p00_LPC17xx.a(lpc17xx_libcfg_default.o)
 .comment       0x0000006e       0x6f C:\Users\nicoc\Documents\Electronica Digital III\LPCXpresso\LPCXpresso_8.2.2_650\workspace2\CMSISv2p00_LPC17xx\Debug\libCMSISv2p00_LPC17xx.a(lpc17xx_pinsel.o)
 .comment       0x0000006e       0x6f C:\Users\nicoc\Documents\Electronica Digital III\LPCXpresso\LPCXpresso_8.2.2_650\workspace2\CMSISv2p00_LPC17xx\Debug\libCMSISv2p00_LPC17xx.a(lpc17xx_timer.o)
 .comment       0x0000006e       0x6f C:\Users\nicoc\Documents\Electronica Digital III\LPCXpresso\LPCXpresso_8.2.2_650\workspace2\CMSISv2p00_LPC17xx\Debug\libCMSISv2p00_LPC17xx.a(lpc17xx_uart.o)
 .comment       0x0000006e       0x6e c:/nxp/lpcxpresso_8.2.2_650/lpcxpresso/tools/bin/../lib/gcc/arm-none-eabi/5.4.1/../../../../arm-none-eabi/lib/armv7-m\libcr_c.a(memset.o)
                                 0x6f (size before relaxing)
 .comment       0x000000dc       0x6f c:/nxp/lpcxpresso_8.2.2_650/lpcxpresso/tools/bin/../lib/gcc/arm-none-eabi/5.4.1/../../../../arm-none-eabi/lib/armv7-m\libcr_c.a(__weak__main.o)

.ARM.attributes
                0x00000000       0x31
 .ARM.attributes
                0x00000000       0x33 ./src/GPIO.o
 .ARM.attributes
                0x00000033       0x33 ./src/Multiplex.o
 .ARM.attributes
                0x00000066       0x33 ./src/Pesaje.o
 .ARM.attributes
                0x00000099       0x33 ./src/TP_Final_0.0.1.o
 .ARM.attributes
                0x000000cc       0x33 ./src/Transmision.o
 .ARM.attributes
                0x000000ff       0x33 ./src/cr_startup_lpc175x_6x.o
 .ARM.attributes
                0x00000132       0x33 ./src/logica.o
 .ARM.attributes
                0x00000165       0x33 ./src/teclado.o
 .ARM.attributes
                0x00000198       0x33 C:\Users\nicoc\Documents\Electronica Digital III\LPCXpresso\LPCXpresso_8.2.2_650\workspace2\CMSISv2p00_LPC17xx\Debug\libCMSISv2p00_LPC17xx.a(system_LPC17xx.o)
 .ARM.attributes
                0x000001cb       0x33 C:\Users\nicoc\Documents\Electronica Digital III\LPCXpresso\LPCXpresso_8.2.2_650\workspace2\CMSISv2p00_LPC17xx\Debug\libCMSISv2p00_LPC17xx.a(lpc17xx_adc.o)
 .ARM.attributes
                0x000001fe       0x33 C:\Users\nicoc\Documents\Electronica Digital III\LPCXpresso\LPCXpresso_8.2.2_650\workspace2\CMSISv2p00_LPC17xx\Debug\libCMSISv2p00_LPC17xx.a(lpc17xx_clkpwr.o)
 .ARM.attributes
                0x00000231       0x33 C:\Users\nicoc\Documents\Electronica Digital III\LPCXpresso\LPCXpresso_8.2.2_650\workspace2\CMSISv2p00_LPC17xx\Debug\libCMSISv2p00_LPC17xx.a(lpc17xx_exti.o)
 .ARM.attributes
                0x00000264       0x33 C:\Users\nicoc\Documents\Electronica Digital III\LPCXpresso\LPCXpresso_8.2.2_650\workspace2\CMSISv2p00_LPC17xx\Debug\libCMSISv2p00_LPC17xx.a(lpc17xx_gpio.o)
 .ARM.attributes
                0x00000297       0x33 C:\Users\nicoc\Documents\Electronica Digital III\LPCXpresso\LPCXpresso_8.2.2_650\workspace2\CMSISv2p00_LPC17xx\Debug\libCMSISv2p00_LPC17xx.a(lpc17xx_libcfg_default.o)
 .ARM.attributes
                0x000002ca       0x33 C:\Users\nicoc\Documents\Electronica Digital III\LPCXpresso\LPCXpresso_8.2.2_650\workspace2\CMSISv2p00_LPC17xx\Debug\libCMSISv2p00_LPC17xx.a(lpc17xx_pinsel.o)
 .ARM.attributes
                0x000002fd       0x33 C:\Users\nicoc\Documents\Electronica Digital III\LPCXpresso\LPCXpresso_8.2.2_650\workspace2\CMSISv2p00_LPC17xx\Debug\libCMSISv2p00_LPC17xx.a(lpc17xx_timer.o)
 .ARM.attributes
                0x00000330       0x33 C:\Users\nicoc\Documents\Electronica Digital III\LPCXpresso\LPCXpresso_8.2.2_650\workspace2\CMSISv2p00_LPC17xx\Debug\libCMSISv2p00_LPC17xx.a(lpc17xx_uart.o)
 .ARM.attributes
                0x00000363       0x33 c:/nxp/lpcxpresso_8.2.2_650/lpcxpresso/tools/bin/../lib/gcc/arm-none-eabi/5.4.1/../../../../arm-none-eabi/lib/armv7-m\libcr_c.a(memset.o)
 .ARM.attributes
                0x00000396       0x33 c:/nxp/lpcxpresso_8.2.2_650/lpcxpresso/tools/bin/../lib/gcc/arm-none-eabi/5.4.1/../../../../arm-none-eabi/lib/armv7-m\libcr_c.a(__weak__main.o)
 .ARM.attributes
                0x000003c9       0x21 c:/nxp/lpcxpresso_8.2.2_650/lpcxpresso/tools/bin/../lib/gcc/arm-none-eabi/5.4.1/armv7-m\libcr_eabihelpers.a(division_64.o)
 .ARM.attributes
                0x000003ea       0x21 c:/nxp/lpcxpresso_8.2.2_650/lpcxpresso/tools/bin/../lib/gcc/arm-none-eabi/5.4.1/armv7-m\libcr_eabihelpers.a(division_idiv0.o)
 .ARM.attributes
                0x0000040b       0x21 c:/nxp/lpcxpresso_8.2.2_650/lpcxpresso/tools/bin/../lib/gcc/arm-none-eabi/5.4.1/armv7-m\libcr_eabihelpers.a(memcpy.o)

.debug_frame    0x00000000     0x1350
 .debug_frame   0x00000000       0x78 ./src/GPIO.o
 .debug_frame   0x00000078       0xc0 ./src/Multiplex.o
 .debug_frame   0x00000138      0x11c ./src/Pesaje.o
 .debug_frame   0x00000254       0x2c ./src/TP_Final_0.0.1.o
 .debug_frame   0x00000280       0xcc ./src/Transmision.o
 .debug_frame   0x0000034c      0x170 ./src/cr_startup_lpc175x_6x.o
 .debug_frame   0x000004bc      0x358 ./src/logica.o
 .debug_frame   0x00000814      0x1a8 ./src/teclado.o
 .debug_frame   0x000009bc       0x3c C:\Users\nicoc\Documents\Electronica Digital III\LPCXpresso\LPCXpresso_8.2.2_650\workspace2\CMSISv2p00_LPC17xx\Debug\libCMSISv2p00_LPC17xx.a(system_LPC17xx.o)
 .debug_frame   0x000009f8      0x16c C:\Users\nicoc\Documents\Electronica Digital III\LPCXpresso\LPCXpresso_8.2.2_650\workspace2\CMSISv2p00_LPC17xx\Debug\libCMSISv2p00_LPC17xx.a(lpc17xx_adc.o)
 .debug_frame   0x00000b64       0xa8 C:\Users\nicoc\Documents\Electronica Digital III\LPCXpresso\LPCXpresso_8.2.2_650\workspace2\CMSISv2p00_LPC17xx\Debug\libCMSISv2p00_LPC17xx.a(lpc17xx_clkpwr.o)
 .debug_frame   0x00000c0c       0x7c C:\Users\nicoc\Documents\Electronica Digital III\LPCXpresso\LPCXpresso_8.2.2_650\workspace2\CMSISv2p00_LPC17xx\Debug\libCMSISv2p00_LPC17xx.a(lpc17xx_exti.o)
 .debug_frame   0x00000c88      0x1c0 C:\Users\nicoc\Documents\Electronica Digital III\LPCXpresso\LPCXpresso_8.2.2_650\workspace2\CMSISv2p00_LPC17xx\Debug\libCMSISv2p00_LPC17xx.a(lpc17xx_gpio.o)
 .debug_frame   0x00000e48       0x20 C:\Users\nicoc\Documents\Electronica Digital III\LPCXpresso\LPCXpresso_8.2.2_650\workspace2\CMSISv2p00_LPC17xx\Debug\libCMSISv2p00_LPC17xx.a(lpc17xx_libcfg_default.o)
 .debug_frame   0x00000e68       0x4c C:\Users\nicoc\Documents\Electronica Digital III\LPCXpresso\LPCXpresso_8.2.2_650\workspace2\CMSISv2p00_LPC17xx\Debug\libCMSISv2p00_LPC17xx.a(lpc17xx_pinsel.o)
 .debug_frame   0x00000eb4      0x170 C:\Users\nicoc\Documents\Electronica Digital III\LPCXpresso\LPCXpresso_8.2.2_650\workspace2\CMSISv2p00_LPC17xx\Debug\libCMSISv2p00_LPC17xx.a(lpc17xx_timer.o)
 .debug_frame   0x00001024      0x32c C:\Users\nicoc\Documents\Electronica Digital III\LPCXpresso\LPCXpresso_8.2.2_650\workspace2\CMSISv2p00_LPC17xx\Debug\libCMSISv2p00_LPC17xx.a(lpc17xx_uart.o)

.debug_loc      0x00000000     0x29ad
 .debug_loc     0x00000000      0x4f7 C:\Users\nicoc\Documents\Electronica Digital III\LPCXpresso\LPCXpresso_8.2.2_650\workspace2\CMSISv2p00_LPC17xx\Debug\libCMSISv2p00_LPC17xx.a(lpc17xx_adc.o)
 .debug_loc     0x000004f7      0x1a9 C:\Users\nicoc\Documents\Electronica Digital III\LPCXpresso\LPCXpresso_8.2.2_650\workspace2\CMSISv2p00_LPC17xx\Debug\libCMSISv2p00_LPC17xx.a(lpc17xx_clkpwr.o)
 .debug_loc     0x000006a0      0x10f C:\Users\nicoc\Documents\Electronica Digital III\LPCXpresso\LPCXpresso_8.2.2_650\workspace2\CMSISv2p00_LPC17xx\Debug\libCMSISv2p00_LPC17xx.a(lpc17xx_exti.o)
 .debug_loc     0x000007af      0x76a C:\Users\nicoc\Documents\Electronica Digital III\LPCXpresso\LPCXpresso_8.2.2_650\workspace2\CMSISv2p00_LPC17xx\Debug\libCMSISv2p00_LPC17xx.a(lpc17xx_gpio.o)
 .debug_loc     0x00000f19      0x15c C:\Users\nicoc\Documents\Electronica Digital III\LPCXpresso\LPCXpresso_8.2.2_650\workspace2\CMSISv2p00_LPC17xx\Debug\libCMSISv2p00_LPC17xx.a(lpc17xx_pinsel.o)
 .debug_loc     0x00001075      0x698 C:\Users\nicoc\Documents\Electronica Digital III\LPCXpresso\LPCXpresso_8.2.2_650\workspace2\CMSISv2p00_LPC17xx\Debug\libCMSISv2p00_LPC17xx.a(lpc17xx_timer.o)
 .debug_loc     0x0000170d     0x12a0 C:\Users\nicoc\Documents\Electronica Digital III\LPCXpresso\LPCXpresso_8.2.2_650\workspace2\CMSISv2p00_LPC17xx\Debug\libCMSISv2p00_LPC17xx.a(lpc17xx_uart.o)
