Archive member included to satisfy reference by file (symbol)

C:\Users\nicoc\Documents\Electronica Digital III\LPCXpresso\LPCXpresso_8.2.2_650\workspace2\CMSISv2p00_LPC17xx\Debug\libCMSISv2p00_LPC17xx.a(system_LPC17xx.o)
                              ./src/cr_startup_lpc175x_6x.o (SystemInit)
C:\Users\nicoc\Documents\Electronica Digital III\LPCXpresso\LPCXpresso_8.2.2_650\workspace2\CMSISv2p00_LPC17xx\Debug\libCMSISv2p00_LPC17xx.a(lpc17xx_adc.o)
                              ./src/Pesaje.o (ADC_ChannelGetData)
C:\Users\nicoc\Documents\Electronica Digital III\LPCXpresso\LPCXpresso_8.2.2_650\workspace2\CMSISv2p00_LPC17xx\Debug\libCMSISv2p00_LPC17xx.a(lpc17xx_clkpwr.o)
                              C:\Users\nicoc\Documents\Electronica Digital III\LPCXpresso\LPCXpresso_8.2.2_650\workspace2\CMSISv2p00_LPC17xx\Debug\libCMSISv2p00_LPC17xx.a(lpc17xx_adc.o) (CLKPWR_GetPCLK)
C:\Users\nicoc\Documents\Electronica Digital III\LPCXpresso\LPCXpresso_8.2.2_650\workspace2\CMSISv2p00_LPC17xx\Debug\libCMSISv2p00_LPC17xx.a(lpc17xx_exti.o)
                              ./src/teclado.o (EXTI_ClearEXTIFlag)
C:\Users\nicoc\Documents\Electronica Digital III\LPCXpresso\LPCXpresso_8.2.2_650\workspace2\CMSISv2p00_LPC17xx\Debug\libCMSISv2p00_LPC17xx.a(lpc17xx_gpio.o)
                              ./src/GPIO.o (GPIO_SetDir)
C:\Users\nicoc\Documents\Electronica Digital III\LPCXpresso\LPCXpresso_8.2.2_650\workspace2\CMSISv2p00_LPC17xx\Debug\libCMSISv2p00_LPC17xx.a(lpc17xx_libcfg_default.o)
                              C:\Users\nicoc\Documents\Electronica Digital III\LPCXpresso\LPCXpresso_8.2.2_650\workspace2\CMSISv2p00_LPC17xx\Debug\libCMSISv2p00_LPC17xx.a(lpc17xx_adc.o) (check_failed)
C:\Users\nicoc\Documents\Electronica Digital III\LPCXpresso\LPCXpresso_8.2.2_650\workspace2\CMSISv2p00_LPC17xx\Debug\libCMSISv2p00_LPC17xx.a(lpc17xx_pinsel.o)
                              ./src/Pesaje.o (PINSEL_ConfigPin)
C:\Users\nicoc\Documents\Electronica Digital III\LPCXpresso\LPCXpresso_8.2.2_650\workspace2\CMSISv2p00_LPC17xx\Debug\libCMSISv2p00_LPC17xx.a(lpc17xx_systick.o)
                              ./src/Multiplex.o (SYSTICK_InternalInit)
C:\Users\nicoc\Documents\Electronica Digital III\LPCXpresso\LPCXpresso_8.2.2_650\workspace2\CMSISv2p00_LPC17xx\Debug\libCMSISv2p00_LPC17xx.a(lpc17xx_timer.o)
                              ./src/Pesaje.o (TIM_ClearIntPending)
C:\Users\nicoc\Documents\Electronica Digital III\LPCXpresso\LPCXpresso_8.2.2_650\workspace2\CMSISv2p00_LPC17xx\Debug\libCMSISv2p00_LPC17xx.a(lpc17xx_uart.o)
                              ./src/Transmision.o (UART_Init)
c:/nxp/lpcxpresso_8.2.2_650/lpcxpresso/tools/bin/../lib/gcc/arm-none-eabi/5.4.1/../../../../arm-none-eabi/lib/armv7-m\libcr_c.a(memset.o)
                              ./src/Transmision.o (memset)
c:/nxp/lpcxpresso_8.2.2_650/lpcxpresso/tools/bin/../lib/gcc/arm-none-eabi/5.4.1/../../../../arm-none-eabi/lib/armv7-m\libcr_c.a(__weak__main.o)
                              ./src/cr_startup_lpc175x_6x.o (__main)
c:/nxp/lpcxpresso_8.2.2_650/lpcxpresso/tools/bin/../lib/gcc/arm-none-eabi/5.4.1/armv7-m\libcr_eabihelpers.a(division_64.o)
                              C:\Users\nicoc\Documents\Electronica Digital III\LPCXpresso\LPCXpresso_8.2.2_650\workspace2\CMSISv2p00_LPC17xx\Debug\libCMSISv2p00_LPC17xx.a(system_LPC17xx.o) (__aeabi_uldivmod)
c:/nxp/lpcxpresso_8.2.2_650/lpcxpresso/tools/bin/../lib/gcc/arm-none-eabi/5.4.1/armv7-m\libcr_eabihelpers.a(division_idiv0.o)
                              c:/nxp/lpcxpresso_8.2.2_650/lpcxpresso/tools/bin/../lib/gcc/arm-none-eabi/5.4.1/armv7-m\libcr_eabihelpers.a(division_64.o) (__aeabi_idiv0)
c:/nxp/lpcxpresso_8.2.2_650/lpcxpresso/tools/bin/../lib/gcc/arm-none-eabi/5.4.1/armv7-m\libcr_eabihelpers.a(float.o)
                              C:\Users\nicoc\Documents\Electronica Digital III\LPCXpresso\LPCXpresso_8.2.2_650\workspace2\CMSISv2p00_LPC17xx\Debug\libCMSISv2p00_LPC17xx.a(lpc17xx_systick.o) (__aeabi_ui2f)
c:/nxp/lpcxpresso_8.2.2_650/lpcxpresso/tools/bin/../lib/gcc/arm-none-eabi/5.4.1/armv7-m\libcr_eabihelpers.a(memcpy.o)
                              c:/nxp/lpcxpresso_8.2.2_650/lpcxpresso/tools/bin/../lib/gcc/arm-none-eabi/5.4.1/../../../../arm-none-eabi/lib/armv7-m\libcr_c.a(memset.o) (__aeabi_lowlevel_memset)

Discarded input sections

 .group         0x00000000        0x8 ./src/GPIO.o
 .group         0x00000000        0x8 ./src/GPIO.o
 .group         0x00000000        0x8 ./src/GPIO.o
 .group         0x00000000        0x8 ./src/GPIO.o
 .group         0x00000000        0x8 ./src/GPIO.o
 .group         0x00000000        0x8 ./src/GPIO.o
 .group         0x00000000        0x8 ./src/GPIO.o
 .group         0x00000000        0x8 ./src/GPIO.o
 .group         0x00000000        0x8 ./src/GPIO.o
 .group         0x00000000        0x8 ./src/GPIO.o
 .group         0x00000000        0x8 ./src/GPIO.o
 .text          0x00000000        0x0 ./src/GPIO.o
 .data          0x00000000        0x0 ./src/GPIO.o
[...]
Memory Configuration

Name             Origin             Length             Attributes
MFlash512        0x00000000         0x00080000         xr
RamLoc32         0x10000000         0x00008000         xrw
RamAHB32         0x2007c000         0x00008000         xrw
*default*        0x00000000         0xffffffff

Linker script and memory map

LOAD ./src/GPIO.o
LOAD ./src/Multiplex.o
LOAD ./src/Pesaje.o
LOAD ./src/TP_Final_0.0.1.o
LOAD ./src/Transmision.o
LOAD ./src/cr_startup_lpc175x_6x.o
LOAD ./src/crp.o
LOAD ./src/logica.o
LOAD ./src/teclado.o
LOAD C:\Users\nicoc\Documents\Electronica Digital III\LPCXpresso\LPCXpresso_8.2.2_650\workspace2\CMSISv2p00_LPC17xx\Debug\libCMSISv2p00_LPC17xx.a
START GROUP
LOAD c:/nxp/lpcxpresso_8.2.2_650/lpcxpresso/tools/bin/../lib/gcc/arm-none-eabi/5.4.1/../../../../arm-none-eabi/lib/armv7-m\libcr_c.a
LOAD c:/nxp/lpcxpresso_8.2.2_650/lpcxpresso/tools/bin/../lib/gcc/arm-none-eabi/5.4.1/armv7-m\libcr_eabihelpers.a
END GROUP
                0x00000000                __base_MFlash512 = 0x0
                0x00000000                __base_Flash = 0x0
                0x00080000                __top_MFlash512 = 0x80000
                0x00080000                __top_Flash = 0x80000
                0x10000000                __base_RamLoc32 = 0x10000000
                0x10000000                __base_RAM = 0x10000000
                0x10008000                __top_RamLoc32 = 0x10008000
                0x10008000                __top_RAM = 0x10008000
                0x2007c000                __base_RamAHB32 = 0x2007c000
                0x2007c000                __base_RAM2 = 0x2007c000
                0x20084000                __top_RamAHB32 = 0x20084000
                0x20084000                __top_RAM2 = 0x20084000

.text           0x00000000     0x1c18
 FILL mask 0xff
                0x00000000                __vectors_start__ = ABSOLUTE (.)
 *(.isr_vector)
 .isr_vector    0x00000000       0xcc ./src/cr_startup_lpc175x_6x.o
                0x00000000                g_pfnVectors
                0x000000cc                . = ALIGN (0x4)
                0x000000cc                __section_table_start = .
                0x000000cc                __data_section_table = .
                0x000000cc        0x4 LONG 0x1c18 LOADADDR (.data)
                0x000000d0        0x4 LONG 0x10000000 ADDR (.data)
                0x000000d4        0x4 LONG 0x40 SIZEOF (.data)
                0x000000d8        0x4 LONG 0x1c18 LOADADDR (.data_RAM2)
                0x000000dc        0x4 LONG 0x2007c000 ADDR (.data_RAM2)
                0x000000e0        0x4 LONG 0x0 SIZEOF (.data_RAM2)
                0x000000e4                __data_section_table_end = .
                0x000000e4                __bss_section_table = .
                0x000000e4        0x4 LONG 0x10000040 ADDR (.bss)
                0x000000e8        0x4 LONG 0x5a4 SIZEOF (.bss)
                0x000000ec        0x4 LONG 0x2007c000 ADDR (.bss_RAM2)
                0x000000f0        0x4 LONG 0x0 SIZEOF (.bss_RAM2)
                0x000000f4                __bss_section_table_end = .
                0x000000f4                __section_table_end = .
 *(.after_vectors*)
 .after_vectors
                0x000000f4      0x144 ./src/cr_startup_lpc175x_6x.o
                0x000000f4                data_init
                0x00000138                bss_init
                0x00000170                ResetISR
                0x000001e8                NMI_Handler
                0x000001f0                HardFault_Handler
                0x000001f8                MemManage_Handler
                0x00000200                BusFault_Handler
                0x00000208                UsageFault_Handler
                0x00000210                SVC_Handler
                0x00000218                DebugMon_Handler
                0x00000220                PendSV_Handler
                0x00000230                UART1_IRQHandler
                0x00000230                CANActivity_IRQHandler
                0x00000230                TIMER3_IRQHandler
                0x00000230                USBActivity_IRQHandler
                0x00000230                EINT2_IRQHandler
                0x00000230                IntDefaultHandler
                0x00000230                PLL0_IRQHandler
                0x00000230                I2C0_IRQHandler
                0x00000230                PLL1_IRQHandler
                0x00000230                I2C1_IRQHandler
                0x00000230                I2S_IRQHandler
                0x00000230                I2C2_IRQHandler
                0x00000230                RTC_IRQHandler
                0x00000230                SPI_IRQHandler
                0x00000230                RIT_IRQHandler
                0x00000230                EINT1_IRQHandler
                0x00000230                UART2_IRQHandler
                0x00000230                SSP1_IRQHandler
                0x00000230                USB_IRQHandler
                0x00000230                BOD_IRQHandler
                0x00000230                PWM1_IRQHandler
                0x00000230                WDT_IRQHandler
                0x00000230                SSP0_IRQHandler
                0x00000230                QEI_IRQHandler
                0x00000230                EINT0_IRQHandler
                0x00000230                CAN_IRQHandler
                0x00000230                DMA_IRQHandler
                0x00000230                TIMER2_IRQHandler
                0x00000230                UART3_IRQHandler
                0x00000230                MCPWM_IRQHandler
                0x00000230                ENET_IRQHandler
 *(.text*)
 .text.confPinSal
                0x00000238       0x68 ./src/GPIO.o
                0x00000238                confPinSal
 .text.confPinSoC
                0x000002a0       0x8c ./src/GPIO.o
                0x000002a0                confPinSoC
 .text.confGPIO
                0x0000032c       0x50 ./src/GPIO.o
                0x0000032c                confGPIO
 .text.convert  0x0000037c       0x1c ./src/Multiplex.o
                0x0000037c                convert
 .text.display  0x00000398       0x74 ./src/Multiplex.o
                0x00000398                display
 .text.SysTick_Handler
                0x0000040c      0x11c ./src/Multiplex.o
                0x0000040c                SysTick_Handler
 .text.sendPrueba
                0x00000528       0x60 ./src/Multiplex.o
                0x00000528                sendPrueba
 .text.getPeso  0x00000588       0x14 ./src/Pesaje.o
                0x00000588                getPeso
 .text.tarar    0x0000059c       0x1c ./src/Pesaje.o
                0x0000059c                tarar
 .text.ADC_IRQHandler
                0x000005b8      0x17c ./src/Pesaje.o
                0x000005b8                ADC_IRQHandler
 .text.TIMER0_IRQHandler
                0x00000734       0x60 ./src/Pesaje.o
                0x00000734                TIMER0_IRQHandler
 .text.main     0x00000794       0x20 ./src/TP_Final_0.0.1.o
                0x00000794                main
 .text.UART0_IRQHandler
                0x000007b4       0x30 ./src/Transmision.o
                0x000007b4                UART0_IRQHandler
 .text.UART_IntTransmit
                0x000007e4      0x290 ./src/Transmision.o
                0x000007e4                UART_IntTransmit
 .text.getPrecio
                0x00000a74       0x14 ./src/logica.o
                0x00000a74                getPrecio
 .text.accion   0x00000a88       0x6c ./src/logica.o
                0x00000a88                accion
 .text.modoPesando
                0x00000af4       0x78 ./src/logica.o
                0x00000af4                modoPesando
 .text.agregarCompra
                0x00000b6c       0xe8 ./src/logica.o
                0x00000b6c                agregarCompra
 .text.estaPesando
                0x00000c54       0x20 ./src/logica.o
                0x00000c54                estaPesando
 .text.modoSumaParcial
                0x00000c74       0x90 ./src/logica.o
                0x00000c74                modoSumaParcial
 .text.modoManual
                0x00000d04       0x80 ./src/logica.o
                0x00000d04                modoManual
 .text.agregarNumManual
                0x00000d84       0x74 ./src/logica.o
                0x00000d84                agregarNumManual
 .text.modoPreConfigurado
                0x00000df8       0x5c ./src/logica.o
                0x00000df8                modoPreConfigurado
 .text.agregarNumPC
                0x00000e54       0x5c ./src/logica.o
                0x00000e54                agregarNumPC
 .text.cargarPreConf
                0x00000eb0       0x64 ./src/logica.o
                0x00000eb0                cargarPreConf
 .text.finalizarCompra
                0x00000f14       0xe4 ./src/logica.o
                0x00000f14                finalizarCompra
 .text.reiniciarCompra
                0x00000ff8       0x38 ./src/logica.o
                0x00000ff8                reiniciarCompra
 .text.reempezarCompra
                0x00001030       0x48 ./src/logica.o
                0x00001030                reempezarCompra
 .text.modoModificarDatos
                0x00001078       0x78 ./src/logica.o
                0x00001078                modoModificarDatos
 .text.modificarDatos
                0x000010f0      0x19c ./src/logica.o
                0x000010f0                modificarDatos
 .text.reiniciarCuenta
                0x0000128c       0x34 ./src/logica.o
                0x0000128c                reiniciarCuenta
 .text.getStockEnAscii
                0x000012c0       0xb8 ./src/logica.o
                0x000012c0                getStockEnAscii
 .text.agregarDaC
                0x00001378       0xbc ./src/logica.o
                0x00001378                agregarDaC
 .text.pasarAAscii
                0x00001434       0x74 ./src/logica.o
                0x00001434                pasarAAscii
 .text.NVIC_EnableIRQ
                0x000014a8       0x30 ./src/teclado.o
 .text.NVIC_DisableIRQ
                0x000014d8       0x34 ./src/teclado.o
 .text.EINT3_IRQHandler
                0x0000150c       0x40 ./src/teclado.o
                0x0000150c                EINT3_IRQHandler
 .text.lecturaYAccion
                0x0000154c       0x2c ./src/teclado.o
                0x0000154c                lecturaYAccion
 .text.lectura  0x00001578       0xbc ./src/teclado.o
                0x00001578                lectura
 .text.chequeaFila
                0x00001634       0xe0 ./src/teclado.o
                0x00001634                chequeaFila
 .text.TIMER1_IRQHandler
                0x00001714        0xc ./src/teclado.o
                0x00001714                TIMER1_IRQHandler
 .text.SystemInit
                0x00001720       0xe4 C:\Users\nicoc\Documents\Electronica Digital III\LPCXpresso\LPCXpresso_8.2.2_650\workspace2\CMSISv2p00_LPC17xx\Debug\libCMSISv2p00_LPC17xx.a(system_LPC17xx.o)
                0x00001720                SystemInit
 .text.ADC_ChannelGetData
                0x00001804       0x28 C:\Users\nicoc\Documents\Electronica Digital III\LPCXpresso\LPCXpresso_8.2.2_650\workspace2\CMSISv2p00_LPC17xx\Debug\libCMSISv2p00_LPC17xx.a(lpc17xx_adc.o)
                0x00001804                ADC_ChannelGetData
 .text.ADC_ChannelGetStatus
                0x0000182c       0x48 C:\Users\nicoc\Documents\Electronica Digital III\LPCXpresso\LPCXpresso_8.2.2_650\workspace2\CMSISv2p00_LPC17xx\Debug\libCMSISv2p00_LPC17xx.a(lpc17xx_adc.o)
                0x0000182c                ADC_ChannelGetStatus
 .text.EXTI_ClearEXTIFlag
                0x00001874       0x18 C:\Users\nicoc\Documents\Electronica Digital III\LPCXpresso\LPCXpresso_8.2.2_650\workspace2\CMSISv2p00_LPC17xx\Debug\libCMSISv2p00_LPC17xx.a(lpc17xx_exti.o)
                0x00001874                EXTI_ClearEXTIFlag
 .text.GPIO_SetDir
                0x0000188c       0x24 C:\Users\nicoc\Documents\Electronica Digital III\LPCXpresso\LPCXpresso_8.2.2_650\workspace2\CMSISv2p00_LPC17xx\Debug\libCMSISv2p00_LPC17xx.a(lpc17xx_gpio.o)
                0x0000188c                GPIO_SetDir
 .text.GPIO_SetValue
                0x000018b0       0x14 C:\Users\nicoc\Documents\Electronica Digital III\LPCXpresso\LPCXpresso_8.2.2_650\workspace2\CMSISv2p00_LPC17xx\Debug\libCMSISv2p00_LPC17xx.a(lpc17xx_gpio.o)
                0x000018b0                GPIO_SetValue
 .text.GPIO_ClearValue
                0x000018c4       0x14 C:\Users\nicoc\Documents\Electronica Digital III\LPCXpresso\LPCXpresso_8.2.2_650\workspace2\CMSISv2p00_LPC17xx\Debug\libCMSISv2p00_LPC17xx.a(lpc17xx_gpio.o)
                0x000018c4                GPIO_ClearValue
 .text.GPIO_GetIntStatus
                0x000018d8       0x38 C:\Users\nicoc\Documents\Electronica Digital III\LPCXpresso\LPCXpresso_8.2.2_650\workspace2\CMSISv2p00_LPC17xx\Debug\libCMSISv2p00_LPC17xx.a(lpc17xx_gpio.o)
                0x000018d8                GPIO_GetIntStatus
 .text.GPIO_ClearInt
                0x00001910       0x18 C:\Users\nicoc\Documents\Electronica Digital III\LPCXpresso\LPCXpresso_8.2.2_650\workspace2\CMSISv2p00_LPC17xx\Debug\libCMSISv2p00_LPC17xx.a(lpc17xx_gpio.o)
                0x00001910                GPIO_ClearInt
 .text.check_failed
                0x00001928        0x2 C:\Users\nicoc\Documents\Electronica Digital III\LPCXpresso\LPCXpresso_8.2.2_650\workspace2\CMSISv2p00_LPC17xx\Debug\libCMSISv2p00_LPC17xx.a(lpc17xx_libcfg_default.o)
                0x00001928                check_failed
 *fill*         0x0000192a        0x2 ff
 .text.TIM_ClearIntPending
                0x0000192c       0x4c C:\Users\nicoc\Documents\Electronica Digital III\LPCXpresso\LPCXpresso_8.2.2_650\workspace2\CMSISv2p00_LPC17xx\Debug\libCMSISv2p00_LPC17xx.a(lpc17xx_timer.o)
                0x0000192c                TIM_ClearIntPending
 .text.TIM_ResetCounter
                0x00001978       0x48 C:\Users\nicoc\Documents\Electronica Digital III\LPCXpresso\LPCXpresso_8.2.2_650\workspace2\CMSISv2p00_LPC17xx\Debug\libCMSISv2p00_LPC17xx.a(lpc17xx_timer.o)
                0x00001978                TIM_ResetCounter
 .text.UART_SendByte
                0x000019c0       0x3c C:\Users\nicoc\Documents\Electronica Digital III\LPCXpresso\LPCXpresso_8.2.2_650\workspace2\CMSISv2p00_LPC17xx\Debug\libCMSISv2p00_LPC17xx.a(lpc17xx_uart.o)
                0x000019c0                UART_SendByte
 .text.UART_Send.part.0
                0x000019fc       0x4a C:\Users\nicoc\Documents\Electronica Digital III\LPCXpresso\LPCXpresso_8.2.2_650\workspace2\CMSISv2p00_LPC17xx\Debug\libCMSISv2p00_LPC17xx.a(lpc17xx_uart.o)
 *fill*         0x00001a46        0x2 ff
 .text.UART_ReceiveByte
                0x00001a48       0x3c C:\Users\nicoc\Documents\Electronica Digital III\LPCXpresso\LPCXpresso_8.2.2_650\workspace2\CMSISv2p00_LPC17xx\Debug\libCMSISv2p00_LPC17xx.a(lpc17xx_uart.o)
                0x00001a48                UART_ReceiveByte
 .text.UART_Send
                0x00001a84       0x52 C:\Users\nicoc\Documents\Electronica Digital III\LPCXpresso\LPCXpresso_8.2.2_650\workspace2\CMSISv2p00_LPC17xx\Debug\libCMSISv2p00_LPC17xx.a(lpc17xx_uart.o)
                0x00001a84                UART_Send
 .text.UART_Receive
                0x00001ad6       0x50 C:\Users\nicoc\Documents\Electronica Digital III\LPCXpresso\LPCXpresso_8.2.2_650\workspace2\CMSISv2p00_LPC17xx\Debug\libCMSISv2p00_LPC17xx.a(lpc17xx_uart.o)
                0x00001ad6                UART_Receive
 *fill*         0x00001b26        0x2 ff
 .text.UART_GetIntId
                0x00001b28       0x40 C:\Users\nicoc\Documents\Electronica Digital III\LPCXpresso\LPCXpresso_8.2.2_650\workspace2\CMSISv2p00_LPC17xx\Debug\libCMSISv2p00_LPC17xx.a(lpc17xx_uart.o)
                0x00001b28                UART_GetIntId
 .text.memset   0x00001b68        0x4 c:/nxp/lpcxpresso_8.2.2_650/lpcxpresso/tools/bin/../lib/gcc/arm-none-eabi/5.4.1/../../../../arm-none-eabi/lib/armv7-m\libcr_c.a(memset.o)
                0x00001b68                memset
 .text.__weak_main
                0x00001b6c        0x4 c:/nxp/lpcxpresso_8.2.2_650/lpcxpresso/tools/bin/../lib/gcc/arm-none-eabi/5.4.1/../../../../arm-none-eabi/lib/armv7-m\libcr_c.a(__weak__main.o)
                0x00001b6c                __weak_main
                0x00001b6c                __main
 .text.__aeabi_memset_lowlevel
                0x00001b70       0x32 c:/nxp/lpcxpresso_8.2.2_650/lpcxpresso/tools/bin/../lib/gcc/arm-none-eabi/5.4.1/armv7-m\libcr_eabihelpers.a(memcpy.o)
                0x00001b70                __aeabi_lowlevel_memset
 *(.rodata .rodata.* .constdata .constdata.*)
 *fill*         0x00001ba2        0x2 ff
 .rodata        0x00001ba4        0x3 ./src/Transmision.o
 .rodata.str1.1
                0x00001ba7       0x1d C:\Users\nicoc\Documents\Electronica Digital III\LPCXpresso\LPCXpresso_8.2.2_650\workspace2\CMSISv2p00_LPC17xx\Debug\libCMSISv2p00_LPC17xx.a(lpc17xx_adc.o)
 .rodata.CSWTCH.9
                0x00001bc4       0x14 C:\Users\nicoc\Documents\Electronica Digital III\LPCXpresso\LPCXpresso_8.2.2_650\workspace2\CMSISv2p00_LPC17xx\Debug\libCMSISv2p00_LPC17xx.a(lpc17xx_gpio.o)
 .rodata.str1.1
                0x00001bd8       0x1f C:\Users\nicoc\Documents\Electronica Digital III\LPCXpresso\LPCXpresso_8.2.2_650\workspace2\CMSISv2p00_LPC17xx\Debug\libCMSISv2p00_LPC17xx.a(lpc17xx_timer.o)
 .rodata.str1.1
                0x00001bf7       0x1e C:\Users\nicoc\Documents\Electronica Digital III\LPCXpresso\LPCXpresso_8.2.2_650\workspace2\CMSISv2p00_LPC17xx\Debug\libCMSISv2p00_LPC17xx.a(lpc17xx_uart.o)
                0x00001c18                . = ALIGN (0x4)
 *fill*         0x00001c15        0x3 ff

.glue_7         0x00001c18        0x0
 .glue_7        0x00001c18        0x0 linker stubs

.glue_7t        0x00001c18        0x0
 .glue_7t       0x00001c18        0x0 linker stubs

.vfp11_veneer   0x00001c18        0x0
 .vfp11_veneer  0x00001c18        0x0 linker stubs

.v4_bx          0x00001c18        0x0
 .v4_bx         0x00001c18        0x0 linker stubs

.iplt           0x00001c18        0x0
 .iplt          0x00001c18        0x0 ./src/GPIO.o

.rel.dyn        0x00001c18        0x0
 .rel.iplt      0x00001c18        0x0 ./src/GPIO.o

.ARM.extab
 *(.ARM.extab* .gnu.linkonce.armextab.*)
                0x00001c18                __exidx_start = .

.ARM.exidx
 *(.ARM.exidx* .gnu.linkonce.armexidx.*)
                0x00001c18                __exidx_end = .
                0x00001c18                _etext = .

.data_RAM2      0x2007c000        0x0 load address 0x00001c18
 FILL mask 0xff
                [!provide]                PROVIDE (__start_data_RAM2, .)
 *(.ramfunc.$RAM2)
 *(.ramfunc.$RamAHB32)
 *(.data.$RAM2*)
 *(.data.$RamAHB32*)
                0x2007c000                . = ALIGN (0x4)
                [!provide]                PROVIDE (__end_data_RAM2, .)

.uninit_RESERVED
                0x10000000        0x0
 *(.bss.$RESERVED*)
                0x10000000                . = ALIGN (0x4)
                0x10000000                _end_uninit_RESERVED = .

.data           0x10000000       0x40 load address 0x00001c18
 FILL mask 0xff
                0x10000000                _data = .
 *(vtable)
 *(.ramfunc*)
 *(.data*)
 .data.prender  0x10000000        0xa ./src/Multiplex.o
                0x10000000                prender
 *fill*         0x1000000a        0x2 ff
 .data.apagar   0x1000000c        0xa ./src/Multiplex.o
                0x1000000c                apagar
 *fill*         0x10000016        0x2 ff
 .data.nums     0x10000018        0xf ./src/Multiplex.o
                0x10000018                nums
 *fill*         0x10000027        0x1 ff
 .data.mascara  0x10000028        0x2 ./src/Pesaje.o
                0x10000028                mascara
 .data.resolucion
                0x1000002a        0x2 ./src/Pesaje.o
                0x1000002a                resolucion
 .data.tipoCompra
                0x1000002c        0x1 ./src/logica.o
 *fill*         0x1000002d        0x3 ff
 .data.teclado  0x10000030       0x10 ./src/teclado.o
                0x10000040                . = ALIGN (0x4)
                0x10000040                _edata = .

.igot.plt       0x10000040        0x0 load address 0x00001c58
 .igot.plt      0x10000040        0x0 ./src/GPIO.o

.bss_RAM2       0x2007c000        0x0
                [!provide]                PROVIDE (__start_bss_RAM2, .)
 *(.bss.$RAM2*)
 *(.bss.$RamAHB32*)
                0x2007c000                . = ALIGN ((. != 0x0)?0x4:0x1)
                [!provide]                PROVIDE (__end_bss_RAM2, .)

.bss            0x10000040      0x5a4
                0x10000040                _bss = .
 *(.bss*)
 .bss.dig.5375  0x10000040        0x1 ./src/Multiplex.o
 *fill*         0x10000041        0x3 
 .bss.disp.5376
                0x10000044        0x4 ./src/Multiplex.o
 .bss.peso      0x10000048        0x2 ./src/Pesaje.o
                0x10000048                peso
 .bss.tara      0x1000004a        0x2 ./src/Pesaje.o
 .bss.valADC1.5285
                0x1000004c        0x2 ./src/Pesaje.o
 .bss.valADC2.5286
                0x1000004e        0x2 ./src/Pesaje.o
 .bss.valADC3.5287
                0x10000050        0x2 ./src/Pesaje.o
 .bss.valADC4.5288
                0x10000052        0x2 ./src/Pesaje.o
 .bss.channel.5294
                0x10000054        0x1 ./src/Pesaje.o
 *fill*         0x10000055        0x3 
 .bss.datos     0x10000058      0x258 ./src/logica.o
 .bss.compra    0x100002b0      0x320 ./src/logica.o
 .bss.modo      0x100005d0        0x1 ./src/logica.o
 .bss.contaDig  0x100005d1        0x1 ./src/logica.o
 .bss.precio    0x100005d2        0x2 ./src/logica.o
 .bss.codigo    0x100005d4        0x1 ./src/logica.o
 .bss.sumaParcial
                0x100005d5        0x1 ./src/logica.o
 .bss.cantCompras
                0x100005d6        0x1 ./src/logica.o
 .bss.vendido   0x100005d7        0x1 ./src/logica.o
 .bss.estado    0x100005d8        0x1 ./src/logica.o
 .bss.codigoAMod
                0x100005d9        0x1 ./src/logica.o
 .bss.precioAMod
                0x100005da        0x1 ./src/logica.o
 .bss.cantidadAMod
                0x100005db        0x1 ./src/logica.o
 .bss.contaModDatos
                0x100005dc        0x1 ./src/logica.o
 .bss.tecla     0x100005dd        0x1 ./src/teclado.o
 .bss.teclaPulsada
                0x100005de        0x1 ./src/teclado.o
 .bss.fila      0x100005df        0x1 ./src/teclado.o
 .bss.columna   0x100005e0        0x1 ./src/teclado.o
 *(COMMON)
                0x100005e4                . = ALIGN (0x4)
 *fill*         0x100005e1        0x3 
                0x100005e4                _ebss = .
                [!provide]                PROVIDE (end, .)

.noinit_RAM2    0x2007c000        0x0
 *(.noinit.$RAM2*)
 *(.noinit.$RamAHB32*)
                0x2007c000                . = ALIGN (0x4)

.noinit         0x100005e4        0x0
                0x100005e4                _noinit = .
 *(.noinit*)
                0x100005e4                . = ALIGN (0x4)
                0x100005e4                _end_noinit = .
                [!provide]                PROVIDE (_pvHeapStart, DEFINED (__user_heap_base)?__user_heap_base:.)
                0x10008000                PROVIDE (_vStackTop, DEFINED (__user_stack_top)?__user_stack_top:(__top_RamLoc32 - 0x0))
                0xefff74b2                PROVIDE (__valid_user_code_checksum, (0x0 - ((((((_vStackTop + (ResetISR + 0x1)) + (NMI_Handler + 0x1)) + (HardFault_Handler + 0x1)) + (DEFINED (MemManage_Handler)?MemManage_Handler:0x0 + 0x1)) + (DEFINED (BusFault_Handler)?BusFault_Handler:0x0 + 0x1)) + (DEFINED (UsageFault_Handler)?UsageFault_Handler:0x0 + 0x1))))
OUTPUT(TP_Final_0.0.1.axf elf32-littlearm)

.debug_info     0x00000000     0x720e
 .debug_info    0x00000000      0x197 ./src/GPIO.o
 .debug_info    0x00000197      0x45e ./src/Multiplex.o
 .debug_info    0x000005f5      0xa9e ./src/Pesaje.o
 .debug_info    0x00001093       0xaf ./src/TP_Final_0.0.1.o
 .debug_info    0x00001142      0x7e0 ./src/Transmision.o
 .debug_info    0x00001922      0x253 ./src/cr_startup_lpc175x_6x.o
 .debug_info    0x00001b75      0x694 ./src/logica.o
 .debug_info    0x00002209      0xa6f ./src/teclado.o
 .debug_info    0x00002c78      0x318 C:\Users\nicoc\Documents\Electronica Digital III\LPCXpresso\LPCXpresso_8.2.2_650\workspace2\CMSISv2p00_LPC17xx\Debug\libCMSISv2p00_LPC17xx.a(system_LPC17xx.o)
 .debug_info    0x00002f90      0x83f C:\Users\nicoc\Documents\Electronica Digital III\LPCXpresso\LPCXpresso_8.2.2_650\workspace2\CMSISv2p00_LPC17xx\Debug\libCMSISv2p00_LPC17xx.a(lpc17xx_adc.o)
 .debug_info    0x000037cf      0x4e3 C:\Users\nicoc\Documents\Electronica Digital III\LPCXpresso\LPCXpresso_8.2.2_650\workspace2\CMSISv2p00_LPC17xx\Debug\libCMSISv2p00_LPC17xx.a(lpc17xx_exti.o)
 .debug_info    0x00003cb2      0xd6f C:\Users\nicoc\Documents\Electronica Digital III\LPCXpresso\LPCXpresso_8.2.2_650\workspace2\CMSISv2p00_LPC17xx\Debug\libCMSISv2p00_LPC17xx.a(lpc17xx_gpio.o)
 .debug_info    0x00004a21       0xc3 C:\Users\nicoc\Documents\Electronica Digital III\LPCXpresso\LPCXpresso_8.2.2_650\workspace2\CMSISv2p00_LPC17xx\Debug\libCMSISv2p00_LPC17xx.a(lpc17xx_libcfg_default.o)
 .debug_info    0x00004ae4      0xb4c C:\Users\nicoc\Documents\Electronica Digital III\LPCXpresso\LPCXpresso_8.2.2_650\workspace2\CMSISv2p00_LPC17xx\Debug\libCMSISv2p00_LPC17xx.a(lpc17xx_timer.o)
 .debug_info    0x00005630     0x1bde C:\Users\nicoc\Documents\Electronica Digital III\LPCXpresso\LPCXpresso_8.2.2_650\workspace2\CMSISv2p00_LPC17xx\Debug\libCMSISv2p00_LPC17xx.a(lpc17xx_uart.o)

.debug_abbrev   0x00000000     0x181a
 .debug_abbrev  0x00000000       0xab ./src/GPIO.o
 .debug_abbrev  0x000000ab      0x175 ./src/Multiplex.o
 .debug_abbrev  0x00000220      0x1e8 ./src/Pesaje.o
 .debug_abbrev  0x00000408       0x6c ./src/TP_Final_0.0.1.o
 .debug_abbrev  0x00000474      0x1cc ./src/Transmision.o
 .debug_abbrev  0x00000640       0xf5 ./src/cr_startup_lpc175x_6x.o
 .debug_abbrev  0x00000735      0x1eb ./src/logica.o
 .debug_abbrev  0x00000920      0x240 ./src/teclado.o
 .debug_abbrev  0x00000b60       0xe6 C:\Users\nicoc\Documents\Electronica Digital III\LPCXpresso\LPCXpresso_8.2.2_650\workspace2\CMSISv2p00_LPC17xx\Debug\libCMSISv2p00_LPC17xx.a(system_LPC17xx.o)
 .debug_abbrev  0x00000c46      0x19d C:\Users\nicoc\Documents\Electronica Digital III\LPCXpresso\LPCXpresso_8.2.2_650\workspace2\CMSISv2p00_LPC17xx\Debug\libCMSISv2p00_LPC17xx.a(lpc17xx_adc.o)
 .debug_abbrev  0x00000de3      0x17a C:\Users\nicoc\Documents\Electronica Digital III\LPCXpresso\LPCXpresso_8.2.2_650\workspace2\CMSISv2p00_LPC17xx\Debug\libCMSISv2p00_LPC17xx.a(lpc17xx_exti.o)
 .debug_abbrev  0x00000f5d      0x234 C:\Users\nicoc\Documents\Electronica Digital III\LPCXpresso\LPCXpresso_8.2.2_650\workspace2\CMSISv2p00_LPC17xx\Debug\libCMSISv2p00_LPC17xx.a(lpc17xx_gpio.o)
 .debug_abbrev  0x00001191       0x6f C:\Users\nicoc\Documents\Electronica Digital III\LPCXpresso\LPCXpresso_8.2.2_650\workspace2\CMSISv2p00_LPC17xx\Debug\libCMSISv2p00_LPC17xx.a(lpc17xx_libcfg_default.o)
 .debug_abbrev  0x00001200      0x2b0 C:\Users\nicoc\Documents\Electronica Digital III\LPCXpresso\LPCXpresso_8.2.2_650\workspace2\CMSISv2p00_LPC17xx\Debug\libCMSISv2p00_LPC17xx.a(lpc17xx_timer.o)
 .debug_abbrev  0x000014b0      0x36a C:\Users\nicoc\Documents\Electronica Digital III\LPCXpresso\LPCXpresso_8.2.2_650\workspace2\CMSISv2p00_LPC17xx\Debug\libCMSISv2p00_LPC17xx.a(lpc17xx_uart.o)

.debug_aranges  0x00000000      0x668
 .debug_aranges
                0x00000000       0x30 ./src/GPIO.o
 .debug_aranges
                0x00000030       0x40 ./src/Multiplex.o
 .debug_aranges
                0x00000070       0x58 ./src/Pesaje.o
 .debug_aranges
                0x000000c8       0x20 ./src/TP_Final_0.0.1.o
 .debug_aranges
                0x000000e8       0x40 ./src/Transmision.o
 .debug_aranges
                0x00000128       0x80 ./src/cr_startup_lpc175x_6x.o
 .debug_aranges
                0x000001a8       0xd8 ./src/logica.o
 .debug_aranges
                0x00000280       0x78 ./src/teclado.o
 .debug_aranges
                0x000002f8       0x28 C:\Users\nicoc\Documents\Electronica Digital III\LPCXpresso\LPCXpresso_8.2.2_650\workspace2\CMSISv2p00_LPC17xx\Debug\libCMSISv2p00_LPC17xx.a(system_LPC17xx.o)
 .debug_aranges
                0x00000320       0x80 C:\Users\nicoc\Documents\Electronica Digital III\LPCXpresso\LPCXpresso_8.2.2_650\workspace2\CMSISv2p00_LPC17xx\Debug\libCMSISv2p00_LPC17xx.a(lpc17xx_adc.o)
 .debug_aranges
                0x000003a0       0x48 C:\Users\nicoc\Documents\Electronica Digital III\LPCXpresso\LPCXpresso_8.2.2_650\workspace2\CMSISv2p00_LPC17xx\Debug\libCMSISv2p00_LPC17xx.a(lpc17xx_exti.o)
 .debug_aranges
                0x000003e8       0xe0 C:\Users\nicoc\Documents\Electronica Digital III\LPCXpresso\LPCXpresso_8.2.2_650\workspace2\CMSISv2p00_LPC17xx\Debug\libCMSISv2p00_LPC17xx.a(lpc17xx_gpio.o)
 .debug_aranges
                0x000004c8       0x20 C:\Users\nicoc\Documents\Electronica Digital III\LPCXpresso\LPCXpresso_8.2.2_650\workspace2\CMSISv2p00_LPC17xx\Debug\libCMSISv2p00_LPC17xx.a(lpc17xx_libcfg_default.o)
 .debug_aranges
                0x000004e8       0x80 C:\Users\nicoc\Documents\Electronica Digital III\LPCXpresso\LPCXpresso_8.2.2_650\workspace2\CMSISv2p00_LPC17xx\Debug\libCMSISv2p00_LPC17xx.a(lpc17xx_timer.o)
 .debug_aranges
                0x00000568      0x100 C:\Users\nicoc\Documents\Electronica Digital III\LPCXpresso\LPCXpresso_8.2.2_650\workspace2\CMSISv2p00_LPC17xx\Debug\libCMSISv2p00_LPC17xx.a(lpc17xx_uart.o)

.debug_ranges   0x00000000      0x5d0
 .debug_ranges  0x00000000       0x20 ./src/GPIO.o
 .debug_ranges  0x00000020       0x30 ./src/Multiplex.o
 .debug_ranges  0x00000050       0x48 ./src/Pesaje.o
 .debug_ranges  0x00000098       0x10 ./src/TP_Final_0.0.1.o
 .debug_ranges  0x000000a8       0x30 ./src/Transmision.o
 .debug_ranges  0x000000d8       0x70 ./src/cr_startup_lpc175x_6x.o
 .debug_ranges  0x00000148       0xc8 ./src/logica.o
 .debug_ranges  0x00000210       0x68 ./src/teclado.o
 .debug_ranges  0x00000278       0x18 C:\Users\nicoc\Documents\Electronica Digital III\LPCXpresso\LPCXpresso_8.2.2_650\workspace2\CMSISv2p00_LPC17xx\Debug\libCMSISv2p00_LPC17xx.a(system_LPC17xx.o)
 .debug_ranges  0x00000290       0x70 C:\Users\nicoc\Documents\Electronica Digital III\LPCXpresso\LPCXpresso_8.2.2_650\workspace2\CMSISv2p00_LPC17xx\Debug\libCMSISv2p00_LPC17xx.a(lpc17xx_adc.o)
 .debug_ranges  0x00000300       0x38 C:\Users\nicoc\Documents\Electronica Digital III\LPCXpresso\LPCXpresso_8.2.2_650\workspace2\CMSISv2p00_LPC17xx\Debug\libCMSISv2p00_LPC17xx.a(lpc17xx_exti.o)
 .debug_ranges  0x00000338       0xd0 C:\Users\nicoc\Documents\Electronica Digital III\LPCXpresso\LPCXpresso_8.2.2_650\workspace2\CMSISv2p00_LPC17xx\Debug\libCMSISv2p00_LPC17xx.a(lpc17xx_gpio.o)
 .debug_ranges  0x00000408       0x10 C:\Users\nicoc\Documents\Electronica Digital III\LPCXpresso\LPCXpresso_8.2.2_650\workspace2\CMSISv2p00_LPC17xx\Debug\libCMSISv2p00_LPC17xx.a(lpc17xx_libcfg_default.o)
 .debug_ranges  0x00000418       0x70 C:\Users\nicoc\Documents\Electronica Digital III\LPCXpresso\LPCXpresso_8.2.2_650\workspace2\CMSISv2p00_LPC17xx\Debug\libCMSISv2p00_LPC17xx.a(lpc17xx_timer.o)
 .debug_ranges  0x00000488      0x148 C:\Users\nicoc\Documents\Electronica Digital III\LPCXpresso\LPCXpresso_8.2.2_650\workspace2\CMSISv2p00_LPC17xx\Debug\libCMSISv2p00_LPC17xx.a(lpc17xx_uart.o)

.debug_macro    0x00000000     0x3ffa
 .debug_macro   0x00000000       0x9d ./src/GPIO.o
 .debug_macro   0x0000009d      0x88c ./src/GPIO.o
 .debug_macro   0x00000929       0x1c ./src/GPIO.o
 .debug_macro   0x00000945       0x2e ./src/GPIO.o
 .debug_macro   0x00000973       0x10 ./src/GPIO.o
 .debug_macro   0x00000983      0x12d ./src/GPIO.o
 .debug_macro   0x00000ab0      0x5b2 ./src/GPIO.o
 .debug_macro   0x00001062       0x18 ./src/GPIO.o
 .debug_macro   0x0000107a      0x7af ./src/GPIO.o
 .debug_macro   0x00001829      0x2c7 ./src/GPIO.o
 .debug_macro   0x00001af0       0x63 ./src/GPIO.o
 .debug_macro   0x00001b53       0x40 ./src/GPIO.o
 .debug_macro   0x00001b93       0xa9 ./src/Multiplex.o
 .debug_macro   0x00001c3c       0x46 ./src/Multiplex.o
 .debug_macro   0x00001c82       0x46 ./src/Multiplex.o
 .debug_macro   0x00001cc8      0x33a ./src/Multiplex.o
 .debug_macro   0x00002002       0xcb ./src/Pesaje.o
 .debug_macro   0x000020cd      0x13f ./src/Pesaje.o
 .debug_macro   0x0000220c       0xeb ./src/Pesaje.o
 .debug_macro   0x000022f7       0xea ./src/Pesaje.o
 .debug_macro   0x000023e1       0xdf ./src/TP_Final_0.0.1.o
 .debug_macro   0x000024c0       0xc2 ./src/Transmision.o
 .debug_macro   0x00002582       0x1d ./src/cr_startup_lpc175x_6x.o
 .debug_macro   0x0000259f       0xca ./src/logica.o
 .debug_macro   0x00002669       0x22 ./src/logica.o
 .debug_macro   0x0000268b       0xd4 ./src/teclado.o
 .debug_macro   0x0000275f      0x12b C:\Users\nicoc\Documents\Electronica Digital III\LPCXpresso\LPCXpresso_8.2.2_650\workspace2\CMSISv2p00_LPC17xx\Debug\libCMSISv2p00_LPC17xx.a(system_LPC17xx.o)
 .debug_macro   0x0000288a      0x886 C:\Users\nicoc\Documents\Electronica Digital III\LPCXpresso\LPCXpresso_8.2.2_650\workspace2\CMSISv2p00_LPC17xx\Debug\libCMSISv2p00_LPC17xx.a(system_LPC17xx.o)
 .debug_macro   0x00003110       0xa9 C:\Users\nicoc\Documents\Electronica Digital III\LPCXpresso\LPCXpresso_8.2.2_650\workspace2\CMSISv2p00_LPC17xx\Debug\libCMSISv2p00_LPC17xx.a(lpc17xx_adc.o)
 .debug_macro   0x000031b9       0xe5 C:\Users\nicoc\Documents\Electronica Digital III\LPCXpresso\LPCXpresso_8.2.2_650\workspace2\CMSISv2p00_LPC17xx\Debug\libCMSISv2p00_LPC17xx.a(lpc17xx_adc.o)
 .debug_macro   0x0000329e      0x2f1 C:\Users\nicoc\Documents\Electronica Digital III\LPCXpresso\LPCXpresso_8.2.2_650\workspace2\CMSISv2p00_LPC17xx\Debug\libCMSISv2p00_LPC17xx.a(lpc17xx_adc.o)
 .debug_macro   0x0000358f       0xdd C:\Users\nicoc\Documents\Electronica Digital III\LPCXpresso\LPCXpresso_8.2.2_650\workspace2\CMSISv2p00_LPC17xx\Debug\libCMSISv2p00_LPC17xx.a(lpc17xx_adc.o)
 .debug_macro   0x0000366c       0x96 C:\Users\nicoc\Documents\Electronica Digital III\LPCXpresso\LPCXpresso_8.2.2_650\workspace2\CMSISv2p00_LPC17xx\Debug\libCMSISv2p00_LPC17xx.a(lpc17xx_exti.o)
 .debug_macro   0x00003702       0x1c C:\Users\nicoc\Documents\Electronica Digital III\LPCXpresso\LPCXpresso_8.2.2_650\workspace2\CMSISv2p00_LPC17xx\Debug\libCMSISv2p00_LPC17xx.a(lpc17xx_exti.o)
 .debug_macro   0x0000371e       0x96 C:\Users\nicoc\Documents\Electronica Digital III\LPCXpresso\LPCXpresso_8.2.2_650\workspace2\CMSISv2p00_LPC17xx\Debug\libCMSISv2p00_LPC17xx.a(lpc17xx_gpio.o)
 .debug_macro   0x000037b4       0x5a C:\Users\nicoc\Documents\Electronica Digital III\LPCXpresso\LPCXpresso_8.2.2_650\workspace2\CMSISv2p00_LPC17xx\Debug\libCMSISv2p00_LPC17xx.a(lpc17xx_libcfg_default.o)
 .debug_macro   0x0000380e       0x5d C:\Users\nicoc\Documents\Electronica Digital III\LPCXpresso\LPCXpresso_8.2.2_650\workspace2\CMSISv2p00_LPC17xx\Debug\libCMSISv2p00_LPC17xx.a(lpc17xx_libcfg_default.o)
 .debug_macro   0x0000386b       0xd7 C:\Users\nicoc\Documents\Electronica Digital III\LPCXpresso\LPCXpresso_8.2.2_650\workspace2\CMSISv2p00_LPC17xx\Debug\libCMSISv2p00_LPC17xx.a(lpc17xx_libcfg_default.o)
 .debug_macro   0x00003942       0xb2 C:\Users\nicoc\Documents\Electronica Digital III\LPCXpresso\LPCXpresso_8.2.2_650\workspace2\CMSISv2p00_LPC17xx\Debug\libCMSISv2p00_LPC17xx.a(lpc17xx_timer.o)
 .debug_macro   0x000039f4       0xe4 C:\Users\nicoc\Documents\Electronica Digital III\LPCXpresso\LPCXpresso_8.2.2_650\workspace2\CMSISv2p00_LPC17xx\Debug\libCMSISv2p00_LPC17xx.a(lpc17xx_timer.o)
 .debug_macro   0x00003ad8      0x145 C:\Users\nicoc\Documents\Electronica Digital III\LPCXpresso\LPCXpresso_8.2.2_650\workspace2\CMSISv2p00_LPC17xx\Debug\libCMSISv2p00_LPC17xx.a(lpc17xx_timer.o)
 .debug_macro   0x00003c1d       0xa9 C:\Users\nicoc\Documents\Electronica Digital III\LPCXpresso\LPCXpresso_8.2.2_650\workspace2\CMSISv2p00_LPC17xx\Debug\libCMSISv2p00_LPC17xx.a(lpc17xx_uart.o)
 .debug_macro   0x00003cc6      0x334 C:\Users\nicoc\Documents\Electronica Digital III\LPCXpresso\LPCXpresso_8.2.2_650\workspace2\CMSISv2p00_LPC17xx\Debug\libCMSISv2p00_LPC17xx.a(lpc17xx_uart.o)

.debug_line     0x00000000     0x37e6
 .debug_line    0x00000000      0x32d ./src/GPIO.o
 .debug_line    0x0000032d      0x361 ./src/Multiplex.o
 .debug_line    0x0000068e      0x3db ./src/Pesaje.o
 .debug_line    0x00000a69      0x327 ./src/TP_Final_0.0.1.o
 .debug_line    0x00000d90      0x39d ./src/Transmision.o
 .debug_line    0x0000112d       0xd5 ./src/cr_startup_lpc175x_6x.o
 .debug_line    0x00001202      0x694 ./src/logica.o
 .debug_line    0x00001896      0x457 ./src/teclado.o
 .debug_line    0x00001ced      0x1d3 C:\Users\nicoc\Documents\Electronica Digital III\LPCXpresso\LPCXpresso_8.2.2_650\workspace2\CMSISv2p00_LPC17xx\Debug\libCMSISv2p00_LPC17xx.a(system_LPC17xx.o)
 .debug_line    0x00001ec0      0x3ee C:\Users\nicoc\Documents\Electronica Digital III\LPCXpresso\LPCXpresso_8.2.2_650\workspace2\CMSISv2p00_LPC17xx\Debug\libCMSISv2p00_LPC17xx.a(lpc17xx_adc.o)
 .debug_line    0x000022ae      0x280 C:\Users\nicoc\Documents\Electronica Digital III\LPCXpresso\LPCXpresso_8.2.2_650\workspace2\CMSISv2p00_LPC17xx\Debug\libCMSISv2p00_LPC17xx.a(lpc17xx_exti.o)
 .debug_line    0x0000252e      0x429 C:\Users\nicoc\Documents\Electronica Digital III\LPCXpresso\LPCXpresso_8.2.2_650\workspace2\CMSISv2p00_LPC17xx\Debug\libCMSISv2p00_LPC17xx.a(lpc17xx_gpio.o)
 .debug_line    0x00002957      0x1bb C:\Users\nicoc\Documents\Electronica Digital III\LPCXpresso\LPCXpresso_8.2.2_650\workspace2\CMSISv2p00_LPC17xx\Debug\libCMSISv2p00_LPC17xx.a(lpc17xx_libcfg_default.o)
 .debug_line    0x00002b12      0x4d7 C:\Users\nicoc\Documents\Electronica Digital III\LPCXpresso\LPCXpresso_8.2.2_650\workspace2\CMSISv2p00_LPC17xx\Debug\libCMSISv2p00_LPC17xx.a(lpc17xx_timer.o)
 .debug_line    0x00002fe9      0x7fd C:\Users\nicoc\Documents\Electronica Digital III\LPCXpresso\LPCXpresso_8.2.2_650\workspace2\CMSISv2p00_LPC17xx\Debug\libCMSISv2p00_LPC17xx.a(lpc17xx_uart.o)

.debug_str      0x00000000     0xe8a5
 .debug_str     0x00000000     0x80d4 ./src/GPIO.o
                               0x8163 (size before relaxing)
 .debug_str     0x000080d4     0x1a51 ./src/Multiplex.o
                               0x9b5a (size before relaxing)
 .debug_str     0x00009b25     0x1a20 ./src/Pesaje.o
                               0x9986 (size before relaxing)
 .debug_str     0x0000b545       0x39 ./src/TP_Final_0.0.1.o
                               0x9d4d (size before relaxing)
 .debug_str     0x0000b57e      0x2d5 ./src/Transmision.o
                               0xa0df (size before relaxing)
 .debug_str     0x0000b853      0x1b2 ./src/cr_startup_lpc175x_6x.o
                               0x26ac (size before relaxing)
 .debug_str     0x0000ba05      0x318 ./src/logica.o
                               0x90cd (size before relaxing)
 .debug_str     0x0000bd1d      0x224 ./src/teclado.o
                               0x9491 (size before relaxing)
 .debug_str     0x0000bf41      0x439 C:\Users\nicoc\Documents\Electronica Digital III\LPCXpresso\LPCXpresso_8.2.2_650\workspace2\CMSISv2p00_LPC17xx\Debug\libCMSISv2p00_LPC17xx.a(system_LPC17xx.o)
                               0x816f (size before relaxing)
 .debug_str     0x0000c37a     0x169e C:\Users\nicoc\Documents\Electronica Digital III\LPCXpresso\LPCXpresso_8.2.2_650\workspace2\CMSISv2p00_LPC17xx\Debug\libCMSISv2p00_LPC17xx.a(lpc17xx_adc.o)
                               0x9d67 (size before relaxing)
 .debug_str     0x0000da18      0x16b C:\Users\nicoc\Documents\Electronica Digital III\LPCXpresso\LPCXpresso_8.2.2_650\workspace2\CMSISv2p00_LPC17xx\Debug\libCMSISv2p00_LPC17xx.a(lpc17xx_exti.o)
                               0x8396 (size before relaxing)
 .debug_str     0x0000db83      0x301 C:\Users\nicoc\Documents\Electronica Digital III\LPCXpresso\LPCXpresso_8.2.2_650\workspace2\CMSISv2p00_LPC17xx\Debug\libCMSISv2p00_LPC17xx.a(lpc17xx_gpio.o)
                               0x86d9 (size before relaxing)
 .debug_str     0x0000de84       0x2d C:\Users\nicoc\Documents\Electronica Digital III\LPCXpresso\LPCXpresso_8.2.2_650\workspace2\CMSISv2p00_LPC17xx\Debug\libCMSISv2p00_LPC17xx.a(lpc17xx_libcfg_default.o)
                               0x3f89 (size before relaxing)
 .debug_str     0x0000deb1      0x2a6 C:\Users\nicoc\Documents\Electronica Digital III\LPCXpresso\LPCXpresso_8.2.2_650\workspace2\CMSISv2p00_LPC17xx\Debug\libCMSISv2p00_LPC17xx.a(lpc17xx_timer.o)
                               0xa38e (size before relaxing)
 .debug_str     0x0000e157      0x74e C:\Users\nicoc\Documents\Electronica Digital III\LPCXpresso\LPCXpresso_8.2.2_650\workspace2\CMSISv2p00_LPC17xx\Debug\libCMSISv2p00_LPC17xx.a(lpc17xx_uart.o)
                               0xb42f (size before relaxing)

.comment        0x00000000       0xdc
 .comment       0x00000000       0x6e ./src/GPIO.o
                                 0x6f (size before relaxing)
 .comment       0x0000006e       0x6f ./src/Multiplex.o
 .comment       0x0000006e       0x6f ./src/Pesaje.o
 .comment       0x0000006e       0x6f ./src/TP_Final_0.0.1.o
 .comment       0x0000006e       0x6f ./src/Transmision.o
 .comment       0x0000006e       0x6f ./src/cr_startup_lpc175x_6x.o
 .comment       0x0000006e       0x6f ./src/logica.o
 .comment       0x0000006e       0x6f ./src/teclado.o
 .comment       0x0000006e       0x6f C:\Users\nicoc\Documents\Electronica Digital III\LPCXpresso\LPCXpresso_8.2.2_650\workspace2\CMSISv2p00_LPC17xx\Debug\libCMSISv2p00_LPC17xx.a(system_LPC17xx.o)
 .comment       0x0000006e       0x6f C:\Users\nicoc\Documents\Electronica Digital III\LPCXpresso\LPCXpresso_8.2.2_650\workspace2\CMSISv2p00_LPC17xx\Debug\libCMSISv2p00_LPC17xx.a(lpc17xx_adc.o)
 .comment       0x0000006e       0x6f C:\Users\nicoc\Documents\Electronica Digital III\LPCXpresso\LPCXpresso_8.2.2_650\workspace2\CMSISv2p00_LPC17xx\Debug\libCMSISv2p00_LPC17xx.a(lpc17xx_exti.o)
 .comment       0x0000006e       0x6f C:\Users\nicoc\Documents\Electronica Digital III\LPCXpresso\LPCXpresso_8.2.2_650\workspace2\CMSISv2p00_LPC17xx\Debug\libCMSISv2p00_LPC17xx.a(lpc17xx_gpio.o)
 .comment       0x0000006e       0x6f C:\Users\nicoc\Documents\Electronica Digital III\LPCXpresso\LPCXpresso_8.2.2_650\workspace2\CMSISv2p00_LPC17xx\Debug\libCMSISv2p00_LPC17xx.a(lpc17xx_libcfg_default.o)
 .comment       0x0000006e       0x6f C:\Users\nicoc\Documents\Electronica Digital III\LPCXpresso\LPCXpresso_8.2.2_650\workspace2\CMSISv2p00_LPC17xx\Debug\libCMSISv2p00_LPC17xx.a(lpc17xx_timer.o)
 .comment       0x0000006e       0x6f C:\Users\nicoc\Documents\Electronica Digital III\LPCXpresso\LPCXpresso_8.2.2_650\workspace2\CMSISv2p00_LPC17xx\Debug\libCMSISv2p00_LPC17xx.a(lpc17xx_uart.o)
 .comment       0x0000006e       0x6e c:/nxp/lpcxpresso_8.2.2_650/lpcxpresso/tools/bin/../lib/gcc/arm-none-eabi/5.4.1/../../../../arm-none-eabi/lib/armv7-m\libcr_c.a(memset.o)
                                 0x6f (size before relaxing)
 .comment       0x000000dc       0x6f c:/nxp/lpcxpresso_8.2.2_650/lpcxpresso/tools/bin/../lib/gcc/arm-none-eabi/5.4.1/../../../../arm-none-eabi/lib/armv7-m\libcr_c.a(__weak__main.o)

.ARM.attributes
                0x00000000       0x31
 .ARM.attributes
                0x00000000       0x33 ./src/GPIO.o
 .ARM.attributes
                0x00000033       0x33 ./src/Multiplex.o
 .ARM.attributes
                0x00000066       0x33 ./src/Pesaje.o
 .ARM.attributes
                0x00000099       0x33 ./src/TP_Final_0.0.1.o
 .ARM.attributes
                0x000000cc       0x33 ./src/Transmision.o
 .ARM.attributes
                0x000000ff       0x33 ./src/cr_startup_lpc175x_6x.o
 .ARM.attributes
                0x00000132       0x33 ./src/logica.o
 .ARM.attributes
                0x00000165       0x33 ./src/teclado.o
 .ARM.attributes
                0x00000198       0x33 C:\Users\nicoc\Documents\Electronica Digital III\LPCXpresso\LPCXpresso_8.2.2_650\workspace2\CMSISv2p00_LPC17xx\Debug\libCMSISv2p00_LPC17xx.a(system_LPC17xx.o)
 .ARM.attributes
                0x000001cb       0x33 C:\Users\nicoc\Documents\Electronica Digital III\LPCXpresso\LPCXpresso_8.2.2_650\workspace2\CMSISv2p00_LPC17xx\Debug\libCMSISv2p00_LPC17xx.a(lpc17xx_adc.o)
 .ARM.attributes
                0x000001fe       0x33 C:\Users\nicoc\Documents\Electronica Digital III\LPCXpresso\LPCXpresso_8.2.2_650\workspace2\CMSISv2p00_LPC17xx\Debug\libCMSISv2p00_LPC17xx.a(lpc17xx_exti.o)
 .ARM.attributes
                0x00000231       0x33 C:\Users\nicoc\Documents\Electronica Digital III\LPCXpresso\LPCXpresso_8.2.2_650\workspace2\CMSISv2p00_LPC17xx\Debug\libCMSISv2p00_LPC17xx.a(lpc17xx_gpio.o)
 .ARM.attributes
                0x00000264       0x33 C:\Users\nicoc\Documents\Electronica Digital III\LPCXpresso\LPCXpresso_8.2.2_650\workspace2\CMSISv2p00_LPC17xx\Debug\libCMSISv2p00_LPC17xx.a(lpc17xx_libcfg_default.o)
 .ARM.attributes
                0x00000297       0x33 C:\Users\nicoc\Documents\Electronica Digital III\LPCXpresso\LPCXpresso_8.2.2_650\workspace2\CMSISv2p00_LPC17xx\Debug\libCMSISv2p00_LPC17xx.a(lpc17xx_timer.o)
 .ARM.attributes
                0x000002ca       0x33 C:\Users\nicoc\Documents\Electronica Digital III\LPCXpresso\LPCXpresso_8.2.2_650\workspace2\CMSISv2p00_LPC17xx\Debug\libCMSISv2p00_LPC17xx.a(lpc17xx_uart.o)
 .ARM.attributes
                0x000002fd       0x33 c:/nxp/lpcxpresso_8.2.2_650/lpcxpresso/tools/bin/../lib/gcc/arm-none-eabi/5.4.1/../../../../arm-none-eabi/lib/armv7-m\libcr_c.a(memset.o)
 .ARM.attributes
                0x00000330       0x33 c:/nxp/lpcxpresso_8.2.2_650/lpcxpresso/tools/bin/../lib/gcc/arm-none-eabi/5.4.1/../../../../arm-none-eabi/lib/armv7-m\libcr_c.a(__weak__main.o)
 .ARM.attributes
                0x00000363       0x21 c:/nxp/lpcxpresso_8.2.2_650/lpcxpresso/tools/bin/../lib/gcc/arm-none-eabi/5.4.1/armv7-m\libcr_eabihelpers.a(memcpy.o)

.debug_frame    0x00000000     0x125c
 .debug_frame   0x00000000       0x78 ./src/GPIO.o
 .debug_frame   0x00000078       0xc0 ./src/Multiplex.o
 .debug_frame   0x00000138      0x11c ./src/Pesaje.o
 .debug_frame   0x00000254       0x2c ./src/TP_Final_0.0.1.o
 .debug_frame   0x00000280       0xcc ./src/Transmision.o
 .debug_frame   0x0000034c      0x170 ./src/cr_startup_lpc175x_6x.o
 .debug_frame   0x000004bc      0x358 ./src/logica.o
 .debug_frame   0x00000814      0x1a8 ./src/teclado.o
 .debug_frame   0x000009bc       0x3c C:\Users\nicoc\Documents\Electronica Digital III\LPCXpresso\LPCXpresso_8.2.2_650\workspace2\CMSISv2p00_LPC17xx\Debug\libCMSISv2p00_LPC17xx.a(system_LPC17xx.o)
 .debug_frame   0x000009f8      0x16c C:\Users\nicoc\Documents\Electronica Digital III\LPCXpresso\LPCXpresso_8.2.2_650\workspace2\CMSISv2p00_LPC17xx\Debug\libCMSISv2p00_LPC17xx.a(lpc17xx_adc.o)
 .debug_frame   0x00000b64       0x7c C:\Users\nicoc\Documents\Electronica Digital III\LPCXpresso\LPCXpresso_8.2.2_650\workspace2\CMSISv2p00_LPC17xx\Debug\libCMSISv2p00_LPC17xx.a(lpc17xx_exti.o)
 .debug_frame   0x00000be0      0x1c0 C:\Users\nicoc\Documents\Electronica Digital III\LPCXpresso\LPCXpresso_8.2.2_650\workspace2\CMSISv2p00_LPC17xx\Debug\libCMSISv2p00_LPC17xx.a(lpc17xx_gpio.o)
 .debug_frame   0x00000da0       0x20 C:\Users\nicoc\Documents\Electronica Digital III\LPCXpresso\LPCXpresso_8.2.2_650\workspace2\CMSISv2p00_LPC17xx\Debug\libCMSISv2p00_LPC17xx.a(lpc17xx_libcfg_default.o)
 .debug_frame   0x00000dc0      0x170 C:\Users\nicoc\Documents\Electronica Digital III\LPCXpresso\LPCXpresso_8.2.2_650\workspace2\CMSISv2p00_LPC17xx\Debug\libCMSISv2p00_LPC17xx.a(lpc17xx_timer.o)
 .debug_frame   0x00000f30      0x32c C:\Users\nicoc\Documents\Electronica Digital III\LPCXpresso\LPCXpresso_8.2.2_650\workspace2\CMSISv2p00_LPC17xx\Debug\libCMSISv2p00_LPC17xx.a(lpc17xx_uart.o)

.debug_loc      0x00000000     0x26a8
 .debug_loc     0x00000000      0x4f7 C:\Users\nicoc\Documents\Electronica Digital III\LPCXpresso\LPCXpresso_8.2.2_650\workspace2\CMSISv2p00_LPC17xx\Debug\libCMSISv2p00_LPC17xx.a(lpc17xx_adc.o)
 .debug_loc     0x000004f7      0x10f C:\Users\nicoc\Documents\Electronica Digital III\LPCXpresso\LPCXpresso_8.2.2_650\workspace2\CMSISv2p00_LPC17xx\Debug\libCMSISv2p00_LPC17xx.a(lpc17xx_exti.o)
 .debug_loc     0x00000606      0x76a C:\Users\nicoc\Documents\Electronica Digital III\LPCXpresso\LPCXpresso_8.2.2_650\workspace2\CMSISv2p00_LPC17xx\Debug\libCMSISv2p00_LPC17xx.a(lpc17xx_gpio.o)
 .debug_loc     0x00000d70      0x698 C:\Users\nicoc\Documents\Electronica Digital III\LPCXpresso\LPCXpresso_8.2.2_650\workspace2\CMSISv2p00_LPC17xx\Debug\libCMSISv2p00_LPC17xx.a(lpc17xx_timer.o)
 .debug_loc     0x00001408     0x12a0 C:\Users\nicoc\Documents\Electronica Digital III\LPCXpresso\LPCXpresso_8.2.2_650\workspace2\CMSISv2p00_LPC17xx\Debug\libCMSISv2p00_LPC17xx.a(lpc17xx_uart.o)
