Archive member included to satisfy reference by file (symbol)

C:\Users\nicoc\Documents\Electronica Digital III\LPCXpresso\LPCXpresso_8.2.2_650\workspace2\CMSISv2p00_LPC17xx\Debug\libCMSISv2p00_LPC17xx.a(system_LPC17xx.o)
                              ./src/cr_startup_lpc175x_6x.o (SystemInit)
C:\Users\nicoc\Documents\Electronica Digital III\LPCXpresso\LPCXpresso_8.2.2_650\workspace2\CMSISv2p00_LPC17xx\Debug\libCMSISv2p00_LPC17xx.a(lpc17xx_adc.o)
                              ./src/Pesaje.o (ADC_Init)
C:\Users\nicoc\Documents\Electronica Digital III\LPCXpresso\LPCXpresso_8.2.2_650\workspace2\CMSISv2p00_LPC17xx\Debug\libCMSISv2p00_LPC17xx.a(lpc17xx_clkpwr.o)
                              C:\Users\nicoc\Documents\Electronica Digital III\LPCXpresso\LPCXpresso_8.2.2_650\workspace2\CMSISv2p00_LPC17xx\Debug\libCMSISv2p00_LPC17xx.a(lpc17xx_adc.o) (CLKPWR_GetPCLK)
C:\Users\nicoc\Documents\Electronica Digital III\LPCXpresso\LPCXpresso_8.2.2_650\workspace2\CMSISv2p00_LPC17xx\Debug\libCMSISv2p00_LPC17xx.a(lpc17xx_gpio.o)
                              ./src/GPIO.o (GPIO_SetDir)
C:\Users\nicoc\Documents\Electronica Digital III\LPCXpresso\LPCXpresso_8.2.2_650\workspace2\CMSISv2p00_LPC17xx\Debug\libCMSISv2p00_LPC17xx.a(lpc17xx_libcfg_default.o)
                              C:\Users\nicoc\Documents\Electronica Digital III\LPCXpresso\LPCXpresso_8.2.2_650\workspace2\CMSISv2p00_LPC17xx\Debug\libCMSISv2p00_LPC17xx.a(lpc17xx_adc.o) (check_failed)
C:\Users\nicoc\Documents\Electronica Digital III\LPCXpresso\LPCXpresso_8.2.2_650\workspace2\CMSISv2p00_LPC17xx\Debug\libCMSISv2p00_LPC17xx.a(lpc17xx_pinsel.o)
                              ./src/Pesaje.o (PINSEL_ConfigPin)
C:\Users\nicoc\Documents\Electronica Digital III\LPCXpresso\LPCXpresso_8.2.2_650\workspace2\CMSISv2p00_LPC17xx\Debug\libCMSISv2p00_LPC17xx.a(lpc17xx_systick.o)
                              ./src/Multiplex.o (SYSTICK_InternalInit)
C:\Users\nicoc\Documents\Electronica Digital III\LPCXpresso\LPCXpresso_8.2.2_650\workspace2\CMSISv2p00_LPC17xx\Debug\libCMSISv2p00_LPC17xx.a(lpc17xx_timer.o)
                              ./src/Pesaje.o (TIM_ClearIntPending)
C:\Users\nicoc\Documents\Electronica Digital III\LPCXpresso\LPCXpresso_8.2.2_650\workspace2\CMSISv2p00_LPC17xx\Debug\libCMSISv2p00_LPC17xx.a(lpc17xx_uart.o)
                              ./src/Transmision.o (UART_Init)
c:/nxp/lpcxpresso_8.2.2_650/lpcxpresso/tools/bin/../lib/gcc/arm-none-eabi/5.4.1/../../../../arm-none-eabi/lib/armv7-m\libcr_c.a(__weak__main.o)
                              ./src/cr_startup_lpc175x_6x.o (__main)
c:/nxp/lpcxpresso_8.2.2_650/lpcxpresso/tools/bin/../lib/gcc/arm-none-eabi/5.4.1/armv7-m\libcr_eabihelpers.a(division_64.o)
                              C:\Users\nicoc\Documents\Electronica Digital III\LPCXpresso\LPCXpresso_8.2.2_650\workspace2\CMSISv2p00_LPC17xx\Debug\libCMSISv2p00_LPC17xx.a(system_LPC17xx.o) (__aeabi_uldivmod)
c:/nxp/lpcxpresso_8.2.2_650/lpcxpresso/tools/bin/../lib/gcc/arm-none-eabi/5.4.1/armv7-m\libcr_eabihelpers.a(division_idiv0.o)
                              c:/nxp/lpcxpresso_8.2.2_650/lpcxpresso/tools/bin/../lib/gcc/arm-none-eabi/5.4.1/armv7-m\libcr_eabihelpers.a(division_64.o) (__aeabi_idiv0)
c:/nxp/lpcxpresso_8.2.2_650/lpcxpresso/tools/bin/../lib/gcc/arm-none-eabi/5.4.1/armv7-m\libcr_eabihelpers.a(float.o)
                              C:\Users\nicoc\Documents\Electronica Digital III\LPCXpresso\LPCXpresso_8.2.2_650\workspace2\CMSISv2p00_LPC17xx\Debug\libCMSISv2p00_LPC17xx.a(lpc17xx_systick.o) (__aeabi_ui2f)

Discarded input sections

 .group         0x00000000        0x8 ./src/GPIO.o
 .group         0x00000000        0x8 ./src/GPIO.o
 .group         0x00000000        0x8 ./src/GPIO.o
 .group         0x00000000        0x8 ./src/GPIO.o
 .group         0x00000000        0x8 ./src/GPIO.o
 .group         0x00000000        0x8 ./src/GPIO.o
 .group         0x00000000        0x8 ./src/GPIO.o
 .group         0x00000000        0x8 ./src/GPIO.o
 .group         0x00000000        0x8 ./src/GPIO.o
 .group         0x00000000        0x8 ./src/GPIO.o
 .group         0x00000000        0x8 ./src/GPIO.o
 .text          0x00000000        0x0 ./src/GPIO.o
 .data          0x00000000        0x0 ./src/GPIO.o
 .bss           0x00000000        0x0 ./src/GPIO.o
 .text.confPinSoC
                0x00000000       0x8c ./src/GPIO.o
 .group         0x00000000        0x8 ./src/Multiplex.o
 .group         0x00000000        0x8 ./src/Multiplex.o
 .group         0x00000000        0x8 ./src/Multiplex.o
 .group         0x00000000        0x8 ./src/Multiplex.o
 .group         0x00000000        0x8 ./src/Multiplex.o
 .group         0x00000000        0x8 ./src/Multiplex.o
 .group         0x00000000        0x8 ./src/Multiplex.o
 .group         0x00000000        0x8 ./src/Multiplex.o
 .group         0x00000000        0x8 ./src/Multiplex.o
 .group         0x00000000        0x8 ./src/Multiplex.o
 .group         0x00000000        0x8 ./src/Multiplex.o
[...]
Memory Configuration

Name             Origin             Length             Attributes
MFlash512        0x00000000         0x00080000         xr
RamLoc32         0x10000000         0x00008000         xrw
RamAHB32         0x2007c000         0x00008000         xrw
*default*        0x00000000         0xffffffff

Linker script and memory map

LOAD ./src/GPIO.o
LOAD ./src/Multiplex.o
LOAD ./src/Pesaje.o
LOAD ./src/TP_Final_0.0.1.o
LOAD ./src/Transmision.o
LOAD ./src/cr_startup_lpc175x_6x.o
LOAD ./src/crp.o
LOAD ./src/logica.o
LOAD ./src/teclado.o
LOAD C:\Users\nicoc\Documents\Electronica Digital III\LPCXpresso\LPCXpresso_8.2.2_650\workspace2\CMSISv2p00_LPC17xx\Debug\libCMSISv2p00_LPC17xx.a
START GROUP
LOAD c:/nxp/lpcxpresso_8.2.2_650/lpcxpresso/tools/bin/../lib/gcc/arm-none-eabi/5.4.1/../../../../arm-none-eabi/lib/armv7-m\libcr_c.a
LOAD c:/nxp/lpcxpresso_8.2.2_650/lpcxpresso/tools/bin/../lib/gcc/arm-none-eabi/5.4.1/armv7-m\libcr_eabihelpers.a
END GROUP
                0x00000000                __base_MFlash512 = 0x0
                0x00000000                __base_Flash = 0x0
                0x00080000                __top_MFlash512 = 0x80000
                0x00080000                __top_Flash = 0x80000
                0x10000000                __base_RamLoc32 = 0x10000000
                0x10000000                __base_RAM = 0x10000000
                0x10008000                __top_RamLoc32 = 0x10008000
                0x10008000                __top_RAM = 0x10008000
                0x2007c000                __base_RamAHB32 = 0x2007c000
                0x2007c000                __base_RAM2 = 0x2007c000
                0x20084000                __top_RamAHB32 = 0x20084000
                0x20084000                __top_RAM2 = 0x20084000

.text           0x00000000     0x18c4
 FILL mask 0xff
                0x00000000                __vectors_start__ = ABSOLUTE (.)
 *(.isr_vector)
 .isr_vector    0x00000000       0xcc ./src/cr_startup_lpc175x_6x.o
                0x00000000                g_pfnVectors
                0x000000cc                . = ALIGN (0x4)
                0x000000cc                __section_table_start = .
                0x000000cc                __data_section_table = .
                0x000000cc        0x4 LONG 0x18c4 LOADADDR (.data)
                0x000000d0        0x4 LONG 0x10000000 ADDR (.data)
                0x000000d4        0x4 LONG 0x30 SIZEOF (.data)
                0x000000d8        0x4 LONG 0x18c4 LOADADDR (.data_RAM2)
                0x000000dc        0x4 LONG 0x2007c000 ADDR (.data_RAM2)
                0x000000e0        0x4 LONG 0x0 SIZEOF (.data_RAM2)
                0x000000e4                __data_section_table_end = .
                0x000000e4                __bss_section_table = .
                0x000000e4        0x4 LONG 0x10000030 ADDR (.bss)
                0x000000e8        0x4 LONG 0x29c SIZEOF (.bss)
                0x000000ec        0x4 LONG 0x2007c000 ADDR (.bss_RAM2)
                0x000000f0        0x4 LONG 0x0 SIZEOF (.bss_RAM2)
                0x000000f4                __bss_section_table_end = .
                0x000000f4                __section_table_end = .
 *(.after_vectors*)
 .after_vectors
                0x000000f4      0x144 ./src/cr_startup_lpc175x_6x.o
                0x000000f4                data_init
                0x00000138                bss_init
                0x00000170                ResetISR
                0x000001e8                NMI_Handler
                0x000001f0                HardFault_Handler
                0x000001f8                MemManage_Handler
                0x00000200                BusFault_Handler
                0x00000208                UsageFault_Handler
                0x00000210                SVC_Handler
                0x00000218                DebugMon_Handler
                0x00000220                PendSV_Handler
                0x00000230                UART1_IRQHandler
                0x00000230                CANActivity_IRQHandler
                0x00000230                TIMER3_IRQHandler
                0x00000230                USBActivity_IRQHandler
                0x00000230                EINT2_IRQHandler
                0x00000230                IntDefaultHandler
                0x00000230                PLL0_IRQHandler
                0x00000230                CAN_IRQHandler
                0x00000230                I2C0_IRQHandler
                0x00000230                SSP0_IRQHandler
                0x00000230                I2C1_IRQHandler
                0x00000230                I2C2_IRQHandler
                0x00000230                RTC_IRQHandler
                0x00000230                SPI_IRQHandler
                0x00000230                RIT_IRQHandler
                0x00000230                EINT1_IRQHandler
                0x00000230                TIMER1_IRQHandler
                0x00000230                UART2_IRQHandler
                0x00000230                ADC_IRQHandler
                0x00000230                SSP1_IRQHandler
                0x00000230                USB_IRQHandler
                0x00000230                BOD_IRQHandler
                0x00000230                PWM1_IRQHandler
                0x00000230                WDT_IRQHandler
                0x00000230                I2S_IRQHandler
                0x00000230                QEI_IRQHandler
                0x00000230                EINT0_IRQHandler
                0x00000230                PLL1_IRQHandler
                0x00000230                DMA_IRQHandler
                0x00000230                TIMER2_IRQHandler
                0x00000230                UART3_IRQHandler
                0x00000230                MCPWM_IRQHandler
                0x00000230                ENET_IRQHandler
 *(.text*)
 .text.confPinSal
                0x00000238       0x68 ./src/GPIO.o
                0x00000238                confPinSal
 .text.confGPIO
                0x000002a0       0x14 ./src/GPIO.o
                0x000002a0                confGPIO
 .text.display  0x000002b4       0x8c ./src/Multiplex.o
                0x000002b4                display
 .text.confSYSTICK
                0x00000340       0x24 ./src/Multiplex.o
                0x00000340                confSYSTICK
 .text.SysTick_Handler
                0x00000364       0x58 ./src/Multiplex.o
                0x00000364                SysTick_Handler
 .text.NVIC_EnableIRQ
                0x000003bc       0x30 ./src/Pesaje.o
 .text.confTIM  0x000003ec       0x54 ./src/Pesaje.o
                0x000003ec                confTIM
 .text.confADCPin_0a3
                0x00000440       0x3c ./src/Pesaje.o
                0x00000440                confADCPin_0a3
 .text.confADC  0x0000047c       0x64 ./src/Pesaje.o
                0x0000047c                confADC
 .text.TIMER0_IRQHandler
                0x000004e0       0x64 ./src/Pesaje.o
                0x000004e0                TIMER0_IRQHandler
 .text.main     0x00000544       0x18 ./src/TP_Final_0.0.1.o
                0x00000544                main
 .text.NVIC_EnableIRQ
                0x0000055c       0x30 ./src/Transmision.o
 .text.confUARTPin
                0x0000058c       0x38 ./src/Transmision.o
                0x0000058c                confUARTPin
 .text.confUART
                0x000005c4       0x58 ./src/Transmision.o
                0x000005c4                confUART
 .text.UART0_IRQHandler
                0x0000061c       0x30 ./src/Transmision.o
                0x0000061c                UART0_IRQHandler
 .text.UART_IntTransmit
                0x0000064c       0x88 ./src/Transmision.o
                0x0000064c                UART_IntTransmit
 .text.getStockEnAscii
                0x000006d4       0xac ./src/logica.o
                0x000006d4                getStockEnAscii
 .text.agregarDaC
                0x00000780       0x80 ./src/logica.o
                0x00000780                agregarDaC
 .text.pasarAAscii
                0x00000800       0x74 ./src/logica.o
                0x00000800                pasarAAscii
 .text.NVIC_EnableIRQ
                0x00000874       0x30 ./src/teclado.o
 .text.NVIC_DisableIRQ
                0x000008a4       0x34 ./src/teclado.o
 .text.EINT3_IRQHandler
                0x000008d8       0x20 ./src/teclado.o
                0x000008d8                EINT3_IRQHandler
 .text.SystemInit
                0x000008f8       0xe4 C:\Users\nicoc\Documents\Electronica Digital III\LPCXpresso\LPCXpresso_8.2.2_650\workspace2\CMSISv2p00_LPC17xx\Debug\libCMSISv2p00_LPC17xx.a(system_LPC17xx.o)
                0x000008f8                SystemInit
 .text.ADC_Init
                0x000009dc       0x58 C:\Users\nicoc\Documents\Electronica Digital III\LPCXpresso\LPCXpresso_8.2.2_650\workspace2\CMSISv2p00_LPC17xx\Debug\libCMSISv2p00_LPC17xx.a(lpc17xx_adc.o)
                0x000009dc                ADC_Init
 .text.ADC_StartCmd
                0x00000a34       0x3c C:\Users\nicoc\Documents\Electronica Digital III\LPCXpresso\LPCXpresso_8.2.2_650\workspace2\CMSISv2p00_LPC17xx\Debug\libCMSISv2p00_LPC17xx.a(lpc17xx_adc.o)
                0x00000a34                ADC_StartCmd
 .text.ADC_IntConfig
                0x00000a70       0x40 C:\Users\nicoc\Documents\Electronica Digital III\LPCXpresso\LPCXpresso_8.2.2_650\workspace2\CMSISv2p00_LPC17xx\Debug\libCMSISv2p00_LPC17xx.a(lpc17xx_adc.o)
                0x00000a70                ADC_IntConfig
 .text.ADC_ChannelCmd
                0x00000ab0       0x3c C:\Users\nicoc\Documents\Electronica Digital III\LPCXpresso\LPCXpresso_8.2.2_650\workspace2\CMSISv2p00_LPC17xx\Debug\libCMSISv2p00_LPC17xx.a(lpc17xx_adc.o)
                0x00000ab0                ADC_ChannelCmd
 .text.CLKPWR_SetPCLKDiv
                0x00000aec       0x50 C:\Users\nicoc\Documents\Electronica Digital III\LPCXpresso\LPCXpresso_8.2.2_650\workspace2\CMSISv2p00_LPC17xx\Debug\libCMSISv2p00_LPC17xx.a(lpc17xx_clkpwr.o)
                0x00000aec                CLKPWR_SetPCLKDiv
 .text.CLKPWR_GetPCLKSEL
                0x00000b3c       0x20 C:\Users\nicoc\Documents\Electronica Digital III\LPCXpresso\LPCXpresso_8.2.2_650\workspace2\CMSISv2p00_LPC17xx\Debug\libCMSISv2p00_LPC17xx.a(lpc17xx_clkpwr.o)
                0x00000b3c                CLKPWR_GetPCLKSEL
 .text.CLKPWR_GetPCLK
                0x00000b5c       0x28 C:\Users\nicoc\Documents\Electronica Digital III\LPCXpresso\LPCXpresso_8.2.2_650\workspace2\CMSISv2p00_LPC17xx\Debug\libCMSISv2p00_LPC17xx.a(lpc17xx_clkpwr.o)
                0x00000b5c                CLKPWR_GetPCLK
 .text.CLKPWR_ConfigPPWR
                0x00000b84       0x38 C:\Users\nicoc\Documents\Electronica Digital III\LPCXpresso\LPCXpresso_8.2.2_650\workspace2\CMSISv2p00_LPC17xx\Debug\libCMSISv2p00_LPC17xx.a(lpc17xx_clkpwr.o)
                0x00000b84                CLKPWR_ConfigPPWR
 .text.GPIO_SetDir
                0x00000bbc       0x24 C:\Users\nicoc\Documents\Electronica Digital III\LPCXpresso\LPCXpresso_8.2.2_650\workspace2\CMSISv2p00_LPC17xx\Debug\libCMSISv2p00_LPC17xx.a(lpc17xx_gpio.o)
                0x00000bbc                GPIO_SetDir
 .text.GPIO_SetValue
                0x00000be0       0x14 C:\Users\nicoc\Documents\Electronica Digital III\LPCXpresso\LPCXpresso_8.2.2_650\workspace2\CMSISv2p00_LPC17xx\Debug\libCMSISv2p00_LPC17xx.a(lpc17xx_gpio.o)
                0x00000be0                GPIO_SetValue
 .text.GPIO_ClearValue
                0x00000bf4       0x14 C:\Users\nicoc\Documents\Electronica Digital III\LPCXpresso\LPCXpresso_8.2.2_650\workspace2\CMSISv2p00_LPC17xx\Debug\libCMSISv2p00_LPC17xx.a(lpc17xx_gpio.o)
                0x00000bf4                GPIO_ClearValue
 .text.check_failed
                0x00000c08        0x2 C:\Users\nicoc\Documents\Electronica Digital III\LPCXpresso\LPCXpresso_8.2.2_650\workspace2\CMSISv2p00_LPC17xx\Debug\libCMSISv2p00_LPC17xx.a(lpc17xx_libcfg_default.o)
                0x00000c08                check_failed
 *fill*         0x00000c0a        0x2 ff
 .text.PINSEL_ConfigPin
                0x00000c0c       0xa0 C:\Users\nicoc\Documents\Electronica Digital III\LPCXpresso\LPCXpresso_8.2.2_650\workspace2\CMSISv2p00_LPC17xx\Debug\libCMSISv2p00_LPC17xx.a(lpc17xx_pinsel.o)
                0x00000c0c                PINSEL_ConfigPin
 .text.SYSTICK_InternalInit
                0x00000cac       0x4c C:\Users\nicoc\Documents\Electronica Digital III\LPCXpresso\LPCXpresso_8.2.2_650\workspace2\CMSISv2p00_LPC17xx\Debug\libCMSISv2p00_LPC17xx.a(lpc17xx_systick.o)
                0x00000cac                SYSTICK_InternalInit
 .text.SYSTICK_Cmd
                0x00000cf8       0x30 C:\Users\nicoc\Documents\Electronica Digital III\LPCXpresso\LPCXpresso_8.2.2_650\workspace2\CMSISv2p00_LPC17xx\Debug\libCMSISv2p00_LPC17xx.a(lpc17xx_systick.o)
                0x00000cf8                SYSTICK_Cmd
 .text.SYSTICK_IntCmd
                0x00000d28       0x30 C:\Users\nicoc\Documents\Electronica Digital III\LPCXpresso\LPCXpresso_8.2.2_650\workspace2\CMSISv2p00_LPC17xx\Debug\libCMSISv2p00_LPC17xx.a(lpc17xx_systick.o)
                0x00000d28                SYSTICK_IntCmd
 .text.TIM_ClearIntPending
                0x00000d58       0x4c C:\Users\nicoc\Documents\Electronica Digital III\LPCXpresso\LPCXpresso_8.2.2_650\workspace2\CMSISv2p00_LPC17xx\Debug\libCMSISv2p00_LPC17xx.a(lpc17xx_timer.o)
                0x00000d58                TIM_ClearIntPending
 .text.TIM_Init
                0x00000da4      0x17c C:\Users\nicoc\Documents\Electronica Digital III\LPCXpresso\LPCXpresso_8.2.2_650\workspace2\CMSISv2p00_LPC17xx\Debug\libCMSISv2p00_LPC17xx.a(lpc17xx_timer.o)
                0x00000da4                TIM_Init
 .text.TIM_ConfigMatch
                0x00000f20       0xf4 C:\Users\nicoc\Documents\Electronica Digital III\LPCXpresso\LPCXpresso_8.2.2_650\workspace2\CMSISv2p00_LPC17xx\Debug\libCMSISv2p00_LPC17xx.a(lpc17xx_timer.o)
                0x00000f20                TIM_ConfigMatch
 .text.UART_Init
                0x00001014      0x28c C:\Users\nicoc\Documents\Electronica Digital III\LPCXpresso\LPCXpresso_8.2.2_650\workspace2\CMSISv2p00_LPC17xx\Debug\libCMSISv2p00_LPC17xx.a(lpc17xx_uart.o)
                0x00001014                UART_Init
 .text.UART_ConfigStructInit
                0x000012a0       0x12 C:\Users\nicoc\Documents\Electronica Digital III\LPCXpresso\LPCXpresso_8.2.2_650\workspace2\CMSISv2p00_LPC17xx\Debug\libCMSISv2p00_LPC17xx.a(lpc17xx_uart.o)
                0x000012a0                UART_ConfigStructInit
 *fill*         0x000012b2        0x2 ff
 .text.UART_SendByte
                0x000012b4       0x3c C:\Users\nicoc\Documents\Electronica Digital III\LPCXpresso\LPCXpresso_8.2.2_650\workspace2\CMSISv2p00_LPC17xx\Debug\libCMSISv2p00_LPC17xx.a(lpc17xx_uart.o)
                0x000012b4                UART_SendByte
 .text.UART_Send.part.0
                0x000012f0       0x4a C:\Users\nicoc\Documents\Electronica Digital III\LPCXpresso\LPCXpresso_8.2.2_650\workspace2\CMSISv2p00_LPC17xx\Debug\libCMSISv2p00_LPC17xx.a(lpc17xx_uart.o)
 *fill*         0x0000133a        0x2 ff
 .text.UART_ReceiveByte
                0x0000133c       0x3c C:\Users\nicoc\Documents\Electronica Digital III\LPCXpresso\LPCXpresso_8.2.2_650\workspace2\CMSISv2p00_LPC17xx\Debug\libCMSISv2p00_LPC17xx.a(lpc17xx_uart.o)
                0x0000133c                UART_ReceiveByte
 .text.UART_Send
                0x00001378       0x52 C:\Users\nicoc\Documents\Electronica Digital III\LPCXpresso\LPCXpresso_8.2.2_650\workspace2\CMSISv2p00_LPC17xx\Debug\libCMSISv2p00_LPC17xx.a(lpc17xx_uart.o)
                0x00001378                UART_Send
 .text.UART_Receive
                0x000013ca       0x50 C:\Users\nicoc\Documents\Electronica Digital III\LPCXpresso\LPCXpresso_8.2.2_650\workspace2\CMSISv2p00_LPC17xx\Debug\libCMSISv2p00_LPC17xx.a(lpc17xx_uart.o)
                0x000013ca                UART_Receive
 *fill*         0x0000141a        0x2 ff
 .text.UART_IntConfig
                0x0000141c       0xc0 C:\Users\nicoc\Documents\Electronica Digital III\LPCXpresso\LPCXpresso_8.2.2_650\workspace2\CMSISv2p00_LPC17xx\Debug\libCMSISv2p00_LPC17xx.a(lpc17xx_uart.o)
                0x0000141c                UART_IntConfig
 .text.UART_GetIntId
                0x000014dc       0x40 C:\Users\nicoc\Documents\Electronica Digital III\LPCXpresso\LPCXpresso_8.2.2_650\workspace2\CMSISv2p00_LPC17xx\Debug\libCMSISv2p00_LPC17xx.a(lpc17xx_uart.o)
                0x000014dc                UART_GetIntId
 .text.UART_FIFOConfig
                0x0000151c       0xb0 C:\Users\nicoc\Documents\Electronica Digital III\LPCXpresso\LPCXpresso_8.2.2_650\workspace2\CMSISv2p00_LPC17xx\Debug\libCMSISv2p00_LPC17xx.a(lpc17xx_uart.o)
                0x0000151c                UART_FIFOConfig
 .text.UART_FIFOConfigStructInit
                0x000015cc        0xe C:\Users\nicoc\Documents\Electronica Digital III\LPCXpresso\LPCXpresso_8.2.2_650\workspace2\CMSISv2p00_LPC17xx\Debug\libCMSISv2p00_LPC17xx.a(lpc17xx_uart.o)
                0x000015cc                UART_FIFOConfigStructInit
 *fill*         0x000015da        0x2 ff
 .text.UART_TxCmd
                0x000015dc       0x64 C:\Users\nicoc\Documents\Electronica Digital III\LPCXpresso\LPCXpresso_8.2.2_650\workspace2\CMSISv2p00_LPC17xx\Debug\libCMSISv2p00_LPC17xx.a(lpc17xx_uart.o)
                0x000015dc                UART_TxCmd
 .text.__weak_main
                0x00001640        0x4 c:/nxp/lpcxpresso_8.2.2_650/lpcxpresso/tools/bin/../lib/gcc/arm-none-eabi/5.4.1/../../../../arm-none-eabi/lib/armv7-m\libcr_c.a(__weak__main.o)
                0x00001640                __weak_main
                0x00001640                __main
 .text.__aeabi_division_uldivmod
                0x00001644      0x174 c:/nxp/lpcxpresso_8.2.2_650/lpcxpresso/tools/bin/../lib/gcc/arm-none-eabi/5.4.1/armv7-m\libcr_eabihelpers.a(division_64.o)
                0x00001644                __aeabi_uldivmod
                0x00001648                __bhs_ldivmod1
 .text.__aeabi_division_idiv0
                0x000017b8        0x2 c:/nxp/lpcxpresso_8.2.2_650/lpcxpresso/tools/bin/../lib/gcc/arm-none-eabi/5.4.1/armv7-m\libcr_eabihelpers.a(division_idiv0.o)
                0x000017b8                __aeabi_idiv0
 .text.__bhs_ui2f
                0x000017ba       0x26 c:/nxp/lpcxpresso_8.2.2_650/lpcxpresso/tools/bin/../lib/gcc/arm-none-eabi/5.4.1/armv7-m\libcr_eabihelpers.a(float.o)
                0x000017ba                __bhs_ui2f
 .text.__aeabi_ui2f
                0x000017e0        0x8 c:/nxp/lpcxpresso_8.2.2_650/lpcxpresso/tools/bin/../lib/gcc/arm-none-eabi/5.4.1/armv7-m\libcr_eabihelpers.a(float.o)
                0x000017e0                __aeabi_ui2f
 .text.__aeabi_fcmplt
                0x000017e8       0x3a c:/nxp/lpcxpresso_8.2.2_650/lpcxpresso/tools/bin/../lib/gcc/arm-none-eabi/5.4.1/armv7-m\libcr_eabihelpers.a(float.o)
                0x000017e8                __aeabi_fcmplt
 *(.rodata .rodata.* .constdata .constdata.*)
 .rodata.str1.1
                0x00001822       0x1d C:\Users\nicoc\Documents\Electronica Digital III\LPCXpresso\LPCXpresso_8.2.2_650\workspace2\CMSISv2p00_LPC17xx\Debug\libCMSISv2p00_LPC17xx.a(lpc17xx_adc.o)
 *fill*         0x0000183f        0x1 ff
 .rodata.CSWTCH.9
                0x00001840       0x14 C:\Users\nicoc\Documents\Electronica Digital III\LPCXpresso\LPCXpresso_8.2.2_650\workspace2\CMSISv2p00_LPC17xx\Debug\libCMSISv2p00_LPC17xx.a(lpc17xx_gpio.o)
 .rodata.str1.1
                0x00001854       0x21 C:\Users\nicoc\Documents\Electronica Digital III\LPCXpresso\LPCXpresso_8.2.2_650\workspace2\CMSISv2p00_LPC17xx\Debug\libCMSISv2p00_LPC17xx.a(lpc17xx_systick.o)
 .rodata.str1.1
                0x00001875       0x1f C:\Users\nicoc\Documents\Electronica Digital III\LPCXpresso\LPCXpresso_8.2.2_650\workspace2\CMSISv2p00_LPC17xx\Debug\libCMSISv2p00_LPC17xx.a(lpc17xx_timer.o)
 .rodata.CSWTCH.34
                0x00001894        0x3 C:\Users\nicoc\Documents\Electronica Digital III\LPCXpresso\LPCXpresso_8.2.2_650\workspace2\CMSISv2p00_LPC17xx\Debug\libCMSISv2p00_LPC17xx.a(lpc17xx_uart.o)
 .rodata.str1.1
                0x00001897       0x1e C:\Users\nicoc\Documents\Electronica Digital III\LPCXpresso\LPCXpresso_8.2.2_650\workspace2\CMSISv2p00_LPC17xx\Debug\libCMSISv2p00_LPC17xx.a(lpc17xx_uart.o)
 *fill*         0x000018b5        0x1 ff
 .rodata.CSWTCH.29
                0x000018b6        0xe C:\Users\nicoc\Documents\Electronica Digital III\LPCXpresso\LPCXpresso_8.2.2_650\workspace2\CMSISv2p00_LPC17xx\Debug\libCMSISv2p00_LPC17xx.a(lpc17xx_uart.o)
                0x000018c4                . = ALIGN (0x4)

.glue_7         0x000018c4        0x0
 .glue_7        0x000018c4        0x0 linker stubs

.glue_7t        0x000018c4        0x0
 .glue_7t       0x000018c4        0x0 linker stubs

.vfp11_veneer   0x000018c4        0x0
 .vfp11_veneer  0x000018c4        0x0 linker stubs

.v4_bx          0x000018c4        0x0
 .v4_bx         0x000018c4        0x0 linker stubs

.iplt           0x000018c4        0x0
 .iplt          0x000018c4        0x0 ./src/GPIO.o

.rel.dyn        0x000018c4        0x0
 .rel.iplt      0x000018c4        0x0 ./src/GPIO.o

.ARM.extab
 *(.ARM.extab* .gnu.linkonce.armextab.*)
                0x000018c4                __exidx_start = .

.ARM.exidx
 *(.ARM.exidx* .gnu.linkonce.armexidx.*)
                0x000018c4                __exidx_end = .
                0x000018c4                _etext = .

.data_RAM2      0x2007c000        0x0 load address 0x000018c4
 FILL mask 0xff
                [!provide]                PROVIDE (__start_data_RAM2, .)
 *(.ramfunc.$RAM2)
 *(.ramfunc.$RamAHB32)
 *(.data.$RAM2*)
 *(.data.$RamAHB32*)
                0x2007c000                . = ALIGN (0x4)
                [!provide]                PROVIDE (__end_data_RAM2, .)

.uninit_RESERVED
                0x10000000        0x0
 *(.bss.$RESERVED*)
                0x10000000                . = ALIGN (0x4)
                0x10000000                _end_uninit_RESERVED = .

.data           0x10000000       0x30 load address 0x000018c4
 FILL mask 0xff
                0x10000000                _data = .
 *(vtable)
 *(.ramfunc*)
 *(.data*)
 .data.prender  0x10000000        0xa ./src/Multiplex.o
                0x10000000                prender
 *fill*         0x1000000a        0x2 ff
 .data.apagar   0x1000000c        0xa ./src/Multiplex.o
                0x1000000c                apagar
 *fill*         0x10000016        0x2 ff
 .data.disp.5191
                0x10000018        0x4 ./src/Multiplex.o
 .data.comando.5253
                0x1000001c       0x10 ./src/Transmision.o
 .data.SystemCoreClock
                0x1000002c        0x4 C:\Users\nicoc\Documents\Electronica Digital III\LPCXpresso\LPCXpresso_8.2.2_650\workspace2\CMSISv2p00_LPC17xx\Debug\libCMSISv2p00_LPC17xx.a(system_LPC17xx.o)
                0x1000002c                SystemCoreClock
                0x10000030                . = ALIGN (0x4)
                0x10000030                _edata = .

.igot.plt       0x10000030        0x0 load address 0x000018f4
 .igot.plt      0x10000030        0x0 ./src/GPIO.o

.bss_RAM2       0x2007c000        0x0
                [!provide]                PROVIDE (__start_bss_RAM2, .)
 *(.bss.$RAM2*)
 *(.bss.$RamAHB32*)
                0x2007c000                . = ALIGN ((. != 0x0)?0x4:0x1)
                [!provide]                PROVIDE (__end_bss_RAM2, .)

.bss            0x10000030      0x29c
                0x10000030                _bss = .
 *(.bss*)
 .bss.nums      0x10000030       0x3c ./src/Multiplex.o
                0x10000030                nums
 .bss.dig.5190  0x1000006c        0x1 ./src/Multiplex.o
 .bss.channel.5277
                0x1000006d        0x1 ./src/Pesaje.o
 *fill*         0x1000006e        0x2 
 .bss.datos     0x10000070      0x258 ./src/logica.o
 .bss.teclaPulsada
                0x100002c8        0x1 ./src/teclado.o
 *(COMMON)
                0x100002cc                . = ALIGN (0x4)
 *fill*         0x100002c9        0x3 
                0x100002cc                _ebss = .
                [!provide]                PROVIDE (end, .)

.noinit_RAM2    0x2007c000        0x0
 *(.noinit.$RAM2*)
 *(.noinit.$RamAHB32*)
                0x2007c000                . = ALIGN (0x4)

.noinit         0x100002cc        0x0
                0x100002cc                _noinit = .
 *(.noinit*)
                0x100002cc                . = ALIGN (0x4)
                0x100002cc                _end_noinit = .
                [!provide]                PROVIDE (_pvHeapStart, DEFINED (__user_heap_base)?__user_heap_base:.)
                0x10008000                PROVIDE (_vStackTop, DEFINED (__user_stack_top)?__user_stack_top:(__top_RamLoc32 - 0x0))
                0xefff74b2                PROVIDE (__valid_user_code_checksum, (0x0 - ((((((_vStackTop + (ResetISR + 0x1)) + (NMI_Handler + 0x1)) + (HardFault_Handler + 0x1)) + (DEFINED (MemManage_Handler)?MemManage_Handler:0x0 + 0x1)) + (DEFINED (BusFault_Handler)?BusFault_Handler:0x0 + 0x1)) + (DEFINED (UsageFault_Handler)?UsageFault_Handler:0x0 + 0x1))))
OUTPUT(TP_Final_0.0.1.axf elf32-littlearm)

.debug_info     0x00000000     0x73c4
 .debug_info    0x00000000      0x197 ./src/GPIO.o
 .debug_info    0x00000197      0x281 ./src/Multiplex.o
 .debug_info    0x00000418      0x8e6 ./src/Pesaje.o
 .debug_info    0x00000cfe       0xaf ./src/TP_Final_0.0.1.o
 .debug_info    0x00000dad      0x7fd ./src/Transmision.o
 .debug_info    0x000015aa      0x253 ./src/cr_startup_lpc175x_6x.o
 .debug_info    0x000017fd      0x64e ./src/logica.o
 .debug_info    0x00001e4b      0x725 ./src/teclado.o
 .debug_info    0x00002570      0x318 C:\Users\nicoc\Documents\Electronica Digital III\LPCXpresso\LPCXpresso_8.2.2_650\workspace2\CMSISv2p00_LPC17xx\Debug\libCMSISv2p00_LPC17xx.a(system_LPC17xx.o)
 .debug_info    0x00002888      0x83f C:\Users\nicoc\Documents\Electronica Digital III\LPCXpresso\LPCXpresso_8.2.2_650\workspace2\CMSISv2p00_LPC17xx\Debug\libCMSISv2p00_LPC17xx.a(lpc17xx_adc.o)
 .debug_info    0x000030c7      0x650 C:\Users\nicoc\Documents\Electronica Digital III\LPCXpresso\LPCXpresso_8.2.2_650\workspace2\CMSISv2p00_LPC17xx\Debug\libCMSISv2p00_LPC17xx.a(lpc17xx_clkpwr.o)
 .debug_info    0x00003717      0xd6f C:\Users\nicoc\Documents\Electronica Digital III\LPCXpresso\LPCXpresso_8.2.2_650\workspace2\CMSISv2p00_LPC17xx\Debug\libCMSISv2p00_LPC17xx.a(lpc17xx_gpio.o)
 .debug_info    0x00004486       0xc3 C:\Users\nicoc\Documents\Electronica Digital III\LPCXpresso\LPCXpresso_8.2.2_650\workspace2\CMSISv2p00_LPC17xx\Debug\libCMSISv2p00_LPC17xx.a(lpc17xx_libcfg_default.o)
 .debug_info    0x00004549      0x4e4 C:\Users\nicoc\Documents\Electronica Digital III\LPCXpresso\LPCXpresso_8.2.2_650\workspace2\CMSISv2p00_LPC17xx\Debug\libCMSISv2p00_LPC17xx.a(lpc17xx_pinsel.o)
 .debug_info    0x00004a2d      0x26d C:\Users\nicoc\Documents\Electronica Digital III\LPCXpresso\LPCXpresso_8.2.2_650\workspace2\CMSISv2p00_LPC17xx\Debug\libCMSISv2p00_LPC17xx.a(lpc17xx_systick.o)
 .debug_info    0x00004c9a      0xb4c C:\Users\nicoc\Documents\Electronica Digital III\LPCXpresso\LPCXpresso_8.2.2_650\workspace2\CMSISv2p00_LPC17xx\Debug\libCMSISv2p00_LPC17xx.a(lpc17xx_timer.o)
 .debug_info    0x000057e6     0x1bde C:\Users\nicoc\Documents\Electronica Digital III\LPCXpresso\LPCXpresso_8.2.2_650\workspace2\CMSISv2p00_LPC17xx\Debug\libCMSISv2p00_LPC17xx.a(lpc17xx_uart.o)

.debug_abbrev   0x00000000     0x1abe
 .debug_abbrev  0x00000000       0xab ./src/GPIO.o
 .debug_abbrev  0x000000ab      0x10f ./src/Multiplex.o
 .debug_abbrev  0x000001ba      0x1e8 ./src/Pesaje.o
 .debug_abbrev  0x000003a2       0x6c ./src/TP_Final_0.0.1.o
 .debug_abbrev  0x0000040e      0x1d5 ./src/Transmision.o
 .debug_abbrev  0x000005e3       0xf5 ./src/cr_startup_lpc175x_6x.o
 .debug_abbrev  0x000006d8      0x1eb ./src/logica.o
 .debug_abbrev  0x000008c3      0x1e9 ./src/teclado.o
 .debug_abbrev  0x00000aac       0xe6 C:\Users\nicoc\Documents\Electronica Digital III\LPCXpresso\LPCXpresso_8.2.2_650\workspace2\CMSISv2p00_LPC17xx\Debug\libCMSISv2p00_LPC17xx.a(system_LPC17xx.o)
 .debug_abbrev  0x00000b92      0x19d C:\Users\nicoc\Documents\Electronica Digital III\LPCXpresso\LPCXpresso_8.2.2_650\workspace2\CMSISv2p00_LPC17xx\Debug\libCMSISv2p00_LPC17xx.a(lpc17xx_adc.o)
 .debug_abbrev  0x00000d2f      0x1e5 C:\Users\nicoc\Documents\Electronica Digital III\LPCXpresso\LPCXpresso_8.2.2_650\workspace2\CMSISv2p00_LPC17xx\Debug\libCMSISv2p00_LPC17xx.a(lpc17xx_clkpwr.o)
 .debug_abbrev  0x00000f14      0x234 C:\Users\nicoc\Documents\Electronica Digital III\LPCXpresso\LPCXpresso_8.2.2_650\workspace2\CMSISv2p00_LPC17xx\Debug\libCMSISv2p00_LPC17xx.a(lpc17xx_gpio.o)
 .debug_abbrev  0x00001148       0x6f C:\Users\nicoc\Documents\Electronica Digital III\LPCXpresso\LPCXpresso_8.2.2_650\workspace2\CMSISv2p00_LPC17xx\Debug\libCMSISv2p00_LPC17xx.a(lpc17xx_libcfg_default.o)
 .debug_abbrev  0x000011b7      0x187 C:\Users\nicoc\Documents\Electronica Digital III\LPCXpresso\LPCXpresso_8.2.2_650\workspace2\CMSISv2p00_LPC17xx\Debug\libCMSISv2p00_LPC17xx.a(lpc17xx_pinsel.o)
 .debug_abbrev  0x0000133e      0x166 C:\Users\nicoc\Documents\Electronica Digital III\LPCXpresso\LPCXpresso_8.2.2_650\workspace2\CMSISv2p00_LPC17xx\Debug\libCMSISv2p00_LPC17xx.a(lpc17xx_systick.o)
 .debug_abbrev  0x000014a4      0x2b0 C:\Users\nicoc\Documents\Electronica Digital III\LPCXpresso\LPCXpresso_8.2.2_650\workspace2\CMSISv2p00_LPC17xx\Debug\libCMSISv2p00_LPC17xx.a(lpc17xx_timer.o)
 .debug_abbrev  0x00001754      0x36a C:\Users\nicoc\Documents\Electronica Digital III\LPCXpresso\LPCXpresso_8.2.2_650\workspace2\CMSISv2p00_LPC17xx\Debug\libCMSISv2p00_LPC17xx.a(lpc17xx_uart.o)

.debug_aranges  0x00000000      0x6d0
 .debug_aranges
                0x00000000       0x30 ./src/GPIO.o
 .debug_aranges
                0x00000030       0x38 ./src/Multiplex.o
 .debug_aranges
                0x00000068       0x58 ./src/Pesaje.o
 .debug_aranges
                0x000000c0       0x20 ./src/TP_Final_0.0.1.o
 .debug_aranges
                0x000000e0       0x40 ./src/Transmision.o
 .debug_aranges
                0x00000120       0x80 ./src/cr_startup_lpc175x_6x.o
 .debug_aranges
                0x000001a0       0xd8 ./src/logica.o
 .debug_aranges
                0x00000278       0x60 ./src/teclado.o
 .debug_aranges
                0x000002d8       0x28 C:\Users\nicoc\Documents\Electronica Digital III\LPCXpresso\LPCXpresso_8.2.2_650\workspace2\CMSISv2p00_LPC17xx\Debug\libCMSISv2p00_LPC17xx.a(system_LPC17xx.o)
 .debug_aranges
                0x00000300       0x80 C:\Users\nicoc\Documents\Electronica Digital III\LPCXpresso\LPCXpresso_8.2.2_650\workspace2\CMSISv2p00_LPC17xx\Debug\libCMSISv2p00_LPC17xx.a(lpc17xx_adc.o)
 .debug_aranges
                0x00000380       0x58 C:\Users\nicoc\Documents\Electronica Digital III\LPCXpresso\LPCXpresso_8.2.2_650\workspace2\CMSISv2p00_LPC17xx\Debug\libCMSISv2p00_LPC17xx.a(lpc17xx_clkpwr.o)
 .debug_aranges
                0x000003d8       0xe0 C:\Users\nicoc\Documents\Electronica Digital III\LPCXpresso\LPCXpresso_8.2.2_650\workspace2\CMSISv2p00_LPC17xx\Debug\libCMSISv2p00_LPC17xx.a(lpc17xx_gpio.o)
 .debug_aranges
                0x000004b8       0x20 C:\Users\nicoc\Documents\Electronica Digital III\LPCXpresso\LPCXpresso_8.2.2_650\workspace2\CMSISv2p00_LPC17xx\Debug\libCMSISv2p00_LPC17xx.a(lpc17xx_libcfg_default.o)
 .debug_aranges
                0x000004d8       0x30 C:\Users\nicoc\Documents\Electronica Digital III\LPCXpresso\LPCXpresso_8.2.2_650\workspace2\CMSISv2p00_LPC17xx\Debug\libCMSISv2p00_LPC17xx.a(lpc17xx_pinsel.o)
 .debug_aranges
                0x00000508       0x48 C:\Users\nicoc\Documents\Electronica Digital III\LPCXpresso\LPCXpresso_8.2.2_650\workspace2\CMSISv2p00_LPC17xx\Debug\libCMSISv2p00_LPC17xx.a(lpc17xx_systick.o)
 .debug_aranges
                0x00000550       0x80 C:\Users\nicoc\Documents\Electronica Digital III\LPCXpresso\LPCXpresso_8.2.2_650\workspace2\CMSISv2p00_LPC17xx\Debug\libCMSISv2p00_LPC17xx.a(lpc17xx_timer.o)
 .debug_aranges
                0x000005d0      0x100 C:\Users\nicoc\Documents\Electronica Digital III\LPCXpresso\LPCXpresso_8.2.2_650\workspace2\CMSISv2p00_LPC17xx\Debug\libCMSISv2p00_LPC17xx.a(lpc17xx_uart.o)

.debug_ranges   0x00000000      0x668
 .debug_ranges  0x00000000       0x20 ./src/GPIO.o
 .debug_ranges  0x00000020       0x28 ./src/Multiplex.o
 .debug_ranges  0x00000048       0x48 ./src/Pesaje.o
 .debug_ranges  0x00000090       0x10 ./src/TP_Final_0.0.1.o
 .debug_ranges  0x000000a0       0x30 ./src/Transmision.o
 .debug_ranges  0x000000d0       0x70 ./src/cr_startup_lpc175x_6x.o
 .debug_ranges  0x00000140       0xc8 ./src/logica.o
 .debug_ranges  0x00000208       0x50 ./src/teclado.o
 .debug_ranges  0x00000258       0x18 C:\Users\nicoc\Documents\Electronica Digital III\LPCXpresso\LPCXpresso_8.2.2_650\workspace2\CMSISv2p00_LPC17xx\Debug\libCMSISv2p00_LPC17xx.a(system_LPC17xx.o)
 .debug_ranges  0x00000270       0x70 C:\Users\nicoc\Documents\Electronica Digital III\LPCXpresso\LPCXpresso_8.2.2_650\workspace2\CMSISv2p00_LPC17xx\Debug\libCMSISv2p00_LPC17xx.a(lpc17xx_adc.o)
 .debug_ranges  0x000002e0       0x48 C:\Users\nicoc\Documents\Electronica Digital III\LPCXpresso\LPCXpresso_8.2.2_650\workspace2\CMSISv2p00_LPC17xx\Debug\libCMSISv2p00_LPC17xx.a(lpc17xx_clkpwr.o)
 .debug_ranges  0x00000328       0xd0 C:\Users\nicoc\Documents\Electronica Digital III\LPCXpresso\LPCXpresso_8.2.2_650\workspace2\CMSISv2p00_LPC17xx\Debug\libCMSISv2p00_LPC17xx.a(lpc17xx_gpio.o)
 .debug_ranges  0x000003f8       0x10 C:\Users\nicoc\Documents\Electronica Digital III\LPCXpresso\LPCXpresso_8.2.2_650\workspace2\CMSISv2p00_LPC17xx\Debug\libCMSISv2p00_LPC17xx.a(lpc17xx_libcfg_default.o)
 .debug_ranges  0x00000408       0x70 C:\Users\nicoc\Documents\Electronica Digital III\LPCXpresso\LPCXpresso_8.2.2_650\workspace2\CMSISv2p00_LPC17xx\Debug\libCMSISv2p00_LPC17xx.a(lpc17xx_pinsel.o)
 .debug_ranges  0x00000478       0x38 C:\Users\nicoc\Documents\Electronica Digital III\LPCXpresso\LPCXpresso_8.2.2_650\workspace2\CMSISv2p00_LPC17xx\Debug\libCMSISv2p00_LPC17xx.a(lpc17xx_systick.o)
 .debug_ranges  0x000004b0       0x70 C:\Users\nicoc\Documents\Electronica Digital III\LPCXpresso\LPCXpresso_8.2.2_650\workspace2\CMSISv2p00_LPC17xx\Debug\libCMSISv2p00_LPC17xx.a(lpc17xx_timer.o)
 .debug_ranges  0x00000520      0x148 C:\Users\nicoc\Documents\Electronica Digital III\LPCXpresso\LPCXpresso_8.2.2_650\workspace2\CMSISv2p00_LPC17xx\Debug\libCMSISv2p00_LPC17xx.a(lpc17xx_uart.o)

.debug_macro    0x00000000     0x43bd
 .debug_macro   0x00000000       0x9d ./src/GPIO.o
 .debug_macro   0x0000009d      0x88c ./src/GPIO.o
 .debug_macro   0x00000929       0x1c ./src/GPIO.o
 .debug_macro   0x00000945       0x2e ./src/GPIO.o
 .debug_macro   0x00000973       0x10 ./src/GPIO.o
 .debug_macro   0x00000983      0x12d ./src/GPIO.o
 .debug_macro   0x00000ab0      0x5b2 ./src/GPIO.o
 .debug_macro   0x00001062       0x18 ./src/GPIO.o
 .debug_macro   0x0000107a      0x7af ./src/GPIO.o
 .debug_macro   0x00001829      0x2c7 ./src/GPIO.o
 .debug_macro   0x00001af0       0x63 ./src/GPIO.o
 .debug_macro   0x00001b53       0x40 ./src/GPIO.o
 .debug_macro   0x00001b93       0xa0 ./src/Multiplex.o
 .debug_macro   0x00001c33       0x46 ./src/Multiplex.o
 .debug_macro   0x00001c79       0x46 ./src/Multiplex.o
 .debug_macro   0x00001cbf       0xb7 ./src/Pesaje.o
 .debug_macro   0x00001d76      0x13f ./src/Pesaje.o
 .debug_macro   0x00001eb5       0xeb ./src/Pesaje.o
 .debug_macro   0x00001fa0       0xea ./src/Pesaje.o
 .debug_macro   0x0000208a       0xdf ./src/TP_Final_0.0.1.o
 .debug_macro   0x00002169      0x33a ./src/TP_Final_0.0.1.o
 .debug_macro   0x000024a3       0xae ./src/Transmision.o
 .debug_macro   0x00002551       0x1d ./src/cr_startup_lpc175x_6x.o
 .debug_macro   0x0000256e       0xca ./src/logica.o
 .debug_macro   0x00002638       0x22 ./src/logica.o
 .debug_macro   0x0000265a       0xd4 ./src/teclado.o
 .debug_macro   0x0000272e      0x12b C:\Users\nicoc\Documents\Electronica Digital III\LPCXpresso\LPCXpresso_8.2.2_650\workspace2\CMSISv2p00_LPC17xx\Debug\libCMSISv2p00_LPC17xx.a(system_LPC17xx.o)
 .debug_macro   0x00002859      0x886 C:\Users\nicoc\Documents\Electronica Digital III\LPCXpresso\LPCXpresso_8.2.2_650\workspace2\CMSISv2p00_LPC17xx\Debug\libCMSISv2p00_LPC17xx.a(system_LPC17xx.o)
 .debug_macro   0x000030df       0xa9 C:\Users\nicoc\Documents\Electronica Digital III\LPCXpresso\LPCXpresso_8.2.2_650\workspace2\CMSISv2p00_LPC17xx\Debug\libCMSISv2p00_LPC17xx.a(lpc17xx_adc.o)
 .debug_macro   0x00003188       0xe5 C:\Users\nicoc\Documents\Electronica Digital III\LPCXpresso\LPCXpresso_8.2.2_650\workspace2\CMSISv2p00_LPC17xx\Debug\libCMSISv2p00_LPC17xx.a(lpc17xx_adc.o)
 .debug_macro   0x0000326d      0x2f1 C:\Users\nicoc\Documents\Electronica Digital III\LPCXpresso\LPCXpresso_8.2.2_650\workspace2\CMSISv2p00_LPC17xx\Debug\libCMSISv2p00_LPC17xx.a(lpc17xx_adc.o)
 .debug_macro   0x0000355e       0xdd C:\Users\nicoc\Documents\Electronica Digital III\LPCXpresso\LPCXpresso_8.2.2_650\workspace2\CMSISv2p00_LPC17xx\Debug\libCMSISv2p00_LPC17xx.a(lpc17xx_adc.o)
 .debug_macro   0x0000363b       0x8d C:\Users\nicoc\Documents\Electronica Digital III\LPCXpresso\LPCXpresso_8.2.2_650\workspace2\CMSISv2p00_LPC17xx\Debug\libCMSISv2p00_LPC17xx.a(lpc17xx_clkpwr.o)
 .debug_macro   0x000036c8       0x1c C:\Users\nicoc\Documents\Electronica Digital III\LPCXpresso\LPCXpresso_8.2.2_650\workspace2\CMSISv2p00_LPC17xx\Debug\libCMSISv2p00_LPC17xx.a(lpc17xx_clkpwr.o)
 .debug_macro   0x000036e4      0x2c7 C:\Users\nicoc\Documents\Electronica Digital III\LPCXpresso\LPCXpresso_8.2.2_650\workspace2\CMSISv2p00_LPC17xx\Debug\libCMSISv2p00_LPC17xx.a(lpc17xx_clkpwr.o)
 .debug_macro   0x000039ab       0x96 C:\Users\nicoc\Documents\Electronica Digital III\LPCXpresso\LPCXpresso_8.2.2_650\workspace2\CMSISv2p00_LPC17xx\Debug\libCMSISv2p00_LPC17xx.a(lpc17xx_gpio.o)
 .debug_macro   0x00003a41       0x5a C:\Users\nicoc\Documents\Electronica Digital III\LPCXpresso\LPCXpresso_8.2.2_650\workspace2\CMSISv2p00_LPC17xx\Debug\libCMSISv2p00_LPC17xx.a(lpc17xx_libcfg_default.o)
 .debug_macro   0x00003a9b       0x5d C:\Users\nicoc\Documents\Electronica Digital III\LPCXpresso\LPCXpresso_8.2.2_650\workspace2\CMSISv2p00_LPC17xx\Debug\libCMSISv2p00_LPC17xx.a(lpc17xx_libcfg_default.o)
 .debug_macro   0x00003af8       0xd7 C:\Users\nicoc\Documents\Electronica Digital III\LPCXpresso\LPCXpresso_8.2.2_650\workspace2\CMSISv2p00_LPC17xx\Debug\libCMSISv2p00_LPC17xx.a(lpc17xx_libcfg_default.o)
 .debug_macro   0x00003bcf       0x8d C:\Users\nicoc\Documents\Electronica Digital III\LPCXpresso\LPCXpresso_8.2.2_650\workspace2\CMSISv2p00_LPC17xx\Debug\libCMSISv2p00_LPC17xx.a(lpc17xx_pinsel.o)
 .debug_macro   0x00003c5c       0xa9 C:\Users\nicoc\Documents\Electronica Digital III\LPCXpresso\LPCXpresso_8.2.2_650\workspace2\CMSISv2p00_LPC17xx\Debug\libCMSISv2p00_LPC17xx.a(lpc17xx_systick.o)
 .debug_macro   0x00003d05       0xb2 C:\Users\nicoc\Documents\Electronica Digital III\LPCXpresso\LPCXpresso_8.2.2_650\workspace2\CMSISv2p00_LPC17xx\Debug\libCMSISv2p00_LPC17xx.a(lpc17xx_timer.o)
 .debug_macro   0x00003db7       0xe4 C:\Users\nicoc\Documents\Electronica Digital III\LPCXpresso\LPCXpresso_8.2.2_650\workspace2\CMSISv2p00_LPC17xx\Debug\libCMSISv2p00_LPC17xx.a(lpc17xx_timer.o)
 .debug_macro   0x00003e9b      0x145 C:\Users\nicoc\Documents\Electronica Digital III\LPCXpresso\LPCXpresso_8.2.2_650\workspace2\CMSISv2p00_LPC17xx\Debug\libCMSISv2p00_LPC17xx.a(lpc17xx_timer.o)
 .debug_macro   0x00003fe0       0xa9 C:\Users\nicoc\Documents\Electronica Digital III\LPCXpresso\LPCXpresso_8.2.2_650\workspace2\CMSISv2p00_LPC17xx\Debug\libCMSISv2p00_LPC17xx.a(lpc17xx_uart.o)
 .debug_macro   0x00004089      0x334 C:\Users\nicoc\Documents\Electronica Digital III\LPCXpresso\LPCXpresso_8.2.2_650\workspace2\CMSISv2p00_LPC17xx\Debug\libCMSISv2p00_LPC17xx.a(lpc17xx_uart.o)

.debug_line     0x00000000     0x3c59
 .debug_line    0x00000000      0x327 ./src/GPIO.o
 .debug_line    0x00000327      0x339 ./src/Multiplex.o
 .debug_line    0x00000660      0x3b8 ./src/Pesaje.o
 .debug_line    0x00000a18      0x326 ./src/TP_Final_0.0.1.o
 .debug_line    0x00000d3e      0x35f ./src/Transmision.o
 .debug_line    0x0000109d       0xd5 ./src/cr_startup_lpc175x_6x.o
 .debug_line    0x00001172      0x678 ./src/logica.o
 .debug_line    0x000017ea      0x3e7 ./src/teclado.o
 .debug_line    0x00001bd1      0x1d3 C:\Users\nicoc\Documents\Electronica Digital III\LPCXpresso\LPCXpresso_8.2.2_650\workspace2\CMSISv2p00_LPC17xx\Debug\libCMSISv2p00_LPC17xx.a(system_LPC17xx.o)
 .debug_line    0x00001da4      0x3ee C:\Users\nicoc\Documents\Electronica Digital III\LPCXpresso\LPCXpresso_8.2.2_650\workspace2\CMSISv2p00_LPC17xx\Debug\libCMSISv2p00_LPC17xx.a(lpc17xx_adc.o)
 .debug_line    0x00002192      0x2d3 C:\Users\nicoc\Documents\Electronica Digital III\LPCXpresso\LPCXpresso_8.2.2_650\workspace2\CMSISv2p00_LPC17xx\Debug\libCMSISv2p00_LPC17xx.a(lpc17xx_clkpwr.o)
 .debug_line    0x00002465      0x429 C:\Users\nicoc\Documents\Electronica Digital III\LPCXpresso\LPCXpresso_8.2.2_650\workspace2\CMSISv2p00_LPC17xx\Debug\libCMSISv2p00_LPC17xx.a(lpc17xx_gpio.o)
 .debug_line    0x0000288e      0x1bb C:\Users\nicoc\Documents\Electronica Digital III\LPCXpresso\LPCXpresso_8.2.2_650\workspace2\CMSISv2p00_LPC17xx\Debug\libCMSISv2p00_LPC17xx.a(lpc17xx_libcfg_default.o)
 .debug_line    0x00002a49      0x26b C:\Users\nicoc\Documents\Electronica Digital III\LPCXpresso\LPCXpresso_8.2.2_650\workspace2\CMSISv2p00_LPC17xx\Debug\libCMSISv2p00_LPC17xx.a(lpc17xx_pinsel.o)
 .debug_line    0x00002cb4      0x2d1 C:\Users\nicoc\Documents\Electronica Digital III\LPCXpresso\LPCXpresso_8.2.2_650\workspace2\CMSISv2p00_LPC17xx\Debug\libCMSISv2p00_LPC17xx.a(lpc17xx_systick.o)
 .debug_line    0x00002f85      0x4d7 C:\Users\nicoc\Documents\Electronica Digital III\LPCXpresso\LPCXpresso_8.2.2_650\workspace2\CMSISv2p00_LPC17xx\Debug\libCMSISv2p00_LPC17xx.a(lpc17xx_timer.o)
 .debug_line    0x0000345c      0x7fd C:\Users\nicoc\Documents\Electronica Digital III\LPCXpresso\LPCXpresso_8.2.2_650\workspace2\CMSISv2p00_LPC17xx\Debug\libCMSISv2p00_LPC17xx.a(lpc17xx_uart.o)

.debug_str      0x00000000     0xea85
 .debug_str     0x00000000     0x80cb ./src/GPIO.o
                               0x8163 (size before relaxing)
 .debug_str     0x000080cb      0x27d ./src/Multiplex.o
                               0x837b (size before relaxing)
 .debug_str     0x00008348     0x1a3f ./src/Pesaje.o
                               0x995f (size before relaxing)
 .debug_str     0x00009d87     0x17a1 ./src/TP_Final_0.0.1.o
                               0x9d4d (size before relaxing)
 .debug_str     0x0000b528      0x313 ./src/Transmision.o
                               0xa0c3 (size before relaxing)
 .debug_str     0x0000b83b      0x1b2 ./src/cr_startup_lpc175x_6x.o
                               0x26ac (size before relaxing)
 .debug_str     0x0000b9ed      0x318 ./src/logica.o
                               0x90cf (size before relaxing)
 .debug_str     0x0000bd05      0x1ce ./src/teclado.o
                               0x9258 (size before relaxing)
 .debug_str     0x0000bed3      0x53d C:\Users\nicoc\Documents\Electronica Digital III\LPCXpresso\LPCXpresso_8.2.2_650\workspace2\CMSISv2p00_LPC17xx\Debug\libCMSISv2p00_LPC17xx.a(system_LPC17xx.o)
                               0x816f (size before relaxing)
 .debug_str     0x0000c410     0x1594 C:\Users\nicoc\Documents\Electronica Digital III\LPCXpresso\LPCXpresso_8.2.2_650\workspace2\CMSISv2p00_LPC17xx\Debug\libCMSISv2p00_LPC17xx.a(lpc17xx_adc.o)
                               0x9d67 (size before relaxing)
 .debug_str     0x0000d9a4      0x100 C:\Users\nicoc\Documents\Electronica Digital III\LPCXpresso\LPCXpresso_8.2.2_650\workspace2\CMSISv2p00_LPC17xx\Debug\libCMSISv2p00_LPC17xx.a(lpc17xx_clkpwr.o)
                               0x937a (size before relaxing)
 .debug_str     0x0000daa4      0x301 C:\Users\nicoc\Documents\Electronica Digital III\LPCXpresso\LPCXpresso_8.2.2_650\workspace2\CMSISv2p00_LPC17xx\Debug\libCMSISv2p00_LPC17xx.a(lpc17xx_gpio.o)
                               0x86d9 (size before relaxing)
 .debug_str     0x0000dda5       0x2d C:\Users\nicoc\Documents\Electronica Digital III\LPCXpresso\LPCXpresso_8.2.2_650\workspace2\CMSISv2p00_LPC17xx\Debug\libCMSISv2p00_LPC17xx.a(lpc17xx_libcfg_default.o)
                               0x3f89 (size before relaxing)
 .debug_str     0x0000ddd2      0x20a C:\Users\nicoc\Documents\Electronica Digital III\LPCXpresso\LPCXpresso_8.2.2_650\workspace2\CMSISv2p00_LPC17xx\Debug\libCMSISv2p00_LPC17xx.a(lpc17xx_pinsel.o)
                               0x85f2 (size before relaxing)
 .debug_str     0x0000dfdc       0xc7 C:\Users\nicoc\Documents\Electronica Digital III\LPCXpresso\LPCXpresso_8.2.2_650\workspace2\CMSISv2p00_LPC17xx\Debug\libCMSISv2p00_LPC17xx.a(lpc17xx_systick.o)
                               0x950a (size before relaxing)
 .debug_str     0x0000e0a3      0x294 C:\Users\nicoc\Documents\Electronica Digital III\LPCXpresso\LPCXpresso_8.2.2_650\workspace2\CMSISv2p00_LPC17xx\Debug\libCMSISv2p00_LPC17xx.a(lpc17xx_timer.o)
                               0xa38e (size before relaxing)
 .debug_str     0x0000e337      0x74e C:\Users\nicoc\Documents\Electronica Digital III\LPCXpresso\LPCXpresso_8.2.2_650\workspace2\CMSISv2p00_LPC17xx\Debug\libCMSISv2p00_LPC17xx.a(lpc17xx_uart.o)
                               0xb42f (size before relaxing)

.comment        0x00000000       0xdc
 .comment       0x00000000       0x6e ./src/GPIO.o
                                 0x6f (size before relaxing)
 .comment       0x0000006e       0x6f ./src/Multiplex.o
 .comment       0x0000006e       0x6f ./src/Pesaje.o
 .comment       0x0000006e       0x6f ./src/TP_Final_0.0.1.o
 .comment       0x0000006e       0x6f ./src/Transmision.o
 .comment       0x0000006e       0x6f ./src/cr_startup_lpc175x_6x.o
 .comment       0x0000006e       0x6f ./src/logica.o
 .comment       0x0000006e       0x6f ./src/teclado.o
 .comment       0x0000006e       0x6f C:\Users\nicoc\Documents\Electronica Digital III\LPCXpresso\LPCXpresso_8.2.2_650\workspace2\CMSISv2p00_LPC17xx\Debug\libCMSISv2p00_LPC17xx.a(system_LPC17xx.o)
 .comment       0x0000006e       0x6f C:\Users\nicoc\Documents\Electronica Digital III\LPCXpresso\LPCXpresso_8.2.2_650\workspace2\CMSISv2p00_LPC17xx\Debug\libCMSISv2p00_LPC17xx.a(lpc17xx_adc.o)
 .comment       0x0000006e       0x6f C:\Users\nicoc\Documents\Electronica Digital III\LPCXpresso\LPCXpresso_8.2.2_650\workspace2\CMSISv2p00_LPC17xx\Debug\libCMSISv2p00_LPC17xx.a(lpc17xx_clkpwr.o)
 .comment       0x0000006e       0x6f C:\Users\nicoc\Documents\Electronica Digital III\LPCXpresso\LPCXpresso_8.2.2_650\workspace2\CMSISv2p00_LPC17xx\Debug\libCMSISv2p00_LPC17xx.a(lpc17xx_gpio.o)
 .comment       0x0000006e       0x6f C:\Users\nicoc\Documents\Electronica Digital III\LPCXpresso\LPCXpresso_8.2.2_650\workspace2\CMSISv2p00_LPC17xx\Debug\libCMSISv2p00_LPC17xx.a(lpc17xx_libcfg_default.o)
 .comment       0x0000006e       0x6f C:\Users\nicoc\Documents\Electronica Digital III\LPCXpresso\LPCXpresso_8.2.2_650\workspace2\CMSISv2p00_LPC17xx\Debug\libCMSISv2p00_LPC17xx.a(lpc17xx_pinsel.o)
 .comment       0x0000006e       0x6f C:\Users\nicoc\Documents\Electronica Digital III\LPCXpresso\LPCXpresso_8.2.2_650\workspace2\CMSISv2p00_LPC17xx\Debug\libCMSISv2p00_LPC17xx.a(lpc17xx_systick.o)
 .comment       0x0000006e       0x6f C:\Users\nicoc\Documents\Electronica Digital III\LPCXpresso\LPCXpresso_8.2.2_650\workspace2\CMSISv2p00_LPC17xx\Debug\libCMSISv2p00_LPC17xx.a(lpc17xx_timer.o)
 .comment       0x0000006e       0x6f C:\Users\nicoc\Documents\Electronica Digital III\LPCXpresso\LPCXpresso_8.2.2_650\workspace2\CMSISv2p00_LPC17xx\Debug\libCMSISv2p00_LPC17xx.a(lpc17xx_uart.o)
 .comment       0x0000006e       0x6e c:/nxp/lpcxpresso_8.2.2_650/lpcxpresso/tools/bin/../lib/gcc/arm-none-eabi/5.4.1/../../../../arm-none-eabi/lib/armv7-m\libcr_c.a(__weak__main.o)
                                 0x6f (size before relaxing)
 .comment       0x000000dc       0x6f c:/nxp/lpcxpresso_8.2.2_650/lpcxpresso/tools/bin/../lib/gcc/arm-none-eabi/5.4.1/armv7-m\libcr_eabihelpers.a(float.o)

.ARM.attributes
                0x00000000       0x31
 .ARM.attributes
                0x00000000       0x33 ./src/GPIO.o
 .ARM.attributes
                0x00000033       0x33 ./src/Multiplex.o
 .ARM.attributes
                0x00000066       0x33 ./src/Pesaje.o
 .ARM.attributes
                0x00000099       0x33 ./src/TP_Final_0.0.1.o
 .ARM.attributes
                0x000000cc       0x33 ./src/Transmision.o
 .ARM.attributes
                0x000000ff       0x33 ./src/cr_startup_lpc175x_6x.o
 .ARM.attributes
                0x00000132       0x33 ./src/logica.o
 .ARM.attributes
                0x00000165       0x33 ./src/teclado.o
 .ARM.attributes
                0x00000198       0x33 C:\Users\nicoc\Documents\Electronica Digital III\LPCXpresso\LPCXpresso_8.2.2_650\workspace2\CMSISv2p00_LPC17xx\Debug\libCMSISv2p00_LPC17xx.a(system_LPC17xx.o)
 .ARM.attributes
                0x000001cb       0x33 C:\Users\nicoc\Documents\Electronica Digital III\LPCXpresso\LPCXpresso_8.2.2_650\workspace2\CMSISv2p00_LPC17xx\Debug\libCMSISv2p00_LPC17xx.a(lpc17xx_adc.o)
 .ARM.attributes
                0x000001fe       0x33 C:\Users\nicoc\Documents\Electronica Digital III\LPCXpresso\LPCXpresso_8.2.2_650\workspace2\CMSISv2p00_LPC17xx\Debug\libCMSISv2p00_LPC17xx.a(lpc17xx_clkpwr.o)
 .ARM.attributes
                0x00000231       0x33 C:\Users\nicoc\Documents\Electronica Digital III\LPCXpresso\LPCXpresso_8.2.2_650\workspace2\CMSISv2p00_LPC17xx\Debug\libCMSISv2p00_LPC17xx.a(lpc17xx_gpio.o)
 .ARM.attributes
                0x00000264       0x33 C:\Users\nicoc\Documents\Electronica Digital III\LPCXpresso\LPCXpresso_8.2.2_650\workspace2\CMSISv2p00_LPC17xx\Debug\libCMSISv2p00_LPC17xx.a(lpc17xx_libcfg_default.o)
 .ARM.attributes
                0x00000297       0x33 C:\Users\nicoc\Documents\Electronica Digital III\LPCXpresso\LPCXpresso_8.2.2_650\workspace2\CMSISv2p00_LPC17xx\Debug\libCMSISv2p00_LPC17xx.a(lpc17xx_pinsel.o)
 .ARM.attributes
                0x000002ca       0x33 C:\Users\nicoc\Documents\Electronica Digital III\LPCXpresso\LPCXpresso_8.2.2_650\workspace2\CMSISv2p00_LPC17xx\Debug\libCMSISv2p00_LPC17xx.a(lpc17xx_systick.o)
 .ARM.attributes
                0x000002fd       0x33 C:\Users\nicoc\Documents\Electronica Digital III\LPCXpresso\LPCXpresso_8.2.2_650\workspace2\CMSISv2p00_LPC17xx\Debug\libCMSISv2p00_LPC17xx.a(lpc17xx_timer.o)
 .ARM.attributes
                0x00000330       0x33 C:\Users\nicoc\Documents\Electronica Digital III\LPCXpresso\LPCXpresso_8.2.2_650\workspace2\CMSISv2p00_LPC17xx\Debug\libCMSISv2p00_LPC17xx.a(lpc17xx_uart.o)
 .ARM.attributes
                0x00000363       0x33 c:/nxp/lpcxpresso_8.2.2_650/lpcxpresso/tools/bin/../lib/gcc/arm-none-eabi/5.4.1/../../../../arm-none-eabi/lib/armv7-m\libcr_c.a(__weak__main.o)
 .ARM.attributes
                0x00000396       0x21 c:/nxp/lpcxpresso_8.2.2_650/lpcxpresso/tools/bin/../lib/gcc/arm-none-eabi/5.4.1/armv7-m\libcr_eabihelpers.a(division_64.o)
 .ARM.attributes
                0x000003b7       0x21 c:/nxp/lpcxpresso_8.2.2_650/lpcxpresso/tools/bin/../lib/gcc/arm-none-eabi/5.4.1/armv7-m\libcr_eabihelpers.a(division_idiv0.o)
 .ARM.attributes
                0x000003d8       0x33 c:/nxp/lpcxpresso_8.2.2_650/lpcxpresso/tools/bin/../lib/gcc/arm-none-eabi/5.4.1/armv7-m\libcr_eabihelpers.a(float.o)

.debug_frame    0x00000000     0x12d8
 .debug_frame   0x00000000       0x78 ./src/GPIO.o
 .debug_frame   0x00000078       0x9c ./src/Multiplex.o
 .debug_frame   0x00000114      0x11c ./src/Pesaje.o
 .debug_frame   0x00000230       0x2c ./src/TP_Final_0.0.1.o
 .debug_frame   0x0000025c       0xc8 ./src/Transmision.o
 .debug_frame   0x00000324      0x170 ./src/cr_startup_lpc175x_6x.o
 .debug_frame   0x00000494      0x358 ./src/logica.o
 .debug_frame   0x000007ec      0x13c ./src/teclado.o
 .debug_frame   0x00000928       0x3c C:\Users\nicoc\Documents\Electronica Digital III\LPCXpresso\LPCXpresso_8.2.2_650\workspace2\CMSISv2p00_LPC17xx\Debug\libCMSISv2p00_LPC17xx.a(system_LPC17xx.o)
 .debug_frame   0x00000964      0x16c C:\Users\nicoc\Documents\Electronica Digital III\LPCXpresso\LPCXpresso_8.2.2_650\workspace2\CMSISv2p00_LPC17xx\Debug\libCMSISv2p00_LPC17xx.a(lpc17xx_adc.o)
 .debug_frame   0x00000ad0       0xa8 C:\Users\nicoc\Documents\Electronica Digital III\LPCXpresso\LPCXpresso_8.2.2_650\workspace2\CMSISv2p00_LPC17xx\Debug\libCMSISv2p00_LPC17xx.a(lpc17xx_clkpwr.o)
 .debug_frame   0x00000b78      0x1c0 C:\Users\nicoc\Documents\Electronica Digital III\LPCXpresso\LPCXpresso_8.2.2_650\workspace2\CMSISv2p00_LPC17xx\Debug\libCMSISv2p00_LPC17xx.a(lpc17xx_gpio.o)
 .debug_frame   0x00000d38       0x20 C:\Users\nicoc\Documents\Electronica Digital III\LPCXpresso\LPCXpresso_8.2.2_650\workspace2\CMSISv2p00_LPC17xx\Debug\libCMSISv2p00_LPC17xx.a(lpc17xx_libcfg_default.o)
 .debug_frame   0x00000d58       0x4c C:\Users\nicoc\Documents\Electronica Digital III\LPCXpresso\LPCXpresso_8.2.2_650\workspace2\CMSISv2p00_LPC17xx\Debug\libCMSISv2p00_LPC17xx.a(lpc17xx_pinsel.o)
 .debug_frame   0x00000da4       0x98 C:\Users\nicoc\Documents\Electronica Digital III\LPCXpresso\LPCXpresso_8.2.2_650\workspace2\CMSISv2p00_LPC17xx\Debug\libCMSISv2p00_LPC17xx.a(lpc17xx_systick.o)
 .debug_frame   0x00000e3c      0x170 C:\Users\nicoc\Documents\Electronica Digital III\LPCXpresso\LPCXpresso_8.2.2_650\workspace2\CMSISv2p00_LPC17xx\Debug\libCMSISv2p00_LPC17xx.a(lpc17xx_timer.o)
 .debug_frame   0x00000fac      0x32c C:\Users\nicoc\Documents\Electronica Digital III\LPCXpresso\LPCXpresso_8.2.2_650\workspace2\CMSISv2p00_LPC17xx\Debug\libCMSISv2p00_LPC17xx.a(lpc17xx_uart.o)

.debug_loc      0x00000000     0x2a13
 .debug_loc     0x00000000      0x4f7 C:\Users\nicoc\Documents\Electronica Digital III\LPCXpresso\LPCXpresso_8.2.2_650\workspace2\CMSISv2p00_LPC17xx\Debug\libCMSISv2p00_LPC17xx.a(lpc17xx_adc.o)
 .debug_loc     0x000004f7      0x1a9 C:\Users\nicoc\Documents\Electronica Digital III\LPCXpresso\LPCXpresso_8.2.2_650\workspace2\CMSISv2p00_LPC17xx\Debug\libCMSISv2p00_LPC17xx.a(lpc17xx_clkpwr.o)
 .debug_loc     0x000006a0      0x76a C:\Users\nicoc\Documents\Electronica Digital III\LPCXpresso\LPCXpresso_8.2.2_650\workspace2\CMSISv2p00_LPC17xx\Debug\libCMSISv2p00_LPC17xx.a(lpc17xx_gpio.o)
 .debug_loc     0x00000e0a      0x15c C:\Users\nicoc\Documents\Electronica Digital III\LPCXpresso\LPCXpresso_8.2.2_650\workspace2\CMSISv2p00_LPC17xx\Debug\libCMSISv2p00_LPC17xx.a(lpc17xx_pinsel.o)
 .debug_loc     0x00000f66      0x175 C:\Users\nicoc\Documents\Electronica Digital III\LPCXpresso\LPCXpresso_8.2.2_650\workspace2\CMSISv2p00_LPC17xx\Debug\libCMSISv2p00_LPC17xx.a(lpc17xx_systick.o)
 .debug_loc     0x000010db      0x698 C:\Users\nicoc\Documents\Electronica Digital III\LPCXpresso\LPCXpresso_8.2.2_650\workspace2\CMSISv2p00_LPC17xx\Debug\libCMSISv2p00_LPC17xx.a(lpc17xx_timer.o)
 .debug_loc     0x00001773     0x12a0 C:\Users\nicoc\Documents\Electronica Digital III\LPCXpresso\LPCXpresso_8.2.2_650\workspace2\CMSISv2p00_LPC17xx\Debug\libCMSISv2p00_LPC17xx.a(lpc17xx_uart.o)
